89.211.33.106 - - [14/Dec/2006:00:00:00 -0800] "GET /promo/images/go_button.gif HTTP/1.1" 200 186 "http://www.yellowpages.com/" "Mozilla/4.0 (compatible; MSIE 6.0; Windows NT 5.1; SV1; InfoPath.1; .NET CLR 1.1.4322; .NET CLR 2.0.50727)" hm 454
89.211.33.106 - - [14/Dec/2006:00:00:00 -0800] "GET /promo/images/space.gif HTTP/1.1" 200 44 "http://www.yellowpages.com/" "Mozilla/4.0 (compatible; MSIE 6.0; Windows NT 5.1; SV1; InfoPath.1; .NET CLR 1.1.4322; .NET CLR 2.0.50727)" hm 468
89.211.33.106 - - [14/Dec/2006:00:00:01 -0800] "GET /promo/images/button1_off.gif HTTP/1.1" 200 439 "http://www.yellowpages.com/" "Mozilla/4.0 (compatible; MSIE 6.0; Windows NT 5.1; SV1; InfoPath.1; .NET CLR 1.1.4322; .NET CLR 2.0.50727)" hm 553
75.34.170.245 - - [14/Dec/2006:00:00:01 -0800] "GET /promo/images/intro_black.jpg HTTP/1.1" 200 9683 "http://www.yellowpages.com/?domain=sp" "Mozilla/4.0 (compatible; MSIE 6.0; Windows NT 5.1; SV1; YPC 3.2.0; .NET CLR 1.1.4322; yplus 5.1.02b)" hm 556
219.37.192.115 - - [14/Dec/2006:00:00:00 -0800] "GET /displaygif/sbc/43/927343.jpg HTTP/1.1" 200 82805 "http://www.yellowpages.com/sp/yellowpages/ypresults.jsp?t=0&v=4&s=1&q=records&st=WI&_requestid=396525" "Mozilla/4.0 (compatible; MSIE 6.0; Windows NT 5.1; SV1; .NET CLR 1.1.4322)" mi 826166
89.211.33.106 - - [14/Dec/2006:00:00:01 -0800] "GET /promo/images/button3_off.gif HTTP/1.1" 200 577 "http://www.yellowpages.com/" "Mozilla/4.0 (compatible; MSIE 6.0; Windows NT 5.1; SV1; InfoPath.1; .NET CLR 1.1.4322; .NET CLR 2.0.50727)" hm 417
89.211.33.106 - - [14/Dec/2006:00:00:01 -0800] "GET /promo/images2/spacer_right.gif HTTP/1.1" 200 1654 "http://www.yellowpages.com/" "Mozilla/4.0 (compatible; MSIE 6.0; Windows NT 5.1; SV1; InfoPath.1; .NET CLR 1.1.4322; .NET CLR 2.0.50727)" hm 474
89.211.33.106 - - [14/Dec/2006:00:00:02 -0800] "GET /promo/images/intro_image.jpg HTTP/1.1" 200 28880 "http://www.yellowpages.com/" "Mozilla/4.0 (compatible; MSIE 6.0; Windows NT 5.1; SV1; InfoPath.1; .NET CLR 1.1.4322; .NET CLR 2.0.50727)" hm 494
71.134.230.59 - - [14/Dec/2006:00:00:02 -0800] "GET /maps/dashboard/compass_bird.gif HTTP/1.1" 200 2364 "http://www.yellowpages.com/sp/moreinfo/index.jsp?id=21002170&q=main%20machine" "Mozilla/4.0 (compatible; MSIE 6.0; Windows NT 5.0)" hm 440
71.134.230.59 - - [14/Dec/2006:00:00:02 -0800] "GET /maps/dashboard/btn_road_off.gif HTTP/1.1" 200 1320 "http://www.yellowpages.com/sp/moreinfo/index.jsp?id=21002170&q=main%20machine" "Mozilla/4.0 (compatible; MSIE 6.0; Windows NT 5.0)" hm 466
71.134.230.59 - - [14/Dec/2006:00:00:03 -0800] "GET /maps/dashboard/btn_bird_off.gif HTTP/1.1" 200 1467 "http://www.yellowpages.com/sp/moreinfo/index.jsp?id=21002170&q=main%20machine" "Mozilla/4.0 (compatible; MSIE 6.0; Windows NT 5.0)" hm 552
71.134.230.59 - - [14/Dec/2006:00:00:03 -0800] "GET /maps/dashboard/slider.gif HTTP/1.1" 200 193 "http://www.yellowpages.com/sp/moreinfo/index.jsp?id=21002170&q=main%20machine" "Mozilla/4.0 (compatible; MSIE 6.0; Windows NT 5.0)" hm 452
71.134.230.59 - - [14/Dec/2006:00:00:03 -0800] "GET /maps/dashboard/area.gif HTTP/1.1" 200 161 "http://www.yellowpages.com/sp/moreinfo/index.jsp?id=21002170&q=main%20machine" "Mozilla/4.0 (compatible; MSIE 6.0; Windows NT 5.0)" hm 445
71.134.230.59 - - [14/Dec/2006:00:00:03 -0800] "GET /maps/dashboard/street.gif HTTP/1.1" 200 188 "http://www.yellowpages.com/sp/moreinfo/index.jsp?id=21002170&q=main%20machine" "Mozilla/4.0 (compatible; MSIE 6.0; Windows NT 5.0)" hm 481
71.134.230.59 - - [14/Dec/2006:00:00:03 -0800] "GET /maps/dashboard/state.gif HTTP/1.1" 200 178 "http://www.yellowpages.com/sp/moreinfo/index.jsp?id=21002170&q=main%20machine" "Mozilla/4.0 (compatible; MSIE 6.0; Windows NT 5.0)" hm 423
71.134.230.59 - - [14/Dec/2006:00:00:03 -0800] "GET /maps/dashboard/yplogo.gif HTTP/1.1" 200 1191 "http://www.yellowpages.com/sp/moreinfo/index.jsp?id=21002170&q=main%20machine" "Mozilla/4.0 (compatible; MSIE 6.0; Windows NT 5.0)" hm 435
210.8.150.249 - - [14/Dec/2006:00:00:03 -0800] "GET /shared/space.gif HTTP/1.1" 200 69 "http://www.yellowpages.com/" "Mozilla/4.0 (compatible; MSIE 6.0; Windows NT 5.1; SV1; .NET CLR 1.1.4322)" hm 435
89.211.33.106 - - [14/Dec/2006:00:00:05 -0800] "GET /shared/YP_smlogo.gif HTTP/1.1" 200 2326 "http://www.yellowpages.com/Houston_TX;jsessionid=1MNN0TZLHJNYPQFI21HRNWQ" "Mozilla/4.0 (compatible; MSIE 6.0; Windows NT 5.1; SV1; InfoPath.1; .NET CLR 1.1.4322; .NET CLR 2.0.50727)" hm 473
89.211.33.106 - - [14/Dec/2006:00:00:05 -0800] "GET /yellowpages/header_yp.gif HTTP/1.1" 200 1347 "http://www.yellowpages.com/Houston_TX;jsessionid=1MNN0TZLHJNYPQFI21HRNWQ" "Mozilla/4.0 (compatible; MSIE 6.0; Windows NT 5.1; SV1; InfoPath.1; .NET CLR 1.1.4322; .NET CLR 2.0.50727)" hm 448
89.211.33.106 - - [14/Dec/2006:00:00:06 -0800] "GET /shared/logo_footeratt.gif HTTP/1.1" 200 2425 "http://www.yellowpages.com/Houston_TX;jsessionid=1MNN0TZLHJNYPQFI21HRNWQ" "Mozilla/4.0 (compatible; MSIE 6.0; Windows NT 5.1; SV1; InfoPath.1; .NET CLR 1.1.4322; .NET CLR 2.0.50727)" hm 480
71.106.236.179 - - [14/Dec/2006:00:00:06 -0800] "GET /shared/space.gif HTTP/1.1" 200 69 "http://www.yellowpages.com/sp/yellowpages/ypresults.jsp;jsessionid=05CCAWBLJIMU3QFI4A1A4CQ?t=0&v=3&s=4&p=1&q=hotels&ci=garland&st=TX" "Mozilla/5.0 (Macintosh; U; PPC Mac OS X; en) AppleWebKit/418.9.1 (KHTML, like Gecko) Safari/419.3" hm 441
24.104.98.2 - - [14/Dec/2006:00:00:06 -0800] "GET /shared/question_mrk.gif HTTP/1.1" 200 230 "http://www.yellowpages.com/sp/yellowpages/ypresults.jsp;jsessionid=JSP2DJC2FTNGHQFI21GRNWQ?t=0&v=2&s=1&q=Round+the+clock+diner&ci=York&st=PA&_requestid=391849" "Mozilla/4.0 (compatible; MSIE 7.0; Windows NT 5.1; .NET CLR 1.1.4322; .NET CLR 2.0.50727)" hm 421
71.106.236.179 - - [14/Dec/2006:00:00:06 -0800] "GET /shared/nav/icon_helpOff.gif HTTP/1.1" 200 392 "http://www.yellowpages.com/sp/yellowpages/ypresults.jsp;jsessionid=05CCAWBLJIMU3QFI4A1A4CQ?t=0&v=3&s=4&p=1&q=hotels&ci=garland&st=TX" "Mozilla/5.0 (Macintosh; U; PPC Mac OS X; en) AppleWebKit/418.9.1 (KHTML, like Gecko) Safari/419.3" hm 460
209.222.2.2 - - [14/Dec/2006:00:00:06 -0800] "GET /yellowpages/viewtabs2/mid_off_on.gif HTTP/1.1" 200 420 "http://www.yellowpages.com/sp/yellowpages/ypresults.jsp;jsessionid=JSP2DJC2FTNGHQFI21GRNWQ?t=0&v=2&s=1&q=Round+the+clock+diner&ci=York&st=PA&_requestid=391849" "Mozilla/4.0 (compatible; MSIE 7.0; Windows NT 5.1; .NET CLR 1.1.4322; .NET CLR 2.0.50727)" hm 488
24.104.98.2 - - [14/Dec/2006:00:00:06 -0800] "GET /yellowpages/viewtabs2/bg_line.gif HTTP/1.1" 200 53 "http://www.yellowpages.com/sp/yellowpages/ypresults.jsp;jsessionid=JSP2DJC2FTNGHQFI21GRNWQ?t=0&v=2&s=1&q=Round+the+clock+diner&ci=York&st=PA&_requestid=391849" "Mozilla/4.0 (compatible; MSIE 7.0; Windows NT 5.1; .NET CLR 1.1.4322; .NET CLR 2.0.50727)" hm 425
71.106.236.179 - - [14/Dec/2006:00:00:06 -0800] "GET /yellowpages/viewtabs2/left_on.gif HTTP/1.1" 200 196 "http://www.yellowpages.com/sp/yellowpages/ypresults.jsp;jsessionid=05CCAWBLJIMU3QFI4A1A4CQ?t=0&v=3&s=4&p=1&q=hotels&ci=garland&st=TX" "Mozilla/5.0 (Macintosh; U; PPC Mac OS X; en) AppleWebKit/418.9.1 (KHTML, like Gecko) Safari/419.3" hm 488
71.106.236.179 - - [14/Dec/2006:00:00:06 -0800] "GET /yellowpages/viewtabs2/mid_off_off.gif HTTP/1.1" 200 658 "http://www.yellowpages.com/sp/yellowpages/ypresults.jsp;jsessionid=05CCAWBLJIMU3QFI4A1A4CQ?t=0&v=3&s=4&p=1&q=hotels&ci=garland&st=TX" "Mozilla/5.0 (Macintosh; U; PPC Mac OS X; en) AppleWebKit/418.9.1 (KHTML, like Gecko) Safari/419.3" hm 426
209.222.2.2 - - [14/Dec/2006:00:00:06 -0800] "GET /shared/pagination/arrow_prev_off.gif HTTP/1.1" 200 62 "http://www.yellowpages.com/sp/yellowpages/ypresults.jsp;jsessionid=JSP2DJC2FTNGHQFI21GRNWQ?t=0&v=2&s=1&q=Round+the+clock+diner&ci=York&st=PA&_requestid=391849" "Mozilla/4.0 (compatible; MSIE 7.0; Windows NT 5.1; .NET CLR 1.1.4322; .NET CLR 2.0.50727)" hm 400
24.104.98.2 - - [14/Dec/2006:00:00:06 -0800] "GET /shared/pagination/arrow_next_dub_off.gif HTTP/1.1" 200 70 "http://www.yellowpages.com/sp/yellowpages/ypresults.jsp;jsessionid=JSP2DJC2FTNGHQFI21GRNWQ?t=0&v=2&s=1&q=Round+the+clock+diner&ci=York&st=PA&_requestid=391849" "Mozilla/4.0 (compatible; MSIE 7.0; Windows NT 5.1; .NET CLR 1.1.4322; .NET CLR 2.0.50727)" hm 426
71.106.236.179 - - [14/Dec/2006:00:00:11 -0800] "GET /yellowpages/catVal_topLine HTTP/1.1" 200 43 "http://www.yellowpages.com/sp/yellowpages/ypresults.jsp;jsessionid=05CCAWBLJIMU3QFI4A1A4CQ?t=0&v=3&s=4&p=1&q=hotels&ci=garland&st=TX" "Mozilla/5.0 (Macintosh; U; PPC Mac OS X; en) AppleWebKit/418.9.1 (KHTML, like Gecko) Safari/419.3" pr 19294
71.106.236.179 - - [14/Dec/2006:00:00:11 -0800] "GET /shared/pagination/arrow_next_dub_off.gif HTTP/1.1" 200 70 "http://www.yellowpages.com/sp/yellowpages/ypresults.jsp;jsessionid=05CCAWBLJIMU3QFI4A1A4CQ?t=0&v=3&s=4&p=1&q=hotels&ci=garland&st=TX" "Mozilla/5.0 (Macintosh; U; PPC Mac OS X; en) AppleWebKit/418.9.1 (KHTML, like Gecko) Safari/419.3" hm 518
71.106.236.179 - - [14/Dec/2006:00:00:11 -0800] "GET /yellowpages/icon_c2cPhone.gif HTTP/1.1" 200 195 "http://www.yellowpages.com/sp/yellowpages/ypresults.jsp;jsessionid=05CCAWBLJIMU3QFI4A1A4CQ?t=0&v=3&s=4&p=1&q=hotels&ci=garland&st=TX" "Mozilla/5.0 (Macintosh; U; PPC Mac OS X; en) AppleWebKit/418.9.1 (KHTML, like Gecko) Safari/419.3" hm 441
71.106.236.179 - - [14/Dec/2006:00:00:11 -0800] "GET /yellowpages/btn_more_info2.gif HTTP/1.1" 200 899 "http://www.yellowpages.com/sp/yellowpages/ypresults.jsp;jsessionid=05CCAWBLJIMU3QFI4A1A4CQ?t=0&v=3&s=4&p=1&q=hotels&ci=garland&st=TX" "Mozilla/5.0 (Macintosh; U; PPC Mac OS X; en) AppleWebKit/418.9.1 (KHTML, like Gecko) Safari/419.3" hm 450
71.106.236.179 - - [14/Dec/2006:00:00:11 -0800] "GET /shared/space.gif HTTP/1.1" 200 69 "http://www.yellowpages.com/sp/yellowpages/ypresults.jsp;jsessionid=05CCAWBLJIMU3QFI4A1A4CQ?t=0&v=3&s=4&p=1&q=hotels&ci=garland&st=TX" "Mozilla/5.0 (Macintosh; U; PPC Mac OS X; en) AppleWebKit/418.9.1 (KHTML, like Gecko) Safari/419.3" hm 441
89.211.33.106 - - [14/Dec/2006:00:00:13 -0800] "GET /mysp/SP_01_A_v1-2_QuestionMrk.gif HTTP/1.1" 200 229 "http://www.yellowpages.com/Houston_TX/Banks" "Mozilla/4.0 (compatible; MSIE 6.0; Windows NT 5.1; SV1; InfoPath.1; .NET CLR 1.1.4322; .NET CLR 2.0.50727)" hm 482
89.211.33.106 - - [14/Dec/2006:00:00:13 -0800] "GET /displayswf/ypc/MN/44/MN11171744.swf?purl=/sp/yellowpages/getypclick.jsp%3Fid%3D44197414%26q%3DBanks%26searchId%3D0%26impressionId%3D4%26linkType%3D19%26listingId%3D44197414%26ci%3DHouston%26zp%3D%26st%3DTX HTTP/1.1" 200 2187 "-" "Mozilla/4.0 (compatible; MSIE 6.0; Windows NT 5.1; SV1; InfoPath.1; .NET CLR 1.1.4322; .NET CLR 2.0.50727)" hm 439
89.211.33.106 - - [14/Dec/2006:00:00:14 -0800] "GET /yellowpages/viewtabs2/mid_off_off.gif HTTP/1.1" 200 658 "http://www.yellowpages.com/Houston_TX/Banks" "Mozilla/4.0 (compatible; MSIE 6.0; Windows NT 5.1; SV1; InfoPath.1; .NET CLR 1.1.4322; .NET CLR 2.0.50727)" hm 464
89.211.33.106 - - [14/Dec/2006:00:00:14 -0800] "GET /displayswf/ypc/OH/65/OH11234765.swf?purl=/sp/yellowpages/getypclick.jsp%3Fid%3D63944601%26q%3DBanks%26searchId%3D0%26impressionId%3D6%26linkType%3D19%26listingId%3D63944601%26ci%3DHouston%26zp%3D%26st%3DTX HTTP/1.1" 200 4089 "-" "Mozilla/4.0 (compatible; MSIE 6.0; Windows NT 5.1; SV1; InfoPath.1; .NET CLR 1.1.4322; .NET CLR 2.0.50727)" hd 644
24.7.179.47 - - [14/Dec/2006:00:00:14 -0800] "GET /yellowpages/icon_catVal.gif HTTP/1.1" 200 676 "http://www.yellowpages.com/sp/yellowpages/invalidgeo.jsp?t=1&q=Flowers&ad=1695+arden+way&ci=&r=5&st=&_requestid=391864" "Mozilla/4.0 (compatible; MSIE 6.0; Windows NT 5.1; SV1; .NET CLR 2.0.50727; .NET CLR 1.1.4322)" hm 447
68.126.143.237 - - [14/Dec/2006:00:00:14 -0800] "GET /shared/yellowpages_logo2.gif HTTP/1.1" 200 2543 "http://www.yellowpages.com/" "Mozilla/4.0 (compatible; MSIE 6.0; Windows NT 5.1; SV1; .NET CLR 1.1.4322; .NET CLR 2.0.50727)" hm 413
89.211.33.106 - - [14/Dec/2006:00:00:14 -0800] "GET /displayswf/ypc/CA/80/CA11193580.swf?purl=/sp/yellowpages/getypclick.jsp%3Fid%3D46421060%26q%3DBanks%26searchId%3D0%26impressionId%3D8%26linkType%3D19%26listingId%3D46421060%26ci%3DHouston%26zp%3D%26st%3DTX HTTP/1.1" 200 6629 "-" "Mozilla/4.0 (compatible; MSIE 6.0; Windows NT 5.1; SV1; InfoPath.1; .NET CLR 1.1.4322; .NET CLR 2.0.50727)" hm 480
89.211.33.106 - - [14/Dec/2006:00:00:15 -0800] "GET /displayswf/ypc/TX/67/TX498667.swf?purl=/sp/yellowpages/getypclick.jsp%3Fid%3D19573850%26q%3DBanks%26searchId%3D0%26impressionId%3D9%26linkType%3D19%26listingId%3D19573850%26ci%3DHouston%26zp%3D%26st%3DTX HTTP/1.1" 200 4928 "-" "Mozilla/4.0 (compatible; MSIE 6.0; Windows NT 5.1; SV1; InfoPath.1; .NET CLR 1.1.4322; .NET CLR 2.0.50727)" mi 20670
89.211.33.106 - - [14/Dec/2006:00:00:16 -0800] "GET /displayswf/ypc/CA/24/CA15624.swf?purl=/sp/yellowpages/getypclick.jsp%3Fid%3D28820692%26q%3DBanks%26searchId%3D0%26impressionId%3D11%26linkType%3D19%26listingId%3D28820692%26ci%3DHouston%26zp%3D%26st%3DTX HTTP/1.1" 200 6667 "-" "Mozilla/4.0 (compatible; MSIE 6.0; Windows NT 5.1; SV1; InfoPath.1; .NET CLR 1.1.4322; .NET CLR 2.0.50727)" mi 16507
89.211.33.106 - - [14/Dec/2006:00:00:16 -0800] "GET /displayswf/sbc/TX/38/TX936838.swf?purl=/sp/yellowpages/getypclick.jsp%3Fid%3D68092449%26q%3DBanks%26searchId%3D0%26impressionId%3D13%26linkType%3D19%26listingId%3D68092449%26ci%3DHouston%26zp%3D%26st%3DTX HTTP/1.1" 200 9327 "-" "Mozilla/4.0 (compatible; MSIE 6.0; Windows NT 5.1; SV1; InfoPath.1; .NET CLR 1.1.4322; .NET CLR 2.0.50727)" mi 11926
89.211.33.106 - - [14/Dec/2006:00:00:17 -0800] "GET /displayswf/sbc/TX/26/TX831326.swf?purl=/sp/yellowpages/getypclick.jsp%3Fid%3D45548478%26q%3DBanks%26searchId%3D0%26impressionId%3D16%26linkType%3D19%26listingId%3D45548478%26ci%3DHouston%26zp%3D%26st%3DTX HTTP/1.1" 200 8033 "-" "Mozilla/4.0 (compatible; MSIE 6.0; Windows NT 5.1; SV1; InfoPath.1; .NET CLR 1.1.4322; .NET CLR 2.0.50727)" mi 12577
68.126.143.237 - - [14/Dec/2006:00:00:17 -0800] "GET /shared/nav/icon_helpOver.gif HTTP/1.1" 200 604 "http://www.yellowpages.com/" "Mozilla/4.0 (compatible; MSIE 6.0; Windows NT 5.1; SV1; .NET CLR 1.1.4322; .NET CLR 2.0.50727)" hm 488
68.126.143.237 - - [14/Dec/2006:00:00:18 -0800] "GET /homepage/top_box.gif HTTP/1.1" 200 1592 "http://www.yellowpages.com/" "Mozilla/4.0 (compatible; MSIE 6.0; Windows NT 5.1; SV1; .NET CLR 1.1.4322; .NET CLR 2.0.50727)" hm 460
89.211.33.106 - - [14/Dec/2006:00:00:18 -0800] "GET /displayswf/sbc/TX/92/TX912092.swf?purl=/sp/yellowpages/getypclick.jsp%3Fid%3D58590988%26q%3DBanks%26searchId%3D0%26impressionId%3D18%26linkType%3D19%26listingId%3D58590988%26ci%3DHouston%26zp%3D%26st%3DTX HTTP/1.1" 200 4651 "-" "Mozilla/4.0 (compatible; MSIE 6.0; Windows NT 5.1; SV1; InfoPath.1; .NET CLR 1.1.4322; .NET CLR 2.0.50727)" mi 77568
89.211.33.106 - - [14/Dec/2006:00:00:18 -0800] "GET /yellowpages/yp_map_location.gif HTTP/1.1" 200 2879 "http://www.yellowpages.com/Houston_TX/Banks" "Mozilla/4.0 (compatible; MSIE 6.0; Windows NT 5.1; SV1; InfoPath.1; .NET CLR 1.1.4322; .NET CLR 2.0.50727)" hm 493
89.211.33.106 - - [14/Dec/2006:00:00:19 -0800] "GET /yellowpages/viewtabs2/bg_off.gif HTTP/1.1" 200 194 "http://www.yellowpages.com/Houston_TX/Banks" "Mozilla/4.0 (compatible; MSIE 6.0; Windows NT 5.1; SV1; InfoPath.1; .NET CLR 1.1.4322; .NET CLR 2.0.50727)" hm 558
89.211.33.106 - - [14/Dec/2006:00:00:19 -0800] "GET /shared/pagination/arrow_prev_dub_off.gif HTTP/1.1" 200 69 "http://www.yellowpages.com/Houston_TX/Banks" "Mozilla/4.0 (compatible; MSIE 6.0; Windows NT 5.1; SV1; InfoPath.1; .NET CLR 1.1.4322; .NET CLR 2.0.50727)" hm 475
89.211.33.106 - - [14/Dec/2006:00:00:20 -0800] "GET /shared/pagination/arrow_prev_off.gif HTTP/1.1" 200 62 "http://www.yellowpages.com/Houston_TX/Banks" "Mozilla/4.0 (compatible; MSIE 6.0; Windows NT 5.1; SV1; InfoPath.1; .NET CLR 1.1.4322; .NET CLR 2.0.50727)" hm 528
89.211.33.106 - - [14/Dec/2006:00:00:20 -0800] "GET /yellowpages/hdr_featured_businesses2.gif HTTP/1.1" 200 604 "http://www.yellowpages.com/Houston_TX/Banks" "Mozilla/4.0 (compatible; MSIE 6.0; Windows NT 5.1; SV1; InfoPath.1; .NET CLR 1.1.4322; .NET CLR 2.0.50727)" hm 432
89.211.33.106 - - [14/Dec/2006:00:00:20 -0800] "GET /ilhf_temp/ypc/11148953.gif HTTP/1.1" 200 3007 "http://www.yellowpages.com/Houston_TX/Banks" "Mozilla/4.0 (compatible; MSIE 6.0; Windows NT 5.1; SV1; InfoPath.1; .NET CLR 1.1.4322; .NET CLR 2.0.50727)" hm 478
89.211.33.106 - - [14/Dec/2006:00:00:21 -0800] "GET /ilhf_temp/ypc/11193580.GIF HTTP/1.1" 200 3311 "http://www.yellowpages.com/Houston_TX/Banks" "Mozilla/4.0 (compatible; MSIE 6.0; Windows NT 5.1; SV1; InfoPath.1; .NET CLR 1.1.4322; .NET CLR 2.0.50727)" mi 14354
68.126.143.237 - - [14/Dec/2006:00:00:21 -0800] "GET /homepage/bg_searchbox.gif HTTP/1.1" 200 410 "http://www.yellowpages.com/" "Mozilla/4.0 (compatible; MSIE 6.0; Windows NT 5.1; SV1; .NET CLR 1.1.4322; .NET CLR 2.0.50727)" hm 458
68.126.143.237 - - [14/Dec/2006:00:00:21 -0800] "GET /promo/images2/spacer_top.gif HTTP/1.1" 200 1581 "http://www.yellowpages.com/" "Mozilla/4.0 (compatible; MSIE 6.0; Windows NT 5.1; SV1; .NET CLR 1.1.4322; .NET CLR 2.0.50727)" hm 400
68.126.143.237 - - [14/Dec/2006:00:00:22 -0800] "GET /promo/images/intro_black.jpg HTTP/1.1" 200 9683 "http://www.yellowpages.com/" "Mozilla/4.0 (compatible; MSIE 6.0; Windows NT 5.1; SV1; .NET CLR 1.1.4322; .NET CLR 2.0.50727)" hm 419
89.211.33.106 - - [14/Dec/2006:00:00:22 -0800] "GET /yellowpages/btn_website2.gif HTTP/1.1" 200 886 "http://www.yellowpages.com/Houston_TX/Banks" "Mozilla/4.0 (compatible; MSIE 6.0; Windows NT 5.1; SV1; InfoPath.1; .NET CLR 1.1.4322; .NET CLR 2.0.50727)" hm 439
89.211.33.106 - - [14/Dec/2006:00:00:22 -0800] "GET /yellowpages/btn_yp2.gif HTTP/1.1" 200 1135 "http://www.yellowpages.com/Houston_TX/Banks" "Mozilla/4.0 (compatible; MSIE 6.0; Windows NT 5.1; SV1; InfoPath.1; .NET CLR 1.1.4322; .NET CLR 2.0.50727)" hm 485
68.126.143.237 - - [14/Dec/2006:00:00:22 -0800] "GET /promo/images/go_button.gif HTTP/1.1" 200 186 "http://www.yellowpages.com/" "Mozilla/4.0 (compatible; MSIE 6.0; Windows NT 5.1; SV1; .NET CLR 1.1.4322; .NET CLR 2.0.50727)" hm 411
68.126.143.237 - - [14/Dec/2006:00:00:22 -0800] "GET /promo/images/space.gif HTTP/1.1" 200 44 "http://www.yellowpages.com/" "Mozilla/4.0 (compatible; MSIE 6.0; Windows NT 5.1; SV1; .NET CLR 1.1.4322; .NET CLR 2.0.50727)" hm 409
68.126.143.237 - - [14/Dec/2006:00:00:22 -0800] "GET /promo/images/button1_off.gif HTTP/1.1" 200 439 "http://www.yellowpages.com/" "Mozilla/4.0 (compatible; MSIE 6.0; Windows NT 5.1; SV1; .NET CLR 1.1.4322; .NET CLR 2.0.50727)" hm 376
68.126.143.237 - - [14/Dec/2006:00:00:22 -0800] "GET /promo/images/button2_off.gif HTTP/1.1" 200 504 "http://www.yellowpages.com/" "Mozilla/4.0 (compatible; MSIE 6.0; Windows NT 5.1; SV1; .NET CLR 1.1.4322; .NET CLR 2.0.50727)" hm 406
68.126.143.237 - - [14/Dec/2006:00:00:22 -0800] "GET /promo/images/button3_off.gif HTTP/1.1" 200 577 "http://www.yellowpages.com/" "Mozilla/4.0 (compatible; MSIE 6.0; Windows NT 5.1; SV1; .NET CLR 1.1.4322; .NET CLR 2.0.50727)" hm 393
68.126.143.237 - - [14/Dec/2006:00:00:22 -0800] "GET /promo/images/button4_off.gif HTTP/1.1" 200 430 "http://www.yellowpages.com/" "Mozilla/4.0 (compatible; MSIE 6.0; Windows NT 5.1; SV1; .NET CLR 1.1.4322; .NET CLR 2.0.50727)" hm 410
68.126.143.237 - - [14/Dec/2006:00:00:22 -0800] "GET /promo/images2/spacer_right.gif HTTP/1.1" 200 1654 "http://www.yellowpages.com/" "Mozilla/4.0 (compatible; MSIE 6.0; Windows NT 5.1; SV1; .NET CLR 1.1.4322; .NET CLR 2.0.50727)" hm 468
89.211.33.106 - - [14/Dec/2006:00:00:23 -0800] "GET /displaygif/sbc/65/948165.jpg HTTP/1.1" 200 84836 "http://www.yellowpages.com/Houston_TX/Banks" "Mozilla/4.0 (compatible; MSIE 6.0; Windows NT 5.1; SV1; InfoPath.1; .NET CLR 1.1.4322; .NET CLR 2.0.50727)" mi 108252
71.109.231.232 - - [14/Dec/2006:00:00:23 -0800] "GET /shared/space.gif HTTP/1.1" 200 69 "http://www.yellowpages.com/" "Mozilla/5.0 (Windows; U; Windows NT 5.1; en-US; rv:1.8.0.8) Gecko/20061025 Firefox/1.5.0.8" hm 520
71.109.231.232 - - [14/Dec/2006:00:00:23 -0800] "GET /shared/nav/icon_helpOff.gif HTTP/1.1" 200 392 "http://www.yellowpages.com/" "Mozilla/5.0 (Windows; U; Windows NT 5.1; en-US; rv:1.8.0.8) Gecko/20061025 Firefox/1.5.0.8" hm 440
71.109.231.232 - - [14/Dec/2006:00:00:23 -0800] "GET /homepage/top_box.gif HTTP/1.1" 200 1592 "http://www.yellowpages.com/" "Mozilla/5.0 (Windows; U; Windows NT 5.1; en-US; rv:1.8.0.8) Gecko/20061025 Firefox/1.5.0.8" hm 430
71.109.231.232 - - [14/Dec/2006:00:00:23 -0800] "GET /homepage/hp_search.gif HTTP/1.1" 200 1677 "http://www.yellowpages.com/" "Mozilla/5.0 (Windows; U; Windows NT 5.1; en-US; rv:1.8.0.8) Gecko/20061025 Firefox/1.5.0.8" hm 476
71.109.231.232 - - [14/Dec/2006:00:00:23 -0800] "GET /promo/images2/spacer_top.gif HTTP/1.1" 200 1581 "http://www.yellowpages.com/" "Mozilla/5.0 (Windows; U; Windows NT 5.1; en-US; rv:1.8.0.8) Gecko/20061025 Firefox/1.5.0.8" hm 527
71.109.231.232 - - [14/Dec/2006:00:00:23 -0800] "GET /promo/images/go_button.gif HTTP/1.1" 200 186 "http://www.yellowpages.com/" "Mozilla/5.0 (Windows; U; Windows NT 5.1; en-US; rv:1.8.0.8) Gecko/20061025 Firefox/1.5.0.8" hm 432
71.106.236.179 - - [14/Dec/2006:00:00:24 -0800] "GET /displaygif/bls/do/_g/donaldgriffinmd_g.gif HTTP/1.1" 200 7212 "http://www.yellowpages.com/sp/yellowpages/ypresults.jsp?t=0&v=2&s=1&q=griffin&ci=Nashville&st=TN&_requestid=498097" "Mozilla/5.0 (Macintosh; U; PPC Mac OS X; en) AppleWebKit/418.9.1 (KHTML, like Gecko) Safari/419.3" mi 43014
71.109.231.232 - - [14/Dec/2006:00:00:24 -0800] "GET /promo/images/button1_off.gif HTTP/1.1" 200 439 "http://www.yellowpages.com/" "Mozilla/5.0 (Windows; U; Windows NT 5.1; en-US; rv:1.8.0.8) Gecko/20061025 Firefox/1.5.0.8" hm 549
71.109.231.232 - - [14/Dec/2006:00:00:24 -0800] "GET /promo/images/button3_off.gif HTTP/1.1" 200 577 "http://www.yellowpages.com/" "Mozilla/5.0 (Windows; U; Windows NT 5.1; en-US; rv:1.8.0.8) Gecko/20061025 Firefox/1.5.0.8" hm 433
71.109.231.232 - - [14/Dec/2006:00:00:24 -0800] "GET /promo/images2/spacer_right.gif HTTP/1.1" 200 1654 "http://www.yellowpages.com/" "Mozilla/5.0 (Windows; U; Windows NT 5.1; en-US; rv:1.8.0.8) Gecko/20061025 Firefox/1.5.0.8" hm 481
71.109.231.232 - - [14/Dec/2006:00:00:24 -0800] "GET /homepage/hp_browse.gif HTTP/1.1" 200 1106 "http://www.yellowpages.com/" "Mozilla/5.0 (Windows; U; Windows NT 5.1; en-US; rv:1.8.0.8) Gecko/20061025 Firefox/1.5.0.8" hm 497
71.109.231.232 - - [14/Dec/2006:00:00:24 -0800] "GET /shared/logo_footeratt.gif HTTP/1.1" 200 2425 "http://www.yellowpages.com/" "Mozilla/5.0 (Windows; U; Windows NT 5.1; en-US; rv:1.8.0.8) Gecko/20061025 Firefox/1.5.0.8" hm 453
68.126.143.237 - - [14/Dec/2006:00:00:24 -0800] "GET /homepage/hp_browse.gif HTTP/1.1" 200 1106 "http://www.yellowpages.com/" "Mozilla/4.0 (compatible; MSIE 6.0; Windows NT 5.1; SV1; .NET CLR 1.1.4322; .NET CLR 2.0.50727)" hm 441
71.109.231.232 - - [14/Dec/2006:00:00:25 -0800] "GET /shared/logo_footerbls.gif HTTP/1.1" 200 1721 "http://www.yellowpages.com/" "Mozilla/5.0 (Windows; U; Windows NT 5.1; en-US; rv:1.8.0.8) Gecko/20061025 Firefox/1.5.0.8" hm 474
71.109.231.232 - - [14/Dec/2006:00:00:25 -0800] "GET /promo/images/intro_image.jpg HTTP/1.1" 200 28880 "http://www.yellowpages.com/" "Mozilla/5.0 (Windows; U; Windows NT 5.1; en-US; rv:1.8.0.8) Gecko/20061025 Firefox/1.5.0.8" hm 607
70.119.37.177 - - [14/Dec/2006:00:00:25 -0800] "GET /shared/space.gif HTTP/1.1" 200 69 "http://www.yellowpages.com/" "Mozilla/4.0 (compatible; MSIE 6.0; America Online Browser 1.1; Windows NT 5.1; SV1; .NET CLR 1.1.4322)" hm 459
70.119.37.177 - - [14/Dec/2006:00:00:25 -0800] "GET /homepage/hp_search.gif HTTP/1.1" 200 1677 "http://www.yellowpages.com/" "Mozilla/4.0 (compatible; MSIE 6.0; America Online Browser 1.1; Windows NT 5.1; SV1; .NET CLR 1.1.4322)" hm 445
70.119.37.177 - - [14/Dec/2006:00:00:25 -0800] "GET /promo/images/button3_off.gif HTTP/1.1" 200 577 "http://www.yellowpages.com/" "Mozilla/4.0 (compatible; MSIE 6.0; America Online Browser 1.1; Windows NT 5.1; SV1; .NET CLR 1.1.4322)" hm 450
70.119.37.177 - - [14/Dec/2006:00:00:25 -0800] "GET /shared/logo_footeratt.gif HTTP/1.1" 200 2425 "http://www.yellowpages.com/" "Mozilla/4.0 (compatible; MSIE 6.0; America Online Browser 1.1; Windows NT 5.1; SV1; .NET CLR 1.1.4322)" hm 431
71.109.231.232 - - [14/Dec/2006:00:00:26 -0800] "GET /shared/nav/bg_topNavUserReg.gif HTTP/1.1" 200 149 "http://www.yellowpages.com/" "Mozilla/5.0 (Windows; U; Windows NT 5.1; en-US; rv:1.8.0.8) Gecko/20061025 Firefox/1.5.0.8" hm 569
71.109.231.232 - - [14/Dec/2006:00:00:26 -0800] "GET /promo/images/intro_black.jpg HTTP/1.1" 200 9683 "http://www.yellowpages.com/" "Mozilla/5.0 (Windows; U; Windows NT 5.1; en-US; rv:1.8.0.8) Gecko/20061025 Firefox/1.5.0.8" hm 606
71.109.231.232 - - [14/Dec/2006:00:00:26 -0800] "GET /favicon.ico HTTP/1.1" 200 110 "-" "Mozilla/5.0 (Windows; U; Windows NT 5.1; en-US; rv:1.8.0.8) Gecko/20061025 Firefox/1.5.0.8" hm 455
68.126.143.237 - - [14/Dec/2006:00:00:26 -0800] "GET /backs/bg.gif HTTP/1.1" 200 51703 "http://www.yellowpages.com/" "Mozilla/4.0 (compatible; MSIE 6.0; Windows NT 5.1; SV1; .NET CLR 1.1.4322; .NET CLR 2.0.50727)" hm 1342
75.47.99.239 - - [14/Dec/2006:00:00:27 -0800] "GET /maps/dashboard/compass.gif HTTP/1.1" 304 0 "http://www.yellowpages.com/sp/moreinfo/index.jsp?id=34496344&q=Retail%20Paper" "Mozilla/4.0 (compatible; MSIE 6.0; Windows NT 5.1; SV1; .NET CLR 1.1.4322; InfoPath.1)" hm 486
75.47.99.239 - - [14/Dec/2006:00:00:27 -0800] "GET /maps/dashboard/compass_bird.gif HTTP/1.1" 304 0 "http://www.yellowpages.com/sp/moreinfo/index.jsp?id=34496344&q=Retail%20Paper" "Mozilla/4.0 (compatible; MSIE 6.0; Windows NT 5.1; SV1; .NET CLR 1.1.4322; InfoPath.1)" hm 430
75.47.99.239 - - [14/Dec/2006:00:00:27 -0800] "GET /maps/dashboard/bar.gif HTTP/1.1" 304 0 "http://www.yellowpages.com/sp/moreinfo/index.jsp?id=34496344&q=Retail%20Paper" "Mozilla/4.0 (compatible; MSIE 6.0; Windows NT 5.1; SV1; .NET CLR 1.1.4322; InfoPath.1)" hm 466
75.47.99.239 - - [14/Dec/2006:00:00:27 -0800] "GET /maps/dashboard/btn_road_off.gif HTTP/1.1" 200 1320 "http://www.yellowpages.com/sp/moreinfo/index.jsp?id=34496344&q=Retail%20Paper" "Mozilla/4.0 (compatible; MSIE 6.0; Windows NT 5.1; SV1; .NET CLR 1.1.4322; InfoPath.1)" hm 407
75.47.99.239 - - [14/Dec/2006:00:00:27 -0800] "GET /maps/dashboard/btn_aerial_off.gif HTTP/1.1" 304 0 "http://www.yellowpages.com/sp/moreinfo/index.jsp?id=34496344&q=Retail%20Paper" "Mozilla/4.0 (compatible; MSIE 6.0; Windows NT 5.1; SV1; .NET CLR 1.1.4322; InfoPath.1)" hm 461
75.47.99.239 - - [14/Dec/2006:00:00:27 -0800] "GET /maps/dashboard/btn_bird_off.gif HTTP/1.1" 304 0 "http://www.yellowpages.com/sp/moreinfo/index.jsp?id=34496344&q=Retail%20Paper" "Mozilla/4.0 (compatible; MSIE 6.0; Windows NT 5.1; SV1; .NET CLR 1.1.4322; InfoPath.1)" hm 447
75.47.99.239 - - [14/Dec/2006:00:00:27 -0800] "GET /maps/dashboard/slider.gif HTTP/1.1" 304 0 "http://www.yellowpages.com/sp/moreinfo/index.jsp?id=34496344&q=Retail%20Paper" "Mozilla/4.0 (compatible; MSIE 6.0; Windows NT 5.1; SV1; .NET CLR 1.1.4322; InfoPath.1)" hm 474
75.47.99.239 - - [14/Dec/2006:00:00:27 -0800] "GET /maps/dashboard/street.gif HTTP/1.1" 304 0 "http://www.yellowpages.com/sp/moreinfo/index.jsp?id=34496344&q=Retail%20Paper" "Mozilla/4.0 (compatible; MSIE 6.0; Windows NT 5.1; SV1; .NET CLR 1.1.4322; InfoPath.1)" hm 415
75.47.99.239 - - [14/Dec/2006:00:00:27 -0800] "GET /maps/dashboard/city.gif HTTP/1.1" 304 0 "http://www.yellowpages.com/sp/moreinfo/index.jsp?id=34496344&q=Retail%20Paper" "Mozilla/4.0 (compatible; MSIE 6.0; Windows NT 5.1; SV1; .NET CLR 1.1.4322; InfoPath.1)" hm 422
75.47.99.239 - - [14/Dec/2006:00:00:27 -0800] "GET /maps/dashboard/state.gif HTTP/1.1" 304 0 "http://www.yellowpages.com/sp/moreinfo/index.jsp?id=34496344&q=Retail%20Paper" "Mozilla/4.0 (compatible; MSIE 6.0; Windows NT 5.1; SV1; .NET CLR 1.1.4322; InfoPath.1)" hm 425
75.47.99.239 - - [14/Dec/2006:00:00:27 -0800] "GET /maps/dashboard/area.gif HTTP/1.1" 304 0 "http://www.yellowpages.com/sp/moreinfo/index.jsp?id=34496344&q=Retail%20Paper" "Mozilla/4.0 (compatible; MSIE 6.0; Windows NT 5.1; SV1; .NET CLR 1.1.4322; InfoPath.1)" hm 515
75.47.99.239 - - [14/Dec/2006:00:00:28 -0800] "GET /maps/dashboard/btn_road_on.gif HTTP/1.1" 304 0 "http://www.yellowpages.com/sp/moreinfo/index.jsp?id=34496344&q=Retail%20Paper" "Mozilla/4.0 (compatible; MSIE 6.0; Windows NT 5.1; SV1; .NET CLR 1.1.4322; InfoPath.1)" hm 474
75.47.99.239 - - [14/Dec/2006:00:00:28 -0800] "GET /maps/dashboard/yplogo.gif HTTP/1.1" 304 0 "http://www.yellowpages.com/sp/moreinfo/index.jsp?id=34496344&q=Retail%20Paper" "Mozilla/4.0 (compatible; MSIE 6.0; Windows NT 5.1; SV1; .NET CLR 1.1.4322; InfoPath.1)" hm 459
75.47.99.239 - - [14/Dec/2006:00:00:28 -0800] "GET /maps/dashboard/yplogo.gif HTTP/1.1" 304 0 "http://www.yellowpages.com/sp/moreinfo/index.jsp?id=34496344&q=Retail%20Paper" "Mozilla/4.0 (compatible; MSIE 6.0; Windows NT 5.1; SV1; .NET CLR 1.1.4322; InfoPath.1)" hm 402
199.102.9.67 - - [14/Dec/2006:00:00:28 -0800] "GET /maps/dashboard/arrow_up.gif HTTP/1.1" 304 0 "-" "Mozilla/4.0 (compatible;)" hm 454
61.141.72.8 - - [13/Dec/2006:23:59:39 -0800] "GET /displayswf/ypc/OR/06/OR11252006.swf?purl=/sp/yellowpages/getypclick.jsp%3Fid%3D81603415%26q%3Dsecondhand%20computer%26searchId%3D0%26impressionId%3D78%26linkType%3D19%26listingId%3D81603415%26ci%3D%26zp%3D%26st%3DNW HTTP/1.1" 200 267289 "-" "Mozilla/4.0 (compatible; MSIE 6.0; Windows NT 5.1; SV1)" mi 48569470
203.116.115.241 - - [14/Dec/2006:00:00:29 -0800] "GET /shared/nav/bg_topNav.gif HTTP/1.1" 200 155 "http://www.yellowpages.com/" "Mozilla/4.0 (compatible; MSIE 6.0; Windows NT 5.1; SV1; InfoPath.1)" hm 448
203.116.115.241 - - [14/Dec/2006:00:00:29 -0800] "GET /shared/space.gif HTTP/1.1" 200 69 "http://www.yellowpages.com/" "Mozilla/4.0 (compatible; MSIE 6.0; Windows NT 5.1; SV1; InfoPath.1)" hm 436
203.116.115.241 - - [14/Dec/2006:00:00:29 -0800] "GET /shared/nav/icon_helpOff.gif HTTP/1.1" 200 392 "http://www.yellowpages.com/" "Mozilla/4.0 (compatible; MSIE 6.0; Windows NT 5.1; SV1; InfoPath.1)" hm 444
68.126.143.237 - - [14/Dec/2006:00:00:29 -0800] "GET /shared/logo_footeratt.gif HTTP/1.1" 200 2425 "http://www.yellowpages.com/" "Mozilla/4.0 (compatible; MSIE 6.0; Windows NT 5.1; SV1; .NET CLR 1.1.4322; .NET CLR 2.0.50727)" hm 433
203.116.115.241 - - [14/Dec/2006:00:00:29 -0800] "GET /shared/nav/icon_helpOff.gif HTTP/1.1" 200 392 "http://www.yellowpages.com/" "Mozilla/4.0 (compatible; MSIE 6.0; Windows NT 5.1; SV1; InfoPath.1)" hm 415
203.116.115.241 - - [14/Dec/2006:00:00:30 -0800] "GET /homepage/left_box2.gif HTTP/1.1" 200 1416 "http://www.yellowpages.com/" "Mozilla/4.0 (compatible; MSIE 6.0; Windows NT 5.1; SV1; InfoPath.1)" hm 476
68.126.143.237 - - [14/Dec/2006:00:00:30 -0800] "GET /shared/logo_footerbls.gif HTTP/1.1" 200 1721 "http://www.yellowpages.com/" "Mozilla/4.0 (compatible; MSIE 6.0; Windows NT 5.1; SV1; .NET CLR 1.1.4322; .NET CLR 2.0.50727)" hm 422
203.116.115.241 - - [14/Dec/2006:00:00:30 -0800] "GET /homepage/bot_box.gif HTTP/1.1" 200 2253 "http://www.yellowpages.com/" "Mozilla/4.0 (compatible; MSIE 6.0; Windows NT 5.1; SV1; InfoPath.1)" hm 451
203.116.115.241 - - [14/Dec/2006:00:00:31 -0800] "GET /promo/images2/spacer_left.jpg HTTP/1.1" 200 306 "http://www.yellowpages.com/" "Mozilla/4.0 (compatible; MSIE 6.0; Windows NT 5.1; SV1; InfoPath.1)" hm 426
203.116.115.241 - - [14/Dec/2006:00:00:31 -0800] "GET /promo/images/intro_black.jpg HTTP/1.1" 200 9683 "http://www.yellowpages.com/" "Mozilla/4.0 (compatible; MSIE 6.0; Windows NT 5.1; SV1; InfoPath.1)" hm 461
203.116.115.241 - - [14/Dec/2006:00:00:32 -0800] "GET /promo/images/button1_off.gif HTTP/1.1" 200 439 "http://www.yellowpages.com/" "Mozilla/4.0 (compatible; MSIE 6.0; Windows NT 5.1; SV1; InfoPath.1)" hm 485
203.116.115.241 - - [14/Dec/2006:00:00:32 -0800] "GET /promo/images/button3_off.gif HTTP/1.1" 200 577 "http://www.yellowpages.com/" "Mozilla/4.0 (compatible; MSIE 6.0; Windows NT 5.1; SV1; InfoPath.1)" hm 462
203.116.115.241 - - [14/Dec/2006:00:00:32 -0800] "GET /promo/images2/spacer_right.gif HTTP/1.1" 200 1654 "http://www.yellowpages.com/" "Mozilla/4.0 (compatible; MSIE 6.0; Windows NT 5.1; SV1; InfoPath.1)" hm 446
203.116.115.241 - - [14/Dec/2006:00:00:33 -0800] "GET /homepage/bg_searchbox.gif HTTP/1.1" 200 410 "http://www.yellowpages.com/" "Mozilla/4.0 (compatible; MSIE 6.0; Windows NT 5.1; SV1; InfoPath.1)" hm 387
24.7.179.47 - - [14/Dec/2006:00:00:35 -0800] "GET /yellowpages/viewtabs2/left_on.gif HTTP/1.1" 200 196 "http://www.yellowpages.com/sp/yellowpages/ypresults.jsp?t=1&v=3&s=4&q=Flowers&ad=1695+arden+way&r=5&ci=Sacramento&st=CA&cv1=y&_requestid=391886" "Mozilla/4.0 (compatible; MSIE 6.0; Windows NT 5.1; SV1; .NET CLR 2.0.50727; .NET CLR 1.1.4322)" hm 489
24.7.179.47 - - [14/Dec/2006:00:00:35 -0800] "GET /yellowpages/viewtabs2/mid_on_off.gif HTTP/1.1" 200 423 "http://www.yellowpages.com/sp/yellowpages/ypresults.jsp?t=1&v=3&s=4&q=Flowers&ad=1695+arden+way&r=5&ci=Sacramento&st=CA&cv1=y&_requestid=391886" "Mozilla/4.0 (compatible; MSIE 6.0; Windows NT 5.1; SV1; .NET CLR 2.0.50727; .NET CLR 1.1.4322)" hm 471
24.7.179.47 - - [14/Dec/2006:00:00:36 -0800] "GET /yellowpages/viewtabs2/mid_off_off.gif HTTP/1.1" 200 658 "http://www.yellowpages.com/sp/yellowpages/ypresults.jsp?t=1&v=3&s=4&q=Flowers&ad=1695+arden+way&r=5&ci=Sacramento&st=CA&cv1=y&_requestid=391886" "Mozilla/4.0 (compatible; MSIE 6.0; Windows NT 5.1; SV1; .NET CLR 2.0.50727; .NET CLR 1.1.4322)" hm 439
24.7.179.47 - - [14/Dec/2006:00:00:36 -0800] "GET /yellowpages/catVal_topLine HTTP/1.1" 200 43 "http://www.yellowpages.com/sp/yellowpages/ypresults.jsp?t=1&v=3&s=4&q=Flowers&ad=1695+arden+way&r=5&ci=Sacramento&st=CA&cv1=y&_requestid=391886" "Mozilla/4.0 (compatible; MSIE 6.0; Windows NT 5.1; SV1; .NET CLR 2.0.50727; .NET CLR 1.1.4322)" pr 20347
219.37.192.115 - - [14/Dec/2006:00:00:36 -0800] "GET /shared/searchboxes/hs_yps2.gif HTTP/1.1" 200 743 "http://www.yellowpages.com/guide/cityguides/cityguide_main.jsp?cityguide_id=106895" "Mozilla/4.0 (compatible; MSIE 6.0; Windows NT 5.1; SV1; .NET CLR 1.1.4322)" hm 542
219.37.192.115 - - [14/Dec/2006:00:00:36 -0800] "GET /cg/main/right_nav_arrow.gif HTTP/1.1" 200 166 "http://www.yellowpages.com/guide/cityguides/cityguide_main.jsp?cityguide_id=106895" "Mozilla/4.0 (compatible; MSIE 6.0; Windows NT 5.1; SV1; .NET CLR 1.1.4322)" hm 570
219.37.192.115 - - [14/Dec/2006:00:00:37 -0800] "GET //guideimages/GuideRepository/100307/MADISON.gif HTTP/1.1" 200 982 "http://www.yellowpages.com/guide/cityguides/cityguide_main.jsp?cityguide_id=106895" "Mozilla/4.0 (compatible; MSIE 6.0; Windows NT 5.1; SV1; .NET CLR 1.1.4322)" mi 7511
219.37.192.115 - - [14/Dec/2006:00:00:37 -0800] "GET //guideimages/GuideRepository/3300006/cg_madison_chrome_bottom.gif HTTP/1.1" 200 13077 "http://www.yellowpages.com/guide/cityguides/cityguide_main.jsp?cityguide_id=106895" "Mozilla/4.0 (compatible; MSIE 6.0; Windows NT 5.1; SV1; .NET CLR 1.1.4322)" mi 47613
24.7.179.47 - - [14/Dec/2006:00:00:41 -0800] "GET /mysp/SP_01_A_v1-2_QuestionMrk.gif HTTP/1.1" 200 229 "http://www.yellowpages.com/sp/yellowpages/ypresults.jsp?refined_category=Florists&r=5&q=Flowers&rType=headingtext&id=0&p=1&referrer=2&v=3&ad=1695+arden+way&st=CA&t=1&s=4&ci=Sacramento&_requestid=391905" "Mozilla/4.0 (compatible; MSIE 6.0; Windows NT 5.1; SV1; .NET CLR 2.0.50727; .NET CLR 1.1.4322)" hm 508
24.7.179.47 - - [14/Dec/2006:00:00:41 -0800] "GET /yellowpages/yp_map_location.gif HTTP/1.1" 200 2879 "http://www.yellowpages.com/sp/yellowpages/ypresults.jsp?refined_category=Florists&r=5&q=Flowers&rType=headingtext&id=0&p=1&referrer=2&v=3&ad=1695+arden+way&st=CA&t=1&s=4&ci=Sacramento&_requestid=391905" "Mozilla/4.0 (compatible; MSIE 6.0; Windows NT 5.1; SV1; .NET CLR 2.0.50727; .NET CLR 1.1.4322)" hm 496
24.7.179.47 - - [14/Dec/2006:00:00:41 -0800] "GET /yellowpages/hdr_all_listings2.gif HTTP/1.1" 200 387 "http://www.yellowpages.com/sp/yellowpages/ypresults.jsp?refined_category=Florists&r=5&q=Flowers&rType=headingtext&id=0&p=1&referrer=2&v=3&ad=1695+arden+way&st=CA&t=1&s=4&ci=Sacramento&_requestid=391905" "Mozilla/4.0 (compatible; MSIE 6.0; Windows NT 5.1; SV1; .NET CLR 2.0.50727; .NET CLR 1.1.4322)" hm 444
70.135.72.244 - - [14/Dec/2006:00:00:41 -0800] "GET /shared/YP_smlogo.gif HTTP/1.1" 200 2326 "http://www.whitepages.com/5116/" "Mozilla/4.0 (compatible; MSIE 6.0; Windows NT 5.1; SV1; YPC 3.2.0; yplus 5.1.04b)" hm 433
24.7.179.47 - - [14/Dec/2006:00:00:41 -0800] "GET /yellowpages/icon_c2c.gif HTTP/1.1" 200 314 "http://www.yellowpages.com/sp/yellowpages/ypresults.jsp?refined_category=Florists&r=5&q=Flowers&rType=headingtext&id=0&p=1&referrer=2&v=3&ad=1695+arden+way&st=CA&t=1&s=4&ci=Sacramento&_requestid=391905" "Mozilla/4.0 (compatible; MSIE 6.0; Windows NT 5.1; SV1; .NET CLR 2.0.50727; .NET CLR 1.1.4322)" hm 434
70.135.72.244 - - [14/Dec/2006:00:00:41 -0800] "GET /whitepages/header_wp.gif HTTP/1.1" 200 1050 "http://www.whitepages.com/5116/" "Mozilla/4.0 (compatible; MSIE 6.0; Windows NT 5.1; SV1; YPC 3.2.0; yplus 5.1.04b)" hm 368
24.7.179.47 - - [14/Dec/2006:00:00:41 -0800] "GET /yellowpages/btn_website2.gif HTTP/1.1" 200 886 "http://www.yellowpages.com/sp/yellowpages/ypresults.jsp?refined_category=Florists&r=5&q=Flowers&rType=headingtext&id=0&p=1&referrer=2&v=3&ad=1695+arden+way&st=CA&t=1&s=4&ci=Sacramento&_requestid=391905" "Mozilla/4.0 (compatible; MSIE 6.0; Windows NT 5.1; SV1; .NET CLR 2.0.50727; .NET CLR 1.1.4322)" hm 414
70.135.72.244 - - [14/Dec/2006:00:00:41 -0800] "GET /contact/feedback/header_email_rt_bot.jpg HTTP/1.1" 200 4406 "http://www.whitepages.com/5116/" "Mozilla/4.0 (compatible; MSIE 6.0; Windows NT 5.1; SV1; YPC 3.2.0; yplus 5.1.04b)" hm 420
72.134.72.125 - - [14/Dec/2006:00:00:41 -0800] "GET /shared/closebox.gif HTTP/1.1" 200 73 "http://www.yellowpages.com/sp/moreinfo/index.jsp?id=20844985&q=envie" "Mozilla/5.0 (Windows; U; Windows NT 5.1; en-US; rv:1.8.0.8) Gecko/20061025 Firefox/1.5.0.8" hm 404
24.7.179.47 - - [14/Dec/2006:00:00:41 -0800] "GET /displayswf/sbc/CA/35/CA972235.swf?purl=/sp/yellowpages/getypclick.jsp%3Fid%3D73107717%26q%3DFlowers%26searchId%3D1%26impressionId%3D17%26linkType%3D19%26listingId%3D73107717%26ci%3DSacramento%26zp%3D%26st%3DCA HTTP/1.1" 200 11777 "http://www.yellowpages.com/sp/yellowpages/ypresults.jsp?refined_category=Florists&r=5&q=Flowers&rType=headingtext&id=0&p=1&referrer=2&v=3&ad" "Mozilla/4.0 (compatible; MSIE 6.0; Windows NT 5.1; SV1; .NET CLR 2.0.50727; .NET CLR 1.1.4322)" mi 12963
68.63.251.89 - - [14/Dec/2006:00:00:42 -0800] "GET /maps/dashboard/btn_aerial_off.gif HTTP/1.1" 200 1330 "http://www.yellowpages.com/sp/fragments/css/MapControl.css?cb=2" "Mozilla/5.0 (Windows; U; Windows NT 5.1; en-US; rv:1.8.0.8) Gecko/20061025 Firefox/1.5.0.8" hm 446
68.63.251.89 - - [14/Dec/2006:00:00:42 -0800] "GET /maps/pushpins/x.gif HTTP/1.1" 200 1712 "http://www.yellowpages.com/sp/moreinfo/index.jsp?id=21589303&q=mobile" "Mozilla/5.0 (Windows; U; Windows NT 5.1; en-US; rv:1.8.0.8) Gecko/20061025 Firefox/1.5.0.8" hm 448
68.63.251.89 - - [14/Dec/2006:00:00:42 -0800] "GET /maps/dashboard/btn_bird_off.gif HTTP/1.1" 200 1467 "http://www.yellowpages.com/sp/fragments/css/MapControl.css?cb=2" "Mozilla/5.0 (Windows; U; Windows NT 5.1; en-US; rv:1.8.0.8) Gecko/20061025 Firefox/1.5.0.8" hm 442
68.63.251.89 - - [14/Dec/2006:00:00:42 -0800] "GET /maps/dashboard/compass_bird.gif HTTP/1.1" 200 2364 "http://www.yellowpages.com/sp/fragments/css/MapControl.css?cb=2" "Mozilla/5.0 (Windows; U; Windows NT 5.1; en-US; rv:1.8.0.8) Gecko/20061025 Firefox/1.5.0.8" hm 531
68.63.251.89 - - [14/Dec/2006:00:00:42 -0800] "GET /maps/dashboard/street.gif HTTP/1.1" 200 188 "http://www.yellowpages.com/sp/fragments/css/MapControl.css?cb=2" "Mozilla/5.0 (Windows; U; Windows NT 5.1; en-US; rv:1.8.0.8) Gecko/20061025 Firefox/1.5.0.8" hm 505
68.63.251.89 - - [14/Dec/2006:00:00:42 -0800] "GET /maps/dashboard/state.gif HTTP/1.1" 200 178 "http://www.yellowpages.com/sp/fragments/css/MapControl.css?cb=2" "Mozilla/5.0 (Windows; U; Windows NT 5.1; en-US; rv:1.8.0.8) Gecko/20061025 Firefox/1.5.0.8" hm 413
89.211.33.106 - - [14/Dec/2006:00:00:42 -0800] "GET /shared/pagination/arrow_prev.gif HTTP/1.1" 200 62 "http://www.yellowpages.com/sp/yellowpages/ypresults.jsp?t=0&v=3&s=2&p=4&q=Banks&ci=Houston&st=TX&fResult=yes&q=Banks" "Mozilla/4.0 (compatible; MSIE 6.0; Windows NT 5.1; SV1; InfoPath.1; .NET CLR 1.1.4322; .NET CLR 2.0.50727)" hm 411
71.109.231.232 - - [14/Dec/2006:00:00:45 -0800] "GET /shared/YP_smlogo.gif HTTP/1.1" 200 2326 "http://www.yellowpages.com/sp/yellowpages/;jsessionid=U5BPEZHYUTX21QFI21GA4CQ" "Mozilla/5.0 (Windows; U; Windows NT 5.1; en-US; rv:1.8.0.8) Gecko/20061025 Firefox/1.5.0.8" hm 479
71.109.231.232 - - [14/Dec/2006:00:00:45 -0800] "GET /yellowpages/header_yp.gif HTTP/1.1" 200 1347 "http://www.yellowpages.com/sp/yellowpages/;jsessionid=U5BPEZHYUTX21QFI21GA4CQ" "Mozilla/5.0 (Windows; U; Windows NT 5.1; en-US; rv:1.8.0.8) Gecko/20061025 Firefox/1.5.0.8" hm 517
71.109.231.232 - - [14/Dec/2006:00:00:45 -0800] "GET /yellowpages/header_yp_rt_bot.jpg HTTP/1.1" 200 1955 "http://www.yellowpages.com/sp/yellowpages/;jsessionid=U5BPEZHYUTX21QFI21GA4CQ" "Mozilla/5.0 (Windows; U; Windows NT 5.1; en-US; rv:1.8.0.8) Gecko/20061025 Firefox/1.5.0.8" hm 445
71.109.231.232 - - [14/Dec/2006:00:00:45 -0800] "GET /yellowpages/subhdr_distance.gif HTTP/1.1" 200 713 "http://www.yellowpages.com/sp/yellowpages/;jsessionid=U5BPEZHYUTX21QFI21GA4CQ" "Mozilla/5.0 (Windows; U; Windows NT 5.1; en-US; rv:1.8.0.8) Gecko/20061025 Firefox/1.5.0.8" hm 484
71.109.231.232 - - [14/Dec/2006:00:00:45 -0800] "GET /yellowpages/subhdr_ways_to_search.gif HTTP/1.1" 200 616 "http://www.yellowpages.com/sp/yellowpages/;jsessionid=U5BPEZHYUTX21QFI21GA4CQ" "Mozilla/5.0 (Windows; U; Windows NT 5.1; en-US; rv:1.8.0.8) Gecko/20061025 Firefox/1.5.0.8" hm 420
68.57.79.178 - - [14/Dec/2006:00:00:46 -0800] "GET /displaygif/ypc/IL/46/IL11186646.gif HTTP/1.1" 200 1780 "http://www.yellowpages.com/sp/yellowpages/ypresults.jsp?v=3&st=VT&ci=Quechee&t=0&s=2&q=lodging&p=1&_requestid=504791" "Mozilla/5.0 (Windows; U; Windows NT 5.1; en-US; rv:1.8.0.8) Gecko/20061025 Firefox/1.5.0.8" hm 515
68.57.79.178 - - [14/Dec/2006:00:00:46 -0800] "GET /displayswf/ypc/VT/79/VT10956479.swf?purl=/sp/yellowpages/getypclick.jsp%3Fid%3D81333630%26q%3Dlodging%26searchId%3D1%26impressionId%3D11%26linkType%3D19%26listingId%3D81333630%26ci%3DQuechee%26zp%3D%26st%3DVT HTTP/1.1" 200 84535 "http://www.yellowpages.com/sp/yellowpages/ypresults.jsp?v=3&st=VT&ci=Quechee&t=0&s=2&q=lodging&p=1&_requestid=504791" "Mozilla/5.0 (Windows; U; Windows NT 5.1; en-US; rv:1.8.0.8) Gecko/20061025 Firefox/1.5.0.8" mi 18860
206.29.197.150 - - [14/Dec/2006:00:00:49 -0800] "GET /shared/pagination/arrow_prev_off.gif HTTP/1.1" 200 62 "-" "Mozilla/4.0 (compatible; MSIE 4.01; Windows NT)" hm 495
206.29.197.150 - - [14/Dec/2006:00:00:50 -0800] "GET /shared/pagination/arrow_next_dub_off.gif HTTP/1.1" 200 70 "-" "Mozilla/4.0 (compatible; MSIE 4.01; Windows NT)" hm 415
206.29.197.150 - - [14/Dec/2006:00:00:50 -0800] "GET /yellowpages/viewtabs2/mid_off_on.gif HTTP/1.1" 200 420 "-" "Mozilla/4.0 (compatible; MSIE 4.01; Windows NT)" hm 490
206.29.197.150 - - [14/Dec/2006:00:00:52 -0800] "GET /yellowpages/viewtabs2/mid_on_off.gif HTTP/1.1" 200 423 "-" "Mozilla/4.0 (compatible; MSIE 4.01; Windows NT)" hm 447
206.29.197.150 - - [14/Dec/2006:00:00:53 -0800] "GET /yellowpages/viewtabs2/left_off.gif HTTP/1.1" 200 373 "-" "Mozilla/4.0 (compatible; MSIE 4.01; Windows NT)" hm 552
64.129.15.2 - - [14/Dec/2006:00:00:53 -0800] "GET /maps/dashboard/btn_aerial_off.gif HTTP/1.1" 200 1330 "http://www.yellowpages.com/sp/fragments/css/MapControl.css?cb=2" "Mozilla/5.0 (Windows; U; Windows NT 5.1; en-US; rv:1.8.1) Gecko/20061010 Firefox/2.0" hm 422
64.129.15.2 - - [14/Dec/2006:00:00:54 -0800] "GET /maps/dashboard/yplogo.gif HTTP/1.1" 200 1191 "http://www.yellowpages.com/sp/moreinfo/index.jsp?id=68879301&q=kennel" "Mozilla/5.0 (Windows; U; Windows NT 5.1; en-US; rv:1.8.1) Gecko/20061010 Firefox/2.0" hm 506
61.145.155.128 - - [14/Dec/2006:00:00:54 -0800] "GET /yellowpages/catVal_topLine HTTP/1.1" 200 43 "http://www.yellowpages.com/sp/yellowpages/ypresults.jsp?t=0&v=0&q=pcb&ci=England&st=AR&_requestid=390465" "Mozilla/4.0 (compatible; MSIE 6.0; Windows NT 5.1; SV1)" pr 7769
65.116.255.36 - - [14/Dec/2006:00:00:54 -0800] "GET //guideimages/GuideRepository/100221/COMMUNITYINFO.gif HTTP/1.1" 200 998 "http://www.yellowpages.com/guide/cityguides/guide.jsp?cityguide_id=106843&id=109494" "Mozilla/4.0 (compatible; MSIE 6.0; Windows NT 5.1; SV1; .NET CLR 1.1.4322)" hd 645
65.116.255.36 - - [14/Dec/2006:00:00:54 -0800] "GET //guideimages/GuideRepository/100156/albuquerque_image_top.gif HTTP/1.1" 200 5710 "http://www.yellowpages.com/guide/cityguides/guide.jsp?cityguide_id=106843&id=109494" "Mozilla/4.0 (compatible; MSIE 6.0; Windows NT 5.1; SV1; .NET CLR 1.1.4322)" mi 14253
65.116.255.36 - - [14/Dec/2006:00:00:54 -0800] "GET //guideimages/GuideRepository/100109/c_cityoverview.gif HTTP/1.1" 200 556 "http://www.yellowpages.com/guide/cityguides/guide.jsp?cityguide_id=106843&id=109494" "Mozilla/4.0 (compatible; MSIE 6.0; Windows NT 5.1; SV1; .NET CLR 1.1.4322)" mi 5838
64.129.15.2 - - [14/Dec/2006:00:00:55 -0800] "GET /maps/dashboard/compass.gif HTTP/1.1" 200 2346 "http://www.yellowpages.com/sp/fragments/css/MapControl.css?cb=2" "Mozilla/5.0 (Windows; U; Windows NT 5.1; en-US; rv:1.8.1) Gecko/20061010 Firefox/2.0" hm 463
65.116.255.36 - - [14/Dec/2006:00:00:55 -0800] "GET //guideimages/GuideRepository/100108/c_cityfacts.gif HTTP/1.1" 200 437 "http://www.yellowpages.com/guide/cityguides/guide.jsp?cityguide_id=106843&id=109494" "Mozilla/4.0 (compatible; MSIE 6.0; Windows NT 5.1; SV1; .NET CLR 1.1.4322)" mi 3672
65.116.255.36 - - [14/Dec/2006:00:00:55 -0800] "GET //guideimages/GuideRepository/100110/c_cityresources.gif HTTP/1.1" 200 686 "http://www.yellowpages.com/guide/cityguides/guide.jsp?cityguide_id=106843&id=109494" "Mozilla/4.0 (compatible; MSIE 6.0; Windows NT 5.1; SV1; .NET CLR 1.1.4322)" hd 572
65.116.255.36 - - [14/Dec/2006:00:00:55 -0800] "GET //guideimages/GuideRepository/100139/c_recommendedreading.gif HTTP/1.1" 200 883 "http://www.yellowpages.com/guide/cityguides/guide.jsp?cityguide_id=106843&id=109494" "Mozilla/4.0 (compatible; MSIE 6.0; Windows NT 5.1; SV1; .NET CLR 1.1.4322)" mi 30685
71.106.236.179 - - [14/Dec/2006:00:00:55 -0800] "GET /shared/hdr_about_business.gif HTTP/1.1" 200 713 "http://www.yellowpages.com/sp/moreinfo/index.jsp?id=57908801&q=griffin" "Mozilla/5.0 (Macintosh; U; PPC Mac OS X; en) AppleWebKit/418.9.1 (KHTML, like Gecko) Safari/419.3" hm 466
71.106.236.179 - - [14/Dec/2006:00:00:55 -0800] "GET /maps/MD_03_A_v1-0_HC_Lb_rv.gif HTTP/1.1" 200 1493 "http://www.yellowpages.com/sp/moreinfo/index.jsp?id=57908801&q=griffin" "Mozilla/5.0 (Macintosh; U; PPC Mac OS X; en) AppleWebKit/418.9.1 (KHTML, like Gecko) Safari/419.3" hm 396
89.211.33.106 - - [14/Dec/2006:00:00:55 -0800] "GET /yellowpages/catVal_topLine HTTP/1.1" 200 43 "http://www.yellowpages.com/sp/yellowpages/ypresults.jsp?t=0&v=3&s=2&p=8&q=Banks&ci=Houston&st=TX&fResult=yes&q=Banks" "Mozilla/4.0 (compatible; MSIE 6.0; Windows NT 5.1; SV1; InfoPath.1; .NET CLR 1.1.4322; .NET CLR 2.0.50727)" pr 2126
64.129.15.2 - - [14/Dec/2006:00:00:56 -0800] "GET /maps/dashboard/bar.gif HTTP/1.1" 200 639 "http://www.yellowpages.com/sp/fragments/css/MapControl.css?cb=2" "Mozilla/5.0 (Windows; U; Windows NT 5.1; en-US; rv:1.8.1) Gecko/20061010 Firefox/2.0" hm 388
64.129.15.2 - - [14/Dec/2006:00:00:56 -0800] "GET /maps/dashboard/slider.gif HTTP/1.1" 200 193 "http://www.yellowpages.com/sp/fragments/css/MapControl.css?cb=2" "Mozilla/5.0 (Windows; U; Windows NT 5.1; en-US; rv:1.8.1) Gecko/20061010 Firefox/2.0" hm 472
64.129.15.2 - - [14/Dec/2006:00:00:56 -0800] "GET /maps/dashboard/street.gif HTTP/1.1" 200 188 "http://www.yellowpages.com/sp/fragments/css/MapControl.css?cb=2" "Mozilla/5.0 (Windows; U; Windows NT 5.1; en-US; rv:1.8.1) Gecko/20061010 Firefox/2.0" hm 390
64.129.15.2 - - [14/Dec/2006:00:00:56 -0800] "GET /maps/dashboard/state.gif HTTP/1.1" 200 178 "http://www.yellowpages.com/sp/fragments/css/MapControl.css?cb=2" "Mozilla/5.0 (Windows; U; Windows NT 5.1; en-US; rv:1.8.1) Gecko/20061010 Firefox/2.0" hm 374
64.129.15.2 - - [14/Dec/2006:00:00:56 -0800] "GET /maps/dashboard/btn_road_on.gif HTTP/1.1" 200 1435 "http://www.yellowpages.com/sp/fragments/css/MapControl.css?cb=2" "Mozilla/5.0 (Windows; U; Windows NT 5.1; en-US; rv:1.8.1) Gecko/20061010 Firefox/2.0" hm 426
64.216.97.21 - - [14/Dec/2006:00:00:57 -0800] "GET /shared/pagination/arrow_prev_off.gif HTTP/1.1" 200 62 "http://www.whitepages.com/5116/search/FindPerson?firstname_begins_with=0&firstname=larry&name_begins_with=0&name=huey&housenumber=&street=&city_zip=topeka&state_id=KS" "Mozilla/4.0 (compatible; MSIE 6.0; Windows NT 5.2; SV1; .NET CLR 1.1.4322; .NET CLR 2.0.50727)" hm 489
69.234.106.23 - - [14/Dec/2006:00:00:57 -0800] "GET /shared/space.gif HTTP/1.1" 200 69 "http://www.yellowpages.com/" "Mozilla/4.0 (compatible; MSIE 6.0; Windows NT 5.1; SV1; YPC 3.2.0; .NET CLR 1.1.4322; yplus 5.1.03b)" hm 399
69.234.106.23 - - [14/Dec/2006:00:00:57 -0800] "GET /shared/nav/bg_topNav.gif HTTP/1.1" 200 155 "http://www.yellowpages.com/" "Mozilla/4.0 (compatible; MSIE 6.0; Windows NT 5.1; SV1; YPC 3.2.0; .NET CLR 1.1.4322; yplus 5.1.03b)" hm 371
69.234.106.23 - - [14/Dec/2006:00:00:57 -0800] "GET /shared/nav/bg_topNavUserReg.gif HTTP/1.1" 200 149 "http://www.yellowpages.com/" "Mozilla/4.0 (compatible; MSIE 6.0; Windows NT 5.1; SV1; YPC 3.2.0; .NET CLR 1.1.4322; yplus 5.1.03b)" hm 397
69.234.106.23 - - [14/Dec/2006:00:00:57 -0800] "GET /shared/nav/icon_helpOff.gif HTTP/1.1" 200 392 "http://www.yellowpages.com/" "Mozilla/4.0 (compatible; MSIE 6.0; Windows NT 5.1; SV1; YPC 3.2.0; .NET CLR 1.1.4322; yplus 5.1.03b)" hm 386
69.234.106.23 - - [14/Dec/2006:00:00:58 -0800] "GET /shared/nav/icon_helpOff.gif HTTP/1.1" 200 392 "http://www.yellowpages.com/" "Mozilla/4.0 (compatible; MSIE 6.0; Windows NT 5.1; SV1; YPC 3.2.0; .NET CLR 1.1.4322; yplus 5.1.03b)" hm 382
