69.234.106.23 - - [14/Dec/2006:00:00:58 -0800] "GET /homepage/left_box2.gif HTTP/1.1" 200 1416 "http://www.yellowpages.com/" "Mozilla/4.0 (compatible; MSIE 6.0; Windows NT 5.1; SV1; YPC 3.2.0; .NET CLR 1.1.4322; yplus 5.1.03b)" hm 354
69.234.106.23 - - [14/Dec/2006:00:00:58 -0800] "GET /homepage/bot_box.gif HTTP/1.1" 200 2253 "http://www.yellowpages.com/" "Mozilla/4.0 (compatible; MSIE 6.0; Windows NT 5.1; SV1; YPC 3.2.0; .NET CLR 1.1.4322; yplus 5.1.03b)" hm 366
69.234.106.23 - - [14/Dec/2006:00:00:58 -0800] "GET /promo/images2/spacer_left.jpg HTTP/1.1" 200 306 "http://www.yellowpages.com/" "Mozilla/4.0 (compatible; MSIE 6.0; Windows NT 5.1; SV1; YPC 3.2.0; .NET CLR 1.1.4322; yplus 5.1.03b)" hm 429
221.149.219.20 - - [14/Dec/2006:00:00:58 -0800] "GET /homepage/top_box.gif HTTP/1.1" 200 1592 "http://www.yellowpages.com/" "Mozilla/4.0 (compatible; MSIE 6.0; Windows NT 5.1; SV1)" hm 422
69.234.106.23 - - [14/Dec/2006:00:00:58 -0800] "GET /promo/images/intro_black.jpg HTTP/1.1" 200 9683 "http://www.yellowpages.com/" "Mozilla/4.0 (compatible; MSIE 6.0; Windows NT 5.1; SV1; YPC 3.2.0; .NET CLR 1.1.4322; yplus 5.1.03b)" hm 394
69.234.106.23 - - [14/Dec/2006:00:00:58 -0800] "GET /promo/images/button1_off.gif HTTP/1.1" 200 439 "http://www.yellowpages.com/" "Mozilla/4.0 (compatible; MSIE 6.0; Windows NT 5.1; SV1; YPC 3.2.0; .NET CLR 1.1.4322; yplus 5.1.03b)" hm 385
24.99.211.22 - - [14/Dec/2006:00:00:58 -0800] "GET /shared/YP_smlogo.gif HTTP/1.1" 200 2326 "http://www.whitepages.com/5116/person" "Mozilla/4.0 (compatible; MSIE 6.0; Windows NT 5.1; SV1; .NET CLR 1.1.4322)" hm 407
24.99.211.22 - - [14/Dec/2006:00:00:58 -0800] "GET /whitepages/header_wp.gif HTTP/1.1" 200 1050 "http://www.whitepages.com/5116/person" "Mozilla/4.0 (compatible; MSIE 6.0; Windows NT 5.1; SV1; .NET CLR 1.1.4322)" hm 388
221.149.219.20 - - [14/Dec/2006:00:00:58 -0800] "GET /promo/images/button2_off.gif HTTP/1.1" 200 504 "http://www.yellowpages.com/" "Mozilla/4.0 (compatible; MSIE 6.0; Windows NT 5.1; SV1)" hm 465
69.234.106.23 - - [14/Dec/2006:00:00:58 -0800] "GET /promo/images/button3_off.gif HTTP/1.1" 200 577 "http://www.yellowpages.com/" "Mozilla/4.0 (compatible; MSIE 6.0; Windows NT 5.1; SV1; YPC 3.2.0; .NET CLR 1.1.4322; yplus 5.1.03b)" hm 439
24.99.211.22 - - [14/Dec/2006:00:00:59 -0800] "GET /contact/feedback/header_email_rt_bot.jpg HTTP/1.1" 200 4406 "http://www.whitepages.com/5116/person" "Mozilla/4.0 (compatible; MSIE 6.0; Windows NT 5.1; SV1; .NET CLR 1.1.4322)" hm 436
69.234.106.23 - - [14/Dec/2006:00:00:59 -0800] "GET /promo/images2/spacer_right.gif HTTP/1.1" 200 1654 "http://www.yellowpages.com/" "Mozilla/4.0 (compatible; MSIE 6.0; Windows NT 5.1; SV1; YPC 3.2.0; .NET CLR 1.1.4322; yplus 5.1.03b)" hm 385
221.149.219.20 - - [14/Dec/2006:00:00:59 -0800] "GET /shared/logo_footerbls.gif HTTP/1.1" 200 1721 "http://www.yellowpages.com/" "Mozilla/4.0 (compatible; MSIE 6.0; Windows NT 5.1; SV1)" hm 452
69.234.106.23 - - [14/Dec/2006:00:00:59 -0800] "GET /promo/images/intro_image.jpg HTTP/1.1" 200 28880 "http://www.yellowpages.com/" "Mozilla/4.0 (compatible; MSIE 6.0; Windows NT 5.1; SV1; YPC 3.2.0; .NET CLR 1.1.4322; yplus 5.1.03b)" hm 450
69.234.106.23 - - [14/Dec/2006:00:00:59 -0800] "GET /shared/logo_footeratt.gif HTTP/1.1" 200 2425 "http://www.yellowpages.com/" "Mozilla/4.0 (compatible; MSIE 6.0; Windows NT 5.1; SV1; YPC 3.2.0; .NET CLR 1.1.4322; yplus 5.1.03b)" hm 456
69.234.106.23 - - [14/Dec/2006:00:00:59 -0800] "GET /shared/logo_footerbls.gif HTTP/1.1" 200 1721 "http://www.yellowpages.com/" "Mozilla/4.0 (compatible; MSIE 6.0; Windows NT 5.1; SV1; YPC 3.2.0; .NET CLR 1.1.4322; yplus 5.1.03b)" hm 415
69.234.106.23 - - [14/Dec/2006:00:01:00 -0800] "GET /favicon.ico HTTP/1.1" 200 110 "-" "Mozilla/4.0 (compatible; MSIE 6.0; Windows NT 5.1; SV1; YPC 3.2.0; .NET CLR 1.1.4322)" hm 409
207.69.137.15 - - [14/Dec/2006:00:01:02 -0800] "GET /shared/yellowpages_logo2.gif HTTP/1.1" 200 2543 "http://www.yellowpages.com/sp/yellowpages/ypresults.jsp?ci=+adelanto&st=CA&q=courtecy+staffing&v=2&t=0&s=2&newUrl=/sp/yellowpages/ypresults.jsp&_requestid=396558" "Mozilla/4.0 (compatible; MSIE 6.0; Windows NT 5.1; SV1; FunWebProducts; PeoplePal 6.2)" hm 507
207.69.137.15 - - [14/Dec/2006:00:01:07 -0800] "GET /shared/nav/icon_helpOff.gif HTTP/1.1" 200 392 "http://www.yellowpages.com/sp/yellowpages/ypresults.jsp?ci=+adelanto&st=CA&q=courtecy+staffing&v=2&t=0&s=2&newUrl=/sp/yellowpages/ypresults.jsp&_requestid=396558" "Mozilla/4.0 (compatible; MSIE 6.0; Windows NT 5.1; SV1; FunWebProducts; PeoplePal 6.2)" hm 572
207.69.137.15 - - [14/Dec/2006:00:01:07 -0800] "GET /shared/nav/icon_helpOff.gif HTTP/1.1" 200 392 "http://www.yellowpages.com/sp/yellowpages/ypresults.jsp?ci=+adelanto&st=CA&q=courtecy+staffing&v=2&t=0&s=2&newUrl=/sp/yellowpages/ypresults.jsp&_requestid=396558" "Mozilla/4.0 (compatible; MSIE 6.0; Windows NT 5.1; SV1; FunWebProducts; PeoplePal 6.2)" hm 508
172.190.172.229 - - [14/Dec/2006:00:01:07 -0800] "GET /co/anywho/anywho_logo.gif HTTP/1.1" 200 2841 "http://anywho.yellowpages.com/sp/co/anywho/aw_ypresults.jsp;jsessionid=T32ILHTC4KHJ3QFI201BF2Q?t=0&v=2&s=1&q=america's+beverage+company&ci=irving&st=TX&_requestid=85909" "Mozilla/5.0 (Windows; U; Windows NT 5.1; en-US; rv:1.7.5) Gecko/20060912 Netscape/8.1.2" hm 583
72.177.241.128 - - [14/Dec/2006:00:01:08 -0800] "GET /shared/nav/icon_helpOff.gif HTTP/1.1" 200 392 "http://www.yellowpages.com/" "Mozilla/5.0 (Windows; U; Windows NT 5.1; en-US; rv:1.8.0.8) Gecko/20061025 Firefox/1.5.0.8" hm 457
72.177.241.128 - - [14/Dec/2006:00:01:08 -0800] "GET /shared/space.gif HTTP/1.1" 200 69 "http://www.yellowpages.com/" "Mozilla/5.0 (Windows; U; Windows NT 5.1; en-US; rv:1.8.0.8) Gecko/20061025 Firefox/1.5.0.8" hm 786
72.177.241.128 - - [14/Dec/2006:00:01:08 -0800] "GET /homepage/bot_box.gif HTTP/1.1" 200 2253 "http://www.yellowpages.com/" "Mozilla/5.0 (Windows; U; Windows NT 5.1; en-US; rv:1.8.0.8) Gecko/20061025 Firefox/1.5.0.8" hm 535
72.177.241.128 - - [14/Dec/2006:00:01:08 -0800] "GET /promo/images/space.gif HTTP/1.1" 200 44 "http://www.yellowpages.com/" "Mozilla/5.0 (Windows; U; Windows NT 5.1; en-US; rv:1.8.0.8) Gecko/20061025 Firefox/1.5.0.8" hm 483
72.177.241.128 - - [14/Dec/2006:00:01:08 -0800] "GET /promo/images2/spacer_bottom.gif HTTP/1.1" 200 1444 "http://www.yellowpages.com/" "Mozilla/5.0 (Windows; U; Windows NT 5.1; en-US; rv:1.8.0.8) Gecko/20061025 Firefox/1.5.0.8" hm 487
72.177.241.128 - - [14/Dec/2006:00:01:08 -0800] "GET /promo/images/button1_off.gif HTTP/1.1" 200 439 "http://www.yellowpages.com/" "Mozilla/5.0 (Windows; U; Windows NT 5.1; en-US; rv:1.8.0.8) Gecko/20061025 Firefox/1.5.0.8" hm 405
72.177.241.128 - - [14/Dec/2006:00:01:08 -0800] "GET /shared/nav/bg_topNavUserReg.gif HTTP/1.1" 200 149 "http://www.yellowpages.com/" "Mozilla/5.0 (Windows; U; Windows NT 5.1; en-US; rv:1.8.0.8) Gecko/20061025 Firefox/1.5.0.8" hm 529
72.177.241.128 - - [14/Dec/2006:00:01:08 -0800] "GET /promo/images/intro_image.jpg HTTP/1.1" 200 28880 "http://www.yellowpages.com/" "Mozilla/5.0 (Windows; U; Windows NT 5.1; en-US; rv:1.8.0.8) Gecko/20061025 Firefox/1.5.0.8" hm 629
208.100.231.231 - - [14/Dec/2006:00:01:09 -0800] "GET /yellowpages/catVal_topLine HTTP/1.1" 200 43 "http://www.yellowpages.com/sp/yellowpages/ypresults.jsp;jsessionid=NK53Y14Q3BCP5QFI4AZRF2Q?t=0&v=3&s=4&p=1&q=Attorneys-Personal+Injury+Law&ci=mobile&st=AL&rc=1&referrer=3" "Mozilla/4.0 (compatible; MSIE 6.0; Windows NT 5.1; SV1; FunWebProducts; .NET CLR 1.1.4322)" pr 18710
71.193.70.172 - - [14/Dec/2006:00:01:09 -0800] "GET /whitepages/header_wp_rt_top.gif HTTP/1.1" 200 2605 "http://us.f326.mail.yahoo.com/dc/blank.html?bn=314.41" "Mozilla/5.0 (Windows; U; Windows NT 5.1; en-US; rv:1.8.0.8) Gecko/20061025 Firefox/1.5.0.8" hm 488
71.193.70.172 - - [14/Dec/2006:00:01:09 -0800] "GET /shared/YP_smlogo.gif HTTP/1.1" 200 2326 "http://us.f326.mail.yahoo.com/dc/blank.html?bn=314.41" "Mozilla/5.0 (Windows; U; Windows NT 5.1; en-US; rv:1.8.0.8) Gecko/20061025 Firefox/1.5.0.8" hm 421
72.177.241.128 - - [14/Dec/2006:00:01:09 -0800] "GET /favicon.ico HTTP/1.1" 200 110 "-" "Mozilla/5.0 (Windows; U; Windows NT 5.1; en-US; rv:1.8.0.8) Gecko/20061025 Firefox/1.5.0.8" hm 374
71.109.231.232 - - [14/Dec/2006:00:01:09 -0800] "GET /yellowpages/viewtabs2/left_on.gif HTTP/1.1" 200 196 "http://www.yellowpages.com/sp/yellowpages/ypresults.jsp?t=0&v=3&s=2&q=hotels+motels&ci=Panorama+City&st=CA&cv1=y&_requestid=397716" "Mozilla/5.0 (Windows; U; Windows NT 5.1; en-US; rv:1.8.0.8) Gecko/20061025 Firefox/1.5.0.8" hm 453
71.109.231.232 - - [14/Dec/2006:00:01:09 -0800] "GET /yellowpages/viewtabs2/right_off.gif HTTP/1.1" 200 372 "http://www.yellowpages.com/sp/yellowpages/ypresults.jsp?t=0&v=3&s=2&q=hotels+motels&ci=Panorama+City&st=CA&cv1=y&_requestid=397716" "Mozilla/5.0 (Windows; U; Windows NT 5.1; en-US; rv:1.8.0.8) Gecko/20061025 Firefox/1.5.0.8" hm 421
71.109.231.232 - - [14/Dec/2006:00:01:09 -0800] "GET /yellowpages/viewtabs2/bg_line.gif HTTP/1.1" 200 53 "http://www.yellowpages.com/sp/yellowpages/ypresults.jsp?t=0&v=3&s=2&q=hotels+motels&ci=Panorama+City&st=CA&cv1=y&_requestid=397716" "Mozilla/5.0 (Windows; U; Windows NT 5.1; en-US; rv:1.8.0.8) Gecko/20061025 Firefox/1.5.0.8" hm 455
71.109.231.232 - - [14/Dec/2006:00:01:10 -0800] "GET /yellowpages/viewtabs2/bg_off.gif HTTP/1.1" 200 194 "http://www.yellowpages.com/sp/yellowpages/ypresults.jsp?t=0&v=3&s=2&q=hotels+motels&ci=Panorama+City&st=CA&cv1=y&_requestid=397716" "Mozilla/5.0 (Windows; U; Windows NT 5.1; en-US; rv:1.8.0.8) Gecko/20061025 Firefox/1.5.0.8" hm 441
172.190.172.229 - - [14/Dec/2006:00:01:10 -0800] "GET /co/anywho/corner_header.gif HTTP/1.1" 200 415 "http://anywho.yellowpages.com/sp/co/anywho/aw_ypresults.jsp;jsessionid=T32ILHTC4KHJ3QFI201BF2Q?t=0&v=2&s=1&q=america's+beverage+company&ci=irving&st=TX&_requestid=85909" "Mozilla/5.0 (Windows; U; Windows NT 5.1; en-US; rv:1.7.5) Gecko/20060912 Netscape/8.1.2" hm 433
71.109.231.232 - - [14/Dec/2006:00:01:10 -0800] "GET /yellowpages/catVal_topLine HTTP/1.1" 200 43 "http://www.yellowpages.com/sp/yellowpages/ypresults.jsp?t=0&v=3&s=2&q=hotels+motels&ci=Panorama+City&st=CA&cv1=y&_requestid=397716" "Mozilla/5.0 (Windows; U; Windows NT 5.1; en-US; rv:1.8.0.8) Gecko/20061025 Firefox/1.5.0.8" pr 15460
172.190.172.229 - - [14/Dec/2006:00:01:11 -0800] "GET /co/anywho/nav_link_spacer.gif HTTP/1.1" 200 157 "http://anywho.yellowpages.com/sp/co/anywho/aw_ypresults.jsp;jsessionid=T32ILHTC4KHJ3QFI201BF2Q?t=0&v=2&s=1&q=america's+beverage+company&ci=irving&st=TX&_requestid=85909" "Mozilla/5.0 (Windows; U; Windows NT 5.1; en-US; rv:1.7.5) Gecko/20060912 Netscape/8.1.2" hm 452
71.193.70.172 - - [14/Dec/2006:00:01:11 -0800] "GET /whitepages/header_wp.gif HTTP/1.1" 200 1050 "http://us.f326.mail.yahoo.com/dc/blank.html?bn=314.41" "Mozilla/5.0 (Windows; U; Windows NT 5.1; en-US; rv:1.8.0.8) Gecko/20061025 Firefox/1.5.0.8" hm 418
71.193.70.172 - - [14/Dec/2006:00:01:11 -0800] "GET /contact/feedback/header_email_rt_bot.jpg HTTP/1.1" 200 4406 "http://us.f326.mail.yahoo.com/dc/blank.html?bn=314.41" "Mozilla/5.0 (Windows; U; Windows NT 5.1; en-US; rv:1.8.0.8) Gecko/20061025 Firefox/1.5.0.8" hm 414
172.190.172.229 - - [14/Dec/2006:00:01:11 -0800] "GET /co/anywho/nav_home_a.gif HTTP/1.1" 200 686 "http://anywho.yellowpages.com/sp/co/anywho/aw_ypresults.jsp;jsessionid=T32ILHTC4KHJ3QFI201BF2Q?t=0&v=2&s=1&q=america's+beverage+company&ci=irving&st=TX&_requestid=85909" "Mozilla/5.0 (Windows; U; Windows NT 5.1; en-US; rv:1.7.5) Gecko/20060912 Netscape/8.1.2" hm 459
172.190.172.229 - - [14/Dec/2006:00:01:12 -0800] "GET /co/anywho/nav_white_a.gif HTTP/1.1" 200 1131 "http://anywho.yellowpages.com/sp/co/anywho/aw_ypresults.jsp;jsessionid=T32ILHTC4KHJ3QFI201BF2Q?t=0&v=2&s=1&q=america's+beverage+company&ci=irving&st=TX&_requestid=85909" "Mozilla/5.0 (Windows; U; Windows NT 5.1; en-US; rv:1.7.5) Gecko/20060912 Netscape/8.1.2" hm 475
75.10.111.153 - - [14/Dec/2006:00:01:12 -0800] "GET /shared/searchboxes/hs_help.gif HTTP/1.1" 200 361 "http://www.yellowpages.com/guide/consumerguides/" "Mozilla/4.0 (compatible; MSIE 7.0; Windows NT 5.1; .NET CLR 1.1.4322; IEMB3; ZangoToolbar 4.8.3; IEMB3)" hm 540
208.100.231.231 - - [14/Dec/2006:00:01:12 -0800] "GET /displaygif/bls/jo/_g/johnsonjamesaatty_g.gif HTTP/1.1" 200 7870 "http://www.yellowpages.com/sp/yellowpages/ypresults.jsp;jsessionid=NK53Y14Q3BCP5QFI4AZRF2Q?t=0&v=3&s=4&p=1&q=Attorneys-Personal+Injury+Law&ci=mobile&st=AL&rc=1&referrer=3" "Mozilla/4.0 (compatible; MSIE 6.0; Windows NT 5.1; SV1; FunWebProducts; .NET CLR 1.1.4322)" mi 42846
75.10.111.153 - - [14/Dec/2006:00:01:12 -0800] "GET /smartguides/headers/gateway.gif HTTP/1.1" 200 1191 "http://www.yellowpages.com/guide/consumerguides/" "Mozilla/4.0 (compatible; MSIE 7.0; Windows NT 5.1; .NET CLR 1.1.4322; IEMB3; ZangoToolbar 4.8.3; IEMB3)" hm 472
75.10.111.153 - - [14/Dec/2006:00:01:12 -0800] "GET /smartguides/headers/gateway1.jpg HTTP/1.1" 200 3845 "http://www.yellowpages.com/guide/consumerguides/" "Mozilla/4.0 (compatible; MSIE 7.0; Windows NT 5.1; .NET CLR 1.1.4322; IEMB3; ZangoToolbar 4.8.3; IEMB3)" hm 421
75.10.111.153 - - [14/Dec/2006:00:01:12 -0800] "GET /smartguides/headers/gateway2.jpg HTTP/1.1" 200 5415 "http://www.yellowpages.com/guide/consumerguides/" "Mozilla/4.0 (compatible; MSIE 7.0; Windows NT 5.1; .NET CLR 1.1.4322; IEMB3; ZangoToolbar 4.8.3; IEMB3)" mi 5342
172.190.172.229 - - [14/Dec/2006:00:01:13 -0800] "GET /co/anywho/nav_help_a.gif HTTP/1.1" 200 604 "http://anywho.yellowpages.com/sp/co/anywho/aw_ypresults.jsp;jsessionid=T32ILHTC4KHJ3QFI201BF2Q?t=0&v=2&s=1&q=america's+beverage+company&ci=irving&st=TX&_requestid=85909" "Mozilla/5.0 (Windows; U; Windows NT 5.1; en-US; rv:1.7.5) Gecko/20060912 Netscape/8.1.2" hm 437
172.190.172.229 - - [14/Dec/2006:00:01:13 -0800] "GET /co/anywho/arrow_02.gif HTTP/1.1" 200 189 "http://anywho.yellowpages.com/sp/co/anywho/aw_ypresults.jsp;jsessionid=T32ILHTC4KHJ3QFI201BF2Q?t=0&v=2&s=1&q=america's+beverage+company&ci=irving&st=TX&_requestid=85909" "Mozilla/5.0 (Windows; U; Windows NT 5.1; en-US; rv:1.7.5) Gecko/20060912 Netscape/8.1.2" hm 566
66.251.204.225 - - [14/Dec/2006:00:01:14 -0800] "GET /maps/dashboard/btn_road_off.gif HTTP/1.1" 200 1320 "-" "Mozilla/4.0 (compatible; MSIE 6.0; Windows NT 5.1; SV1; .NET CLR 1.0.3705; .NET CLR 1.1.4322; Media Center PC 4.0)" hm 445
172.190.172.229 - - [14/Dec/2006:00:01:14 -0800] "GET /co/anywho/leftnavtop_02.gif HTTP/1.1" 200 217 "http://anywho.yellowpages.com/sp/co/anywho/aw_ypresults.jsp;jsessionid=T32ILHTC4KHJ3QFI201BF2Q?t=0&v=2&s=1&q=america's+beverage+company&ci=irving&st=TX&_requestid=85909" "Mozilla/5.0 (Windows; U; Windows NT 5.1; en-US; rv:1.7.5) Gecko/20060912 Netscape/8.1.2" hm 493
172.190.172.229 - - [14/Dec/2006:00:01:14 -0800] "GET /co/anywho/bbb_online_privacyseal6.gif HTTP/1.1" 200 1348 "http://anywho.yellowpages.com/sp/co/anywho/aw_ypresults.jsp;jsessionid=T32ILHTC4KHJ3QFI201BF2Q?t=0&v=2&s=1&q=america's+beverage+company&ci=irving&st=TX&_requestid=85909" "Mozilla/5.0 (Windows; U; Windows NT 5.1; en-US; rv:1.7.5) Gecko/20060912 Netscape/8.1.2" hm 460
172.190.172.229 - - [14/Dec/2006:00:01:15 -0800] "GET /co/anywho/biz_image.jpg HTTP/1.1" 200 5049 "http://anywho.yellowpages.com/sp/co/anywho/aw_ypresults.jsp;jsessionid=T32ILHTC4KHJ3QFI201BF2Q?t=0&v=2&s=1&q=america's+beverage+company&ci=irving&st=TX&_requestid=85909" "Mozilla/5.0 (Windows; U; Windows NT 5.1; en-US; rv:1.7.5) Gecko/20060912 Netscape/8.1.2" hm 504
172.190.172.229 - - [14/Dec/2006:00:01:17 -0800] "GET /co/anywho/button_search.gif HTTP/1.1" 200 813 "http://anywho.yellowpages.com/sp/co/anywho/aw_ypresults.jsp;jsessionid=T32ILHTC4KHJ3QFI201BF2Q?t=0&v=2&s=1&q=america's+beverage+company&ci=irving&st=TX&_requestid=85909" "Mozilla/5.0 (Windows; U; Windows NT 5.1; en-US; rv:1.7.5) Gecko/20060912 Netscape/8.1.2" hm 515
59.162.218.66 - - [14/Dec/2006:00:01:17 -0800] "GET /advertise/stats.xml HTTP/1.0" 304 0 "-" "Mozilla/5.0 (Windows; U; Windows NT 5.2; en-US; rv:1.7.5) Gecko/20041107 Firefox/1.0" hm 548
172.190.172.229 - - [14/Dec/2006:00:01:17 -0800] "GET /shared/space.gif HTTP/1.1" 200 69 "http://anywho.yellowpages.com/sp/co/anywho/aw_ypresults.jsp;jsessionid=T32ILHTC4KHJ3QFI201BF2Q?t=0&v=2&s=1&q=america's+beverage+company&ci=irving&st=TX&_requestid=85909" "Mozilla/5.0 (Windows; U; Windows NT 5.1; en-US; rv:1.7.5) Gecko/20060912 Netscape/8.1.2" hm 421
89.211.33.106 - - [14/Dec/2006:00:01:18 -0800] "GET /yellowpages/catVal_topLine HTTP/1.1" 200 43 "http://www.yellowpages.com/sp/yellowpages/ypresults.jsp?t=0&v=3&s=2&p=11&q=Banks&ci=Houston&st=TX&fResult=yes&q=Banks" "Mozilla/4.0 (compatible; MSIE 6.0; Windows NT 5.1; SV1; InfoPath.1; .NET CLR 1.1.4322; .NET CLR 2.0.50727)" pr 15451
172.190.172.229 - - [14/Dec/2006:00:01:18 -0800] "GET /yellowpages/viewtabs2/bg_line.gif HTTP/1.1" 200 53 "http://anywho.yellowpages.com/sp/co/anywho/aw_ypresults.jsp;jsessionid=T32ILHTC4KHJ3QFI201BF2Q?t=0&v=2&s=1&q=america's+beverage+company&ci=irving&st=TX&_requestid=85909" "Mozilla/5.0 (Windows; U; Windows NT 5.1; en-US; rv:1.7.5) Gecko/20060912 Netscape/8.1.2" hm 465
172.190.172.229 - - [14/Dec/2006:00:01:19 -0800] "GET /yellowpages/viewtabs2/mid_on_off.gif HTTP/1.1" 200 423 "http://anywho.yellowpages.com/sp/co/anywho/aw_ypresults.jsp;jsessionid=T32ILHTC4KHJ3QFI201BF2Q?t=0&v=2&s=1&q=america's+beverage+company&ci=irving&st=TX&_requestid=85909" "Mozilla/5.0 (Windows; U; Windows NT 5.1; en-US; rv:1.7.5) Gecko/20060912 Netscape/8.1.2" hm 435
172.190.172.229 - - [14/Dec/2006:00:01:20 -0800] "GET /yellowpages/viewtabs2/bg_on.gif HTTP/1.1" 200 63 "http://anywho.yellowpages.com/sp/co/anywho/aw_ypresults.jsp;jsessionid=T32ILHTC4KHJ3QFI201BF2Q?t=0&v=2&s=1&q=america's+beverage+company&ci=irving&st=TX&_requestid=85909" "Mozilla/5.0 (Windows; U; Windows NT 5.1; en-US; rv:1.7.5) Gecko/20060912 Netscape/8.1.2" hm 498
61.145.155.128 - - [14/Dec/2006:00:01:21 -0800] "GET /shared/YP_smlogo.gif HTTP/1.1" 200 2326 "http://www.yellowpages.com/sp/yellowpages/index.jsp" "Mozilla/4.0 (compatible; MSIE 6.0; Windows NT 5.1; SV1)" hm 405
172.190.172.229 - - [14/Dec/2006:00:01:21 -0800] "GET /shared/pagination/arrow_prev_dub_off.gif HTTP/1.1" 200 69 "http://anywho.yellowpages.com/sp/co/anywho/aw_ypresults.jsp;jsessionid=T32ILHTC4KHJ3QFI201BF2Q?t=0&v=2&s=1&q=america's+beverage+company&ci=irving&st=TX&_requestid=85909" "Mozilla/5.0 (Windows; U; Windows NT 5.1; en-US; rv:1.7.5) Gecko/20060912 Netscape/8.1.2" hm 444
61.145.155.128 - - [14/Dec/2006:00:01:22 -0800] "GET /yellowpages/header_yp.gif HTTP/1.1" 200 1347 "http://www.yellowpages.com/sp/yellowpages/index.jsp" "Mozilla/4.0 (compatible; MSIE 6.0; Windows NT 5.1; SV1)" hm 440
172.190.172.229 - - [14/Dec/2006:00:01:22 -0800] "GET /shared/pagination/arrow_next_off.gif HTTP/1.1" 200 61 "http://anywho.yellowpages.com/sp/co/anywho/aw_ypresults.jsp;jsessionid=T32ILHTC4KHJ3QFI201BF2Q?t=0&v=2&s=1&q=america's+beverage+company&ci=irving&st=TX&_requestid=85909" "Mozilla/5.0 (Windows; U; Windows NT 5.1; en-US; rv:1.7.5) Gecko/20060912 Netscape/8.1.2" hm 471
172.190.172.229 - - [14/Dec/2006:00:01:23 -0800] "GET /yellowpages/hdr_all_listings2.gif HTTP/1.1" 200 387 "http://anywho.yellowpages.com/sp/co/anywho/aw_ypresults.jsp;jsessionid=T32ILHTC4KHJ3QFI201BF2Q?t=0&v=2&s=1&q=america's+beverage+company&ci=irving&st=TX&_requestid=85909" "Mozilla/5.0 (Windows; U; Windows NT 5.1; en-US; rv:1.7.5) Gecko/20060912 Netscape/8.1.2" hm 530
220.231.195.34 - - [14/Dec/2006:00:01:23 -0800] "GET /shared/logo_footerbls.gif HTTP/1.1" 200 1721 "-" "Mozilla/4.0 (compatible; MSIE 6.0; Windows NT 5.1; SV1; .NET CLR 1.1.4322)" hm 442
172.190.172.229 - - [14/Dec/2006:00:01:23 -0800] "GET /shared/border_horizontaldot.gif HTTP/1.1" 200 46 "http://anywho.yellowpages.com/sp/co/anywho/aw_ypresults.jsp;jsessionid=T32ILHTC4KHJ3QFI201BF2Q?t=0&v=2&s=1&q=america's+beverage+company&ci=irving&st=TX&_requestid=85909" "Mozilla/5.0 (Windows; U; Windows NT 5.1; en-US; rv:1.7.5) Gecko/20060912 Netscape/8.1.2" hm 428
61.145.155.128 - - [14/Dec/2006:00:01:24 -0800] "GET /yellowpages/header_yp_rt_bot.jpg HTTP/1.1" 200 1955 "http://www.yellowpages.com/sp/yellowpages/index.jsp" "Mozilla/4.0 (compatible; MSIE 6.0; Windows NT 5.1; SV1)" hm 476
172.190.172.229 - - [14/Dec/2006:00:01:25 -0800] "GET /co/anywho/graydots_hor.gif HTTP/1.1" 200 157 "http://anywho.yellowpages.com/sp/co/anywho/aw_ypresults.jsp;jsessionid=T32ILHTC4KHJ3QFI201BF2Q?t=0&v=2&s=1&q=america's+beverage+company&ci=irving&st=TX&_requestid=85909" "Mozilla/5.0 (Windows; U; Windows NT 5.1; en-US; rv:1.7.5) Gecko/20060912 Netscape/8.1.2" hm 512
61.145.155.128 - - [14/Dec/2006:00:01:25 -0800] "GET /yellowpages/subhdr_pn.gif HTTP/1.1" 200 1260 "http://www.yellowpages.com/sp/yellowpages/index.jsp" "Mozilla/4.0 (compatible; MSIE 6.0; Windows NT 5.1; SV1)" hm 409
172.190.172.229 - - [14/Dec/2006:00:01:25 -0800] "GET /co/anywho/text_google.gif HTTP/1.1" 200 1777 "http://anywho.yellowpages.com/sp/co/anywho/aw_ypresults.jsp;jsessionid=T32ILHTC4KHJ3QFI201BF2Q?t=0&v=2&s=1&q=america's+beverage+company&ci=irving&st=TX&_requestid=85909" "Mozilla/5.0 (Windows; U; Windows NT 5.1; en-US; rv:1.7.5) Gecko/20060912 Netscape/8.1.2" hm 410
172.190.172.229 - - [14/Dec/2006:00:01:27 -0800] "GET /co/anywho/text_misc.gif HTTP/1.1" 200 663 "http://anywho.yellowpages.com/sp/co/anywho/aw_ypresults.jsp;jsessionid=T32ILHTC4KHJ3QFI201BF2Q?t=0&v=2&s=1&q=america's+beverage+company&ci=irving&st=TX&_requestid=85909" "Mozilla/5.0 (Windows; U; Windows NT 5.1; en-US; rv:1.7.5) Gecko/20060912 Netscape/8.1.2" hm 483
172.190.172.229 - - [14/Dec/2006:00:01:28 -0800] "GET /co/anywho/footer_top.gif HTTP/1.1" 200 2825 "http://anywho.yellowpages.com/sp/co/anywho/aw_ypresults.jsp;jsessionid=T32ILHTC4KHJ3QFI201BF2Q?t=0&v=2&s=1&q=america's+beverage+company&ci=irving&st=TX&_requestid=85909" "Mozilla/5.0 (Windows; U; Windows NT 5.1; en-US; rv:1.7.5) Gecko/20060912 Netscape/8.1.2" hm 485
89.211.33.106 - - [14/Dec/2006:00:01:31 -0800] "GET /displayswf/sbc/TX/34/TX262434.swf?purl=/sp/yellowpages/getypclick.jsp%3Fid%3D73813483%26q%3DBanks%26searchId%3D0%26impressionId%3D161%26linkType%3D19%26listingId%3D73813483%26ci%3DHouston%26zp%3D%26st%3DTX HTTP/1.1" 200 6934 "-" "Mozilla/4.0 (compatible; MSIE 6.0; Windows NT 5.1; SV1; InfoPath.1; .NET CLR 1.1.4322; .NET CLR 2.0.50727)" mi 4537
76.172.141.75 - - [14/Dec/2006:00:01:32 -0800] "GET /maps/dashboard/bar.gif HTTP/1.1" 304 0 "-" "Mozilla/4.0 (compatible; MSIE 6.0; Windows NT 5.1; SV1; FunWebProducts; .NET CLR 1.1.4322)" hm 465
172.190.172.229 - - [14/Dec/2006:00:01:32 -0800] "GET /favicon.ico HTTP/1.1" 200 110 "-" "Mozilla/5.0 (Windows; U; Windows NT 5.1; en-US; rv:1.7.5) Gecko/20060912 Netscape/8.1.2" hm 445
76.172.141.75 - - [14/Dec/2006:00:01:32 -0800] "GET /maps/dashboard/area.gif HTTP/1.1" 304 0 "-" "Mozilla/4.0 (compatible; MSIE 6.0; Windows NT 5.1; SV1; FunWebProducts; .NET CLR 1.1.4322)" hm 401
76.172.141.75 - - [14/Dec/2006:00:01:32 -0800] "GET /maps/dashboard/street.gif HTTP/1.1" 200 188 "-" "Mozilla/4.0 (compatible; MSIE 6.0; Windows NT 5.1; SV1; FunWebProducts; .NET CLR 1.1.4322)" hm 396
76.172.141.75 - - [14/Dec/2006:00:01:32 -0800] "GET /maps/dashboard/bar.gif HTTP/1.1" 304 0 "-" "Mozilla/4.0 (compatible; MSIE 6.0; Windows NT 5.1; SV1; FunWebProducts; .NET CLR 1.1.4322)" hm 378
66.57.194.91 - - [14/Dec/2006:00:01:32 -0800] "GET /shared/nav/bg_topNav.gif HTTP/1.1" 200 155 "http://www.yellowpages.com/" "Mozilla/4.0 (compatible; MSIE 6.0; Windows NT 5.1; SV1; .NET CLR 1.1.4322; PeoplePal 3.0)" hm 402
76.172.141.75 - - [14/Dec/2006:00:01:32 -0800] "GET /maps/dashboard/street.gif HTTP/1.1" 200 188 "-" "Mozilla/4.0 (compatible; MSIE 6.0; Windows NT 5.1; SV1; FunWebProducts; .NET CLR 1.1.4322)" hm 389
66.57.194.91 - - [14/Dec/2006:00:01:32 -0800] "GET /shared/space.gif HTTP/1.1" 200 69 "http://www.yellowpages.com/" "Mozilla/4.0 (compatible; MSIE 6.0; Windows NT 5.1; SV1; .NET CLR 1.1.4322; PeoplePal 3.0)" hm 396
76.172.141.75 - - [14/Dec/2006:00:01:32 -0800] "GET /maps/dashboard/state.gif HTTP/1.1" 200 178 "-" "Mozilla/4.0 (compatible; MSIE 6.0; Windows NT 5.1; SV1; FunWebProducts; .NET CLR 1.1.4322)" hm 385
66.57.194.91 - - [14/Dec/2006:00:01:32 -0800] "GET /shared/nav/bg_topNavUserReg.gif HTTP/1.1" 200 149 "http://www.yellowpages.com/" "Mozilla/4.0 (compatible; MSIE 6.0; Windows NT 5.1; SV1; .NET CLR 1.1.4322; PeoplePal 3.0)" hm 400
76.172.141.75 - - [14/Dec/2006:00:01:32 -0800] "GET /maps/dashboard/yplogo.gif HTTP/1.1" 200 1191 "-" "Mozilla/4.0 (compatible; MSIE 6.0; Windows NT 5.1; SV1; FunWebProducts; .NET CLR 1.1.4322)" hm 378
66.57.194.91 - - [14/Dec/2006:00:01:32 -0800] "GET /shared/nav/icon_helpOff.gif HTTP/1.1" 200 392 "http://www.yellowpages.com/" "Mozilla/4.0 (compatible; MSIE 6.0; Windows NT 5.1; SV1; .NET CLR 1.1.4322; PeoplePal 3.0)" hm 397
66.57.194.91 - - [14/Dec/2006:00:01:32 -0800] "GET /shared/nav/icon_helpOver.gif HTTP/1.1" 200 604 "http://www.yellowpages.com/" "Mozilla/4.0 (compatible; MSIE 6.0; Windows NT 5.1; SV1; .NET CLR 1.1.4322; PeoplePal 3.0)" hm 386
66.57.194.91 - - [14/Dec/2006:00:01:32 -0800] "GET /homepage/top_box.gif HTTP/1.1" 200 1592 "http://www.yellowpages.com/" "Mozilla/4.0 (compatible; MSIE 6.0; Windows NT 5.1; SV1; .NET CLR 1.1.4322; PeoplePal 3.0)" hm 425
76.172.141.75 - - [14/Dec/2006:00:01:33 -0800] "GET /maps/dashboard/circle_disabled.gif HTTP/1.1" 304 0 "-" "Mozilla/4.0 (compatible; MSIE 6.0; Windows NT 5.1; SV1; FunWebProducts; .NET CLR 1.1.4322)" hm 403
66.57.194.91 - - [14/Dec/2006:00:01:33 -0800] "GET /homepage/left_box2.gif HTTP/1.1" 200 1416 "http://www.yellowpages.com/" "Mozilla/4.0 (compatible; MSIE 6.0; Windows NT 5.1; SV1; .NET CLR 1.1.4322; PeoplePal 3.0)" hm 453
66.57.194.91 - - [14/Dec/2006:00:01:33 -0800] "GET /promo/images2/spacer_top.gif HTTP/1.1" 200 1581 "http://www.yellowpages.com/" "Mozilla/4.0 (compatible; MSIE 6.0; Windows NT 5.1; SV1; .NET CLR 1.1.4322; PeoplePal 3.0)" hm 385
66.57.194.91 - - [14/Dec/2006:00:01:34 -0800] "GET /promo/images/go_button.gif HTTP/1.1" 200 186 "http://www.yellowpages.com/" "Mozilla/4.0 (compatible; MSIE 6.0; Windows NT 5.1; SV1; .NET CLR 1.1.4322; PeoplePal 3.0)" hm 436
66.57.194.91 - - [14/Dec/2006:00:01:34 -0800] "GET /promo/images/space.gif HTTP/1.1" 200 44 "http://www.yellowpages.com/" "Mozilla/4.0 (compatible; MSIE 6.0; Windows NT 5.1; SV1; .NET CLR 1.1.4322; PeoplePal 3.0)" hm 390
66.57.194.91 - - [14/Dec/2006:00:01:34 -0800] "GET /homepage/bg_searchbox.gif HTTP/1.1" 200 410 "http://www.yellowpages.com/" "Mozilla/4.0 (compatible; MSIE 6.0; Windows NT 5.1; SV1; .NET CLR 1.1.4322; PeoplePal 3.0)" hm 376
66.57.194.91 - - [14/Dec/2006:00:01:34 -0800] "GET /promo/images/button2_off.gif HTTP/1.1" 200 504 "http://www.yellowpages.com/" "Mozilla/4.0 (compatible; MSIE 6.0; Windows NT 5.1; SV1; .NET CLR 1.1.4322; PeoplePal 3.0)" hm 378
66.57.194.91 - - [14/Dec/2006:00:01:34 -0800] "GET /promo/images/button4_off.gif HTTP/1.1" 200 430 "http://www.yellowpages.com/" "Mozilla/4.0 (compatible; MSIE 6.0; Windows NT 5.1; SV1; .NET CLR 1.1.4322; PeoplePal 3.0)" hm 395
66.57.194.91 - - [14/Dec/2006:00:01:34 -0800] "GET /promo/images2/spacer_bottom.gif HTTP/1.1" 200 1444 "http://www.yellowpages.com/" "Mozilla/4.0 (compatible; MSIE 6.0; Windows NT 5.1; SV1; .NET CLR 1.1.4322; PeoplePal 3.0)" hm 394
66.57.194.91 - - [14/Dec/2006:00:01:34 -0800] "GET /homepage/hp_browse.gif HTTP/1.1" 200 1106 "http://www.yellowpages.com/" "Mozilla/4.0 (compatible; MSIE 6.0; Windows NT 5.1; SV1; .NET CLR 1.1.4322; PeoplePal 3.0)" hm 382
66.57.194.91 - - [14/Dec/2006:00:01:35 -0800] "GET /backs/bg.gif HTTP/1.1" 200 51703 "http://www.yellowpages.com/" "Mozilla/4.0 (compatible; MSIE 6.0; Windows NT 5.1; SV1; .NET CLR 1.1.4322; PeoplePal 3.0)" hm 1475
70.119.37.177 - - [14/Dec/2006:00:01:38 -0800] "GET /yellowpages/viewtabs2/right_off.gif HTTP/1.1" 200 372 "http://www.yellowpages.com/sp/yellowpages/ypresults.jsp;jsessionid=HSO52QZZ2TXRFQFI4A1A4CQ?t=0&v=3&s=2&q=dentist+office&ci=Tallahassee&st=FL&zp=32304&cv1=y&_requestid=498154" "Mozilla/4.0 (compatible; MSIE 6.0; America Online Browser 1.1; Windows NT 5.1; SV1; .NET CLR 1.1.4322)" hm 517
70.119.37.177 - - [14/Dec/2006:00:01:38 -0800] "GET /yellowpages/viewtabs2/bg_line.gif HTTP/1.1" 200 53 "http://www.yellowpages.com/sp/yellowpages/ypresults.jsp;jsessionid=HSO52QZZ2TXRFQFI4A1A4CQ?t=0&v=3&s=2&q=dentist+office&ci=Tallahassee&st=FL&zp=32304&cv1=y&_requestid=498154" "Mozilla/4.0 (compatible; MSIE 6.0; America Online Browser 1.1; Windows NT 5.1; SV1; .NET CLR 1.1.4322)" hm 454
75.74.96.8 - - [14/Dec/2006:00:01:39 -0800] "GET /shared/question_mrk.gif HTTP/1.1" 200 230 "http://www.yellowpages.com/sp/yellowpages/ypresults.jsp;jsessionid=RKOSHJQ43IPCNQFI4AZQ4CQ?t=0&v=2&s=1&q=premium+mortgage+%26+investments&ci=Miami&st=FL&zp=33134&_requestid=504483" "Mozilla/5.0 (Windows; U; Windows NT 5.1; en-US; rv:1.8.0.8) Gecko/20061025 Firefox/1.5.0.8" hm 532
75.74.96.8 - - [14/Dec/2006:00:01:39 -0800] "GET /yellowpages/viewtabs2/mid_off_on.gif HTTP/1.1" 200 420 "http://www.yellowpages.com/sp/yellowpages/ypresults.jsp;jsessionid=RKOSHJQ43IPCNQFI4AZQ4CQ?t=0&v=2&s=1&q=premium+mortgage+%26+investments&ci=Miami&st=FL&zp=33134&_requestid=504483" "Mozilla/5.0 (Windows; U; Windows NT 5.1; en-US; rv:1.8.0.8) Gecko/20061025 Firefox/1.5.0.8" hm 406
75.74.96.8 - - [14/Dec/2006:00:01:39 -0800] "GET /yellowpages/viewtabs2/right_off.gif HTTP/1.1" 200 372 "http://www.yellowpages.com/sp/yellowpages/ypresults.jsp;jsessionid=RKOSHJQ43IPCNQFI4AZQ4CQ?t=0&v=2&s=1&q=premium+mortgage+%26+investments&ci=Miami&st=FL&zp=33134&_requestid=504483" "Mozilla/5.0 (Windows; U; Windows NT 5.1; en-US; rv:1.8.0.8) Gecko/20061025 Firefox/1.5.0.8" hm 477
75.74.96.8 - - [14/Dec/2006:00:01:39 -0800] "GET /shared/pagination/arrow_next_off.gif HTTP/1.1" 200 61 "http://www.yellowpages.com/sp/yellowpages/ypresults.jsp;jsessionid=RKOSHJQ43IPCNQFI4AZQ4CQ?t=0&v=2&s=1&q=premium+mortgage+%26+investments&ci=Miami&st=FL&zp=33134&_requestid=504483" "Mozilla/5.0 (Windows; U; Windows NT 5.1; en-US; rv:1.8.0.8) Gecko/20061025 Firefox/1.5.0.8" hm 436
75.74.96.8 - - [14/Dec/2006:00:01:39 -0800] "GET /yellowpages/hdr_all_listings2.gif HTTP/1.1" 200 387 "http://www.yellowpages.com/sp/yellowpages/ypresults.jsp;jsessionid=RKOSHJQ43IPCNQFI4AZQ4CQ?t=0&v=2&s=1&q=premium+mortgage+%26+investments&ci=Miami&st=FL&zp=33134&_requestid=504483" "Mozilla/5.0 (Windows; U; Windows NT 5.1; en-US; rv:1.8.0.8) Gecko/20061025 Firefox/1.5.0.8" hm 416
75.74.96.8 - - [14/Dec/2006:00:01:39 -0800] "GET /yellowpages/viewtabs2/bg_line.gif HTTP/1.1" 200 53 "http://www.yellowpages.com/sp/yellowpages/ypresults.jsp;jsessionid=RKOSHJQ43IPCNQFI4AZQ4CQ?t=0&v=2&s=1&q=premium+mortgage+%26+investments&ci=Miami&st=FL&zp=33134&_requestid=504483" "Mozilla/5.0 (Windows; U; Windows NT 5.1; en-US; rv:1.8.0.8) Gecko/20061025 Firefox/1.5.0.8" hm 422
75.74.96.8 - - [14/Dec/2006:00:01:39 -0800] "GET /yellowpages/viewtabs2/bg_on.gif HTTP/1.1" 200 63 "http://www.yellowpages.com/sp/yellowpages/ypresults.jsp;jsessionid=RKOSHJQ43IPCNQFI4AZQ4CQ?t=0&v=2&s=1&q=premium+mortgage+%26+investments&ci=Miami&st=FL&zp=33134&_requestid=504483" "Mozilla/5.0 (Windows; U; Windows NT 5.1; en-US; rv:1.8.0.8) Gecko/20061025 Firefox/1.5.0.8" hm 405
75.74.96.8 - - [14/Dec/2006:00:01:39 -0800] "GET /yellowpages/catVal_topLine HTTP/1.1" 200 43 "http://www.yellowpages.com/sp/yellowpages/ypresults.jsp;jsessionid=RKOSHJQ43IPCNQFI4AZQ4CQ?t=0&v=2&s=1&q=premium+mortgage+%26+investments&ci=Miami&st=FL&zp=33134&_requestid=504483" "Mozilla/5.0 (Windows; U; Windows NT 5.1; en-US; rv:1.8.0.8) Gecko/20061025 Firefox/1.5.0.8" pr 14162
12.72.158.140 - - [14/Dec/2006:00:01:41 -0800] "GET /shared/yellowpages_logo2.gif HTTP/1.1" 200 2543 "http://www.yellowpages.com/?From=SBCYahoo&Return=sbc.yahoo.com&domain=sp" "Mozilla/4.0 (compatible; MSIE 6.0; Windows 98; Q312461; YPC 3.2.0; .NET CLR 1.1.4322; yplus 4.0.00d)" hm 467
70.137.126.251 - - [14/Dec/2006:00:01:41 -0800] "GET /maps/dashboard/btn_aerial_off.gif HTTP/1.1" 200 1330 "http://www.yellowpages.com/sp/moreinfo/index.jsp?id=81734829&q=Alfa%20Bail%20Bonding%20Company" "Mozilla/4.0 (compatible; MSIE 7.0; Windows NT 5.1; .NET CLR 1.1.4322)" hm 476
70.137.126.251 - - [14/Dec/2006:00:01:41 -0800] "GET /maps/dashboard/slider.gif HTTP/1.1" 200 193 "http://www.yellowpages.com/sp/moreinfo/index.jsp?id=81734829&q=Alfa%20Bail%20Bonding%20Company" "Mozilla/4.0 (compatible; MSIE 7.0; Windows NT 5.1; .NET CLR 1.1.4322)" hm 409
70.137.126.251 - - [14/Dec/2006:00:01:41 -0800] "GET /maps/dashboard/city.gif HTTP/1.1" 200 151 "http://www.yellowpages.com/sp/moreinfo/index.jsp?id=81734829&q=Alfa%20Bail%20Bonding%20Company" "Mozilla/4.0 (compatible; MSIE 7.0; Windows NT 5.1; .NET CLR 1.1.4322)" hm 417
70.137.126.251 - - [14/Dec/2006:00:01:42 -0800] "GET /maps/dashboard/area.gif HTTP/1.1" 200 161 "http://www.yellowpages.com/sp/moreinfo/index.jsp?id=81734829&q=Alfa%20Bail%20Bonding%20Company" "Mozilla/4.0 (compatible; MSIE 7.0; Windows NT 5.1; .NET CLR 1.1.4322)" hm 430
70.137.126.251 - - [14/Dec/2006:00:01:42 -0800] "GET /maps/dashboard/btn_road_on.gif HTTP/1.1" 200 1435 "http://www.yellowpages.com/sp/moreinfo/index.jsp?id=81734829&q=Alfa%20Bail%20Bonding%20Company" "Mozilla/4.0 (compatible; MSIE 7.0; Windows NT 5.1; .NET CLR 1.1.4322)" hm 417
70.137.126.251 - - [14/Dec/2006:00:01:42 -0800] "GET /maps/dashboard/yplogo.gif HTTP/1.1" 200 1191 "http://www.yellowpages.com/sp/moreinfo/index.jsp?id=81734829&q=Alfa%20Bail%20Bonding%20Company" "Mozilla/4.0 (compatible; MSIE 7.0; Windows NT 5.1; .NET CLR 1.1.4322)" hm 404
12.72.158.140 - - [14/Dec/2006:00:01:43 -0800] "GET /shared/space.gif HTTP/1.1" 200 69 "http://www.yellowpages.com/?From=SBCYahoo&Return=sbc.yahoo.com&domain=sp" "Mozilla/4.0 (compatible; MSIE 6.0; Windows 98; Q312461; YPC 3.2.0; .NET CLR 1.1.4322; yplus 4.0.00d)" hm 402
12.72.158.140 - - [14/Dec/2006:00:01:43 -0800] "GET /shared/nav/bg_topNavUserReg.gif HTTP/1.1" 200 149 "http://www.yellowpages.com/?From=SBCYahoo&Return=sbc.yahoo.com&domain=sp" "Mozilla/4.0 (compatible; MSIE 6.0; Windows 98; Q312461; YPC 3.2.0; .NET CLR 1.1.4322; yplus 4.0.00d)" hm 509
12.72.158.140 - - [14/Dec/2006:00:01:44 -0800] "GET /shared/nav/icon_helpOff.gif HTTP/1.1" 200 392 "http://www.yellowpages.com/?From=SBCYahoo&Return=sbc.yahoo.com&domain=sp" "Mozilla/4.0 (compatible; MSIE 6.0; Windows 98; Q312461; YPC 3.2.0; .NET CLR 1.1.4322; yplus 4.0.00d)" hm 446
12.72.158.140 - - [14/Dec/2006:00:01:45 -0800] "GET /shared/nav/icon_helpOff.gif HTTP/1.1" 200 392 "http://www.yellowpages.com/?From=SBCYahoo&Return=sbc.yahoo.com&domain=sp" "Mozilla/4.0 (compatible; MSIE 6.0; Windows 98; Q312461; YPC 3.2.0; .NET CLR 1.1.4322; yplus 4.0.00d)" hm 472
71.138.212.135 - - [14/Dec/2006:00:01:45 -0800] "GET /shared/yellowpages_logo2.gif HTTP/1.1" 200 2543 "http://www.yellowpages.com/" "Mozilla/4.0 (compatible; MSIE 6.0; Windows NT 5.1; SV1; FunWebProducts; yplus 5.1.02b)" hm 495
12.72.158.140 - - [14/Dec/2006:00:01:45 -0800] "GET /homepage/left_box2.gif HTTP/1.1" 200 1416 "http://www.yellowpages.com/?From=SBCYahoo&Return=sbc.yahoo.com&domain=sp" "Mozilla/4.0 (compatible; MSIE 6.0; Windows 98; Q312461; YPC 3.2.0; .NET CLR 1.1.4322; yplus 4.0.00d)" hm 396
71.138.212.135 - - [14/Dec/2006:00:01:45 -0800] "GET /shared/nav/icon_helpOff.gif HTTP/1.1" 200 392 "http://www.yellowpages.com/" "Mozilla/4.0 (compatible; MSIE 6.0; Windows NT 5.1; SV1; FunWebProducts; yplus 5.1.02b)" hm 404
71.138.212.135 - - [14/Dec/2006:00:01:46 -0800] "GET /shared/nav/icon_helpOff.gif HTTP/1.1" 200 392 "http://www.yellowpages.com/" "Mozilla/4.0 (compatible; MSIE 6.0; Windows NT 5.1; SV1; FunWebProducts; yplus 5.1.02b)" hm 454
71.138.212.135 - - [14/Dec/2006:00:01:46 -0800] "GET /homepage/left_box2.gif HTTP/1.1" 200 1416 "http://www.yellowpages.com/" "Mozilla/4.0 (compatible; MSIE 6.0; Windows NT 5.1; SV1; FunWebProducts; yplus 5.1.02b)" hm 444
71.138.212.135 - - [14/Dec/2006:00:01:46 -0800] "GET /homepage/bg_searchbox.gif HTTP/1.1" 200 410 "http://www.yellowpages.com/" "Mozilla/4.0 (compatible; MSIE 6.0; Windows NT 5.1; SV1; FunWebProducts; yplus 5.1.02b)" hm 433
71.138.212.135 - - [14/Dec/2006:00:01:46 -0800] "GET /promo/images2/spacer_top.gif HTTP/1.1" 200 1581 "http://www.yellowpages.com/" "Mozilla/4.0 (compatible; MSIE 6.0; Windows NT 5.1; SV1; FunWebProducts; yplus 5.1.02b)" hm 428
71.138.212.135 - - [14/Dec/2006:00:01:46 -0800] "GET /promo/images/intro_black.jpg HTTP/1.1" 200 9683 "http://www.yellowpages.com/" "Mozilla/4.0 (compatible; MSIE 6.0; Windows NT 5.1; SV1; FunWebProducts; yplus 5.1.02b)" hm 472
71.138.212.135 - - [14/Dec/2006:00:01:46 -0800] "GET /promo/images/button1_off.gif HTTP/1.1" 200 439 "http://www.yellowpages.com/" "Mozilla/4.0 (compatible; MSIE 6.0; Windows NT 5.1; SV1; FunWebProducts; yplus 5.1.02b)" hm 434
71.138.212.135 - - [14/Dec/2006:00:01:46 -0800] "GET /promo/images/button3_off.gif HTTP/1.1" 200 577 "http://www.yellowpages.com/" "Mozilla/4.0 (compatible; MSIE 6.0; Windows NT 5.1; SV1; FunWebProducts; yplus 5.1.02b)" hm 457
12.72.158.140 - - [14/Dec/2006:00:01:46 -0800] "GET /homepage/bg_searchbox.gif HTTP/1.1" 200 410 "http://www.yellowpages.com/?From=SBCYahoo&Return=sbc.yahoo.com&domain=sp" "Mozilla/4.0 (compatible; MSIE 6.0; Windows 98; Q312461; YPC 3.2.0; .NET CLR 1.1.4322; yplus 4.0.00d)" hm 432
71.138.212.135 - - [14/Dec/2006:00:01:46 -0800] "GET /promo/images2/spacer_right.gif HTTP/1.1" 200 1654 "http://www.yellowpages.com/" "Mozilla/4.0 (compatible; MSIE 6.0; Windows NT 5.1; SV1; FunWebProducts; yplus 5.1.02b)" hm 395
71.138.212.135 - - [14/Dec/2006:00:01:47 -0800] "GET /promo/images/intro_image.jpg HTTP/1.1" 200 28880 "http://www.yellowpages.com/" "Mozilla/4.0 (compatible; MSIE 6.0; Windows NT 5.1; SV1; FunWebProducts; yplus 5.1.02b)" hm 520
71.138.212.135 - - [14/Dec/2006:00:01:47 -0800] "GET /homepage/hp_search.gif HTTP/1.1" 200 1677 "http://www.yellowpages.com/" "Mozilla/4.0 (compatible; MSIE 6.0; Windows NT 5.1; SV1; FunWebProducts; yplus 5.1.02b)" hm 503
12.72.158.140 - - [14/Dec/2006:00:01:47 -0800] "GET /homepage/bot_box.gif HTTP/1.1" 200 2253 "http://www.yellowpages.com/?From=SBCYahoo&Return=sbc.yahoo.com&domain=sp" "Mozilla/4.0 (compatible; MSIE 6.0; Windows 98; Q312461; YPC 3.2.0; .NET CLR 1.1.4322; yplus 4.0.00d)" hm 415
71.138.212.135 - - [14/Dec/2006:00:01:47 -0800] "GET /shared/logo_footeratt.gif HTTP/1.1" 200 2425 "http://www.yellowpages.com/" "Mozilla/4.0 (compatible; MSIE 6.0; Windows NT 5.1; SV1; FunWebProducts; yplus 5.1.02b)" hm 403
195.146.82.2 - - [14/Dec/2006:00:01:48 -0800] "GET /shared/nav/bg_topNav.gif HTTP/1.1" 200 155 "http://www.yellowpages.com/sp/ypbrowse/CO/Denver/Radiotelephone_Communications_Common_Carrier" "Opera/9.02 (Windows NT 5.0; U; en)" hm 455
71.138.212.135 - - [14/Dec/2006:00:01:48 -0800] "GET /favicon.ico HTTP/1.1" 200 110 "-" "Mozilla/4.0 (compatible; MSIE 6.0; Windows NT 5.1; SV1; FunWebProducts)" hm 394
12.72.158.140 - - [14/Dec/2006:00:01:48 -0800] "GET /promo/images2/spacer_left.jpg HTTP/1.1" 200 306 "http://www.yellowpages.com/?From=SBCYahoo&Return=sbc.yahoo.com&domain=sp" "Mozilla/4.0 (compatible; MSIE 6.0; Windows 98; Q312461; YPC 3.2.0; .NET CLR 1.1.4322; yplus 4.0.00d)" hm 429
195.146.82.2 - - [14/Dec/2006:00:01:49 -0800] "GET /yellowpages/viewtabs2/bg_line.gif HTTP/1.1" 200 53 "http://www.yellowpages.com/sp/ypbrowse/CO/Denver/Radiotelephone_Communications_Common_Carrier" "Opera/9.02 (Windows NT 5.0; U; en)" hm 459
75.47.99.239 - - [14/Dec/2006:00:01:49 -0800] "GET /maps/dashboard/circle_disabled.gif HTTP/1.1" 200 98 "http://www.yellowpages.com/sp/moreinfo/index.jsp?id=76429095&q=Retail%20Paper" "Mozilla/4.0 (compatible; MSIE 6.0; Windows NT 5.1; SV1; .NET CLR 1.1.4322; InfoPath.1)" hm 409
12.72.158.140 - - [14/Dec/2006:00:01:49 -0800] "GET /promo/images/go_button.gif HTTP/1.1" 200 186 "http://www.yellowpages.com/?From=SBCYahoo&Return=sbc.yahoo.com&domain=sp" "Mozilla/4.0 (compatible; MSIE 6.0; Windows 98; Q312461; YPC 3.2.0; .NET CLR 1.1.4322; yplus 4.0.00d)" hm 404
195.146.82.2 - - [14/Dec/2006:00:01:49 -0800] "GET /yellowpages/viewtabs2/bg_off.gif HTTP/1.1" 200 194 "http://www.yellowpages.com/sp/ypbrowse/CO/Denver/Radiotelephone_Communications_Common_Carrier" "Opera/9.02 (Windows NT 5.0; U; en)" hm 413
205.204.2.15 - - [14/Dec/2006:00:01:50 -0800] "GET /shared/space.gif HTTP/1.1" 200 69 "http://www.yellowpages.com/" "Mozilla/4.0 (compatible; MSIE 6.0; Windows NT 5.1; SV1; .NET CLR 1.1.4322; .NET CLR 2.0.50727)" hm 554
12.72.158.140 - - [14/Dec/2006:00:01:50 -0800] "GET /promo/images/space.gif HTTP/1.1" 200 44 "http://www.yellowpages.com/?From=SBCYahoo&Return=sbc.yahoo.com&domain=sp" "Mozilla/4.0 (compatible; MSIE 6.0; Windows 98; Q312461; YPC 3.2.0; .NET CLR 1.1.4322; yplus 4.0.00d)" hm 386
205.204.2.15 - - [14/Dec/2006:00:01:50 -0800] "GET /shared/nav/icon_helpOff.gif HTTP/1.1" 200 392 "http://www.yellowpages.com/" "Mozilla/4.0 (compatible; MSIE 6.0; Windows NT 5.1; SV1; .NET CLR 1.1.4322; .NET CLR 2.0.50727)" hm 406
205.204.2.15 - - [14/Dec/2006:00:01:51 -0800] "GET /promo/images2/spacer_left.jpg HTTP/1.1" 200 306 "http://www.yellowpages.com/" "Mozilla/4.0 (compatible; MSIE 6.0; Windows NT 5.1; SV1; .NET CLR 1.1.4322; .NET CLR 2.0.50727)" hm 461
71.106.195.48 - - [14/Dec/2006:00:01:50 -0800] "GET /displaygif/sbc/77/908777.jpg HTTP/1.1" 200 113420 "http://www.yellowpages.com/sp/yellowpages/ypresults.jsp?refined_category=Physicians+%26+Surgeons&q=doctor&rType=headingtext&id=0&p=1&referrer=2&v=3&t=0&st=CA&s=2&ci=Santa+Clarita&_requestid=385379" "Mozilla/4.0 (compatible; MSIE 7.0; Windows NT 5.1; .NET CLR 1.1.4322)" mi 594599
205.204.2.15 - - [14/Dec/2006:00:01:51 -0800] "GET /promo/images/button1_off.gif HTTP/1.1" 200 439 "http://www.yellowpages.com/" "Mozilla/4.0 (compatible; MSIE 6.0; Windows NT 5.1; SV1; .NET CLR 1.1.4322; .NET CLR 2.0.50727)" hm 441
205.204.2.15 - - [14/Dec/2006:00:01:51 -0800] "GET /promo/images/button4_off.gif HTTP/1.1" 200 430 "http://www.yellowpages.com/" "Mozilla/4.0 (compatible; MSIE 6.0; Windows NT 5.1; SV1; .NET CLR 1.1.4322; .NET CLR 2.0.50727)" hm 455
12.72.158.140 - - [14/Dec/2006:00:01:51 -0800] "GET /promo/images/button3_off.gif HTTP/1.1" 200 577 "http://www.yellowpages.com/?From=SBCYahoo&Return=sbc.yahoo.com&domain=sp" "Mozilla/4.0 (compatible; MSIE 6.0; Windows 98; Q312461; YPC 3.2.0; .NET CLR 1.1.4322; yplus 4.0.00d)" hm 396
205.204.2.15 - - [14/Dec/2006:00:01:51 -0800] "GET /homepage/hp_browse.gif HTTP/1.1" 200 1106 "http://www.yellowpages.com/" "Mozilla/4.0 (compatible; MSIE 6.0; Windows NT 5.1; SV1; .NET CLR 1.1.4322; .NET CLR 2.0.50727)" hm 418
205.204.2.15 - - [14/Dec/2006:00:01:51 -0800] "GET /shared/logo_footerbls.gif HTTP/1.1" 200 1721 "http://www.yellowpages.com/" "Mozilla/4.0 (compatible; MSIE 6.0; Windows NT 5.1; SV1; .NET CLR 1.1.4322; .NET CLR 2.0.50727)" hm 457
12.72.158.140 - - [14/Dec/2006:00:01:52 -0800] "GET /promo/images2/spacer_right.gif HTTP/1.1" 200 1654 "http://www.yellowpages.com/?From=SBCYahoo&Return=sbc.yahoo.com&domain=sp" "Mozilla/4.0 (compatible; MSIE 6.0; Windows 98; Q312461; YPC 3.2.0; .NET CLR 1.1.4322; yplus 4.0.00d)" hm 457
71.106.195.48 - - [14/Dec/2006:00:01:52 -0800] "GET /displaygif/sbc/72/793572.jpg HTTP/1.1" 200 51012 "http://www.yellowpages.com/sp/yellowpages/ypresults.jsp?refined_category=Physicians+%26+Surgeons&q=doctor&rType=headingtext&id=0&p=1&referrer=2&v=3&t=0&st=CA&s=2&ci=Santa+Clarita&_requestid=385379" "Mozilla/4.0 (compatible; MSIE 7.0; Windows NT 5.1; .NET CLR 1.1.4322)" mi 47001
12.72.158.140 - - [14/Dec/2006:00:01:53 -0800] "GET /promo/images/intro_image.jpg HTTP/1.1" 200 28880 "http://www.yellowpages.com/?From=SBCYahoo&Return=sbc.yahoo.com&domain=sp" "Mozilla/4.0 (compatible; MSIE 6.0; Windows 98; Q312461; YPC 3.2.0; .NET CLR 1.1.4322; yplus 4.0.00d)" hm 639
124.182.208.116 - - [14/Dec/2006:00:01:56 -0800] "GET /shared/YP_smlogo.gif HTTP/1.1" 200 2326 "http://www.whitepages.com/5116/person" "Mozilla/4.0 (compatible; MSIE 6.0; Windows NT 5.1; SV1; .NET CLR 1.1.4322)" hm 461
124.182.208.116 - - [14/Dec/2006:00:01:57 -0800] "GET /whitepages/header_wp.gif HTTP/1.1" 200 1050 "http://www.whitepages.com/5116/person" "Mozilla/4.0 (compatible; MSIE 6.0; Windows NT 5.1; SV1; .NET CLR 1.1.4322)" hm 473
70.119.37.177 - - [14/Dec/2006:00:02:00 -0800] "GET /mysp/SP_01_A_v1-2_QuestionMrk.gif HTTP/1.1" 200 229 "http://www.yellowpages.com/sp/yellowpages/ypresults.jsp?refined_category=Dentists-Cosmetic+Dentistry&q=dentist+office&rType=headingtext&id=3&p=1&zp=32304&referrer=2&v=3&t=0&st=FL&s=2&ci=Tallahassee&_requestid=498211" "Mozilla/4.0 (compatible; MSIE 6.0; America Online Browser 1.1; Windows NT 5.1; SV1; .NET CLR 1.1.4322)" hm 525
70.119.37.177 - - [14/Dec/2006:00:02:00 -0800] "GET /yellowpages/yp_map_location.gif HTTP/1.1" 200 2879 "http://www.yellowpages.com/sp/yellowpages/ypresults.jsp?refined_category=Dentists-Cosmetic+Dentistry&q=dentist+office&rType=headingtext&id=3&p=1&zp=32304&referrer=2&v=3&t=0&st=FL&s=2&ci=Tallahassee&_requestid=498211" "Mozilla/4.0 (compatible; MSIE 6.0; America Online Browser 1.1; Windows NT 5.1; SV1; .NET CLR 1.1.4322)" hm 438
70.119.37.177 - - [14/Dec/2006:00:02:01 -0800] "GET /yellowpages/hdr_featured_businesses2.gif HTTP/1.1" 200 604 "http://www.yellowpages.com/sp/yellowpages/ypresults.jsp?refined_category=Dentists-Cosmetic+Dentistry&q=dentist+office&rType=headingtext&id=3&p=1&zp=32304&referrer=2&v=3&t=0&st=FL&s=2&ci=Tallahassee&_requestid=498211" "Mozilla/4.0 (compatible; MSIE 6.0; America Online Browser 1.1; Windows NT 5.1; SV1; .NET CLR 1.1.4322)" hm 574
70.119.37.177 - - [14/Dec/2006:00:02:01 -0800] "GET /yellowpages/hdr_all_listings2.gif HTTP/1.1" 200 387 "http://www.yellowpages.com/sp/yellowpages/ypresults.jsp?refined_category=Dentists-Cosmetic+Dentistry&q=dentist+office&rType=headingtext&id=3&p=1&zp=32304&referrer=2&v=3&t=0&st=FL&s=2&ci=Tallahassee&_requestid=498211" "Mozilla/4.0 (compatible; MSIE 6.0; America Online Browser 1.1; Windows NT 5.1; SV1; .NET CLR 1.1.4322)" hm 991
70.255.188.224 - - [14/Dec/2006:00:02:02 -0800] "GET /shared/pagination/arrow_next_dbl.gif HTTP/1.1" 200 70 "http://www.whitepages.com/5116/search/FindPerson?firstname_begins_with=1&firstname=juan&name_begins_with=0&name=alvarado&housenumber=&street=&city_zip=&state_id=" "Mozilla/4.0 (compatible; MSIE 6.0; Windows NT 5.1; SV1; .NET CLR 1.1.4322)" hm 606
12.72.158.140 - - [14/Dec/2006:00:02:03 -0800] "GET /shared/logo_footeratt.gif HTTP/1.1" 200 2425 "http://www.yellowpages.com/?From=SBCYahoo&Return=sbc.yahoo.com&domain=sp" "Mozilla/4.0 (compatible; MSIE 6.0; Windows 98; Q312461; YPC 3.2.0; .NET CLR 1.1.4322; yplus 4.0.00d)" hm 649
12.72.158.140 - - [14/Dec/2006:00:02:05 -0800] "GET /shared/logo_footerbls.gif HTTP/1.1" 200 1721 "http://www.yellowpages.com/?From=SBCYahoo&Return=sbc.yahoo.com&domain=sp" "Mozilla/4.0 (compatible; MSIE 6.0; Windows 98; Q312461; YPC 3.2.0; .NET CLR 1.1.4322; yplus 4.0.00d)" hm 598
12.72.158.140 - - [14/Dec/2006:00:02:07 -0800] "GET /shared/nav/bg_topNav.gif HTTP/1.1" 200 155 "http://www.yellowpages.com/?From=SBCYahoo&Return=sbc.yahoo.com&domain=sp" "Mozilla/4.0 (compatible; MSIE 6.0; Windows 98; Q312461; YPC 3.2.0; .NET CLR 1.1.4322; yplus 4.0.00d)" hm 513
153.2.246.32 - - [14/Dec/2006:00:02:07 -0800] "GET /yellowpages/catVal_topLine HTTP/1.0" 200 43 "http://www.yellowpages.com/sp/yellowpages/ypresults.jsp?t=0&v=3&s=2&q=guitar+repair&ci=Atlanta&st=GA&_requestid=387992" "Mozilla/4.0 (compatible; MSIE 6.0; Windows NT 5.1; SV1; UPS-Corporate; .NET CLR 1.1.4322)" pr 11352
66.57.194.91 - - [14/Dec/2006:00:02:07 -0800] "GET /shared/question_mrk.gif HTTP/1.1" 200 230 "http://www.yellowpages.com/sp/yellowpages/ypresults.jsp;jsessionid=02IXVDU4MGAOHQFI4AYQ4CQ?t=0&v=2&s=1&q=Roche+Pharmasuticals&ci=Florence&st=SC&_requestid=501666" "Mozilla/4.0 (compatible; MSIE 6.0; Windows NT 5.1; SV1; .NET CLR 1.1.4322; PeoplePal 3.0)" hm 663
66.57.194.91 - - [14/Dec/2006:00:02:07 -0800] "GET /mysp/SP_01_A_v1-2_QuestionMrk.gif HTTP/1.1" 200 229 "http://www.yellowpages.com/sp/yellowpages/ypresults.jsp;jsessionid=02IXVDU4MGAOHQFI4AYQ4CQ?t=0&v=2&s=1&q=Roche+Pharmasuticals&ci=Florence&st=SC&_requestid=501666" "Mozilla/4.0 (compatible; MSIE 6.0; Windows NT 5.1; SV1; .NET CLR 1.1.4322; PeoplePal 3.0)" hm 530
66.57.194.91 - - [14/Dec/2006:00:02:07 -0800] "GET /yellowpages/viewtabs2/bg_line.gif HTTP/1.1" 200 53 "http://www.yellowpages.com/sp/yellowpages/ypresults.jsp;jsessionid=02IXVDU4MGAOHQFI4AYQ4CQ?t=0&v=2&s=1&q=Roche+Pharmasuticals&ci=Florence&st=SC&_requestid=501666" "Mozilla/4.0 (compatible; MSIE 6.0; Windows NT 5.1; SV1; .NET CLR 1.1.4322; PeoplePal 3.0)" hm 575
66.57.194.91 - - [14/Dec/2006:00:02:07 -0800] "GET /yellowpages/viewtabs2/left_off.gif HTTP/1.1" 200 373 "http://www.yellowpages.com/sp/yellowpages/ypresults.jsp;jsessionid=02IXVDU4MGAOHQFI4AYQ4CQ?t=0&v=2&s=1&q=Roche+Pharmasuticals&ci=Florence&st=SC&_requestid=501666" "Mozilla/4.0 (compatible; MSIE 6.0; Windows NT 5.1; SV1; .NET CLR 1.1.4322; PeoplePal 3.0)" hm 504
66.57.194.91 - - [14/Dec/2006:00:02:07 -0800] "GET /yellowpages/viewtabs2/mid_off_on.gif HTTP/1.1" 200 420 "http://www.yellowpages.com/sp/yellowpages/ypresults.jsp;jsessionid=02IXVDU4MGAOHQFI4AYQ4CQ?t=0&v=2&s=1&q=Roche+Pharmasuticals&ci=Florence&st=SC&_requestid=501666" "Mozilla/4.0 (compatible; MSIE 6.0; Windows NT 5.1; SV1; .NET CLR 1.1.4322; PeoplePal 3.0)" hm 609
66.57.194.91 - - [14/Dec/2006:00:02:07 -0800] "GET /yellowpages/viewtabs2/mid_on_off.gif HTTP/1.1" 200 423 "http://www.yellowpages.com/sp/yellowpages/ypresults.jsp;jsessionid=02IXVDU4MGAOHQFI4AYQ4CQ?t=0&v=2&s=1&q=Roche+Pharmasuticals&ci=Florence&st=SC&_requestid=501666" "Mozilla/4.0 (compatible; MSIE 6.0; Windows NT 5.1; SV1; .NET CLR 1.1.4322; PeoplePal 3.0)" hm 534
66.57.194.91 - - [14/Dec/2006:00:02:07 -0800] "GET /yellowpages/viewtabs2/right_off.gif HTTP/1.1" 200 372 "http://www.yellowpages.com/sp/yellowpages/ypresults.jsp;jsessionid=02IXVDU4MGAOHQFI4AYQ4CQ?t=0&v=2&s=1&q=Roche+Pharmasuticals&ci=Florence&st=SC&_requestid=501666" "Mozilla/4.0 (compatible; MSIE 6.0; Windows NT 5.1; SV1; .NET CLR 1.1.4322; PeoplePal 3.0)" hm 413
