66.57.194.91 - - [14/Dec/2006:00:02:08 -0800] "GET /yellowpages/brd_vline.gif HTTP/1.1" 200 190 "http://www.yellowpages.com/sp/yellowpages/ypresults.jsp;jsessionid=02IXVDU4MGAOHQFI4AYQ4CQ?t=0&v=2&s=1&q=Roche+Pharmasuticals&ci=Florence&st=SC&_requestid=501666" "Mozilla/4.0 (compatible; MSIE 6.0; Windows NT 5.1; SV1; .NET CLR 1.1.4322; PeoplePal 3.0)" hm 557
66.57.194.91 - - [14/Dec/2006:00:02:08 -0800] "GET /yellowpages/yp_map_location.gif HTTP/1.1" 200 2879 "http://www.yellowpages.com/sp/yellowpages/ypresults.jsp;jsessionid=02IXVDU4MGAOHQFI4AYQ4CQ?t=0&v=2&s=1&q=Roche+Pharmasuticals&ci=Florence&st=SC&_requestid=501666" "Mozilla/4.0 (compatible; MSIE 6.0; Windows NT 5.1; SV1; .NET CLR 1.1.4322; PeoplePal 3.0)" hm 512
66.57.194.91 - - [14/Dec/2006:00:02:08 -0800] "GET /yellowpages/viewtabs2/bg_off.gif HTTP/1.1" 200 194 "http://www.yellowpages.com/sp/yellowpages/ypresults.jsp;jsessionid=02IXVDU4MGAOHQFI4AYQ4CQ?t=0&v=2&s=1&q=Roche+Pharmasuticals&ci=Florence&st=SC&_requestid=501666" "Mozilla/4.0 (compatible; MSIE 6.0; Windows NT 5.1; SV1; .NET CLR 1.1.4322; PeoplePal 3.0)" hm 1339
66.57.194.91 - - [14/Dec/2006:00:02:08 -0800] "GET /yellowpages/viewtabs2/bg_on.gif HTTP/1.1" 200 63 "http://www.yellowpages.com/sp/yellowpages/ypresults.jsp;jsessionid=02IXVDU4MGAOHQFI4AYQ4CQ?t=0&v=2&s=1&q=Roche+Pharmasuticals&ci=Florence&st=SC&_requestid=501666" "Mozilla/4.0 (compatible; MSIE 6.0; Windows NT 5.1; SV1; .NET CLR 1.1.4322; PeoplePal 3.0)" hm 625
66.57.194.91 - - [14/Dec/2006:00:02:08 -0800] "GET /yellowpages/viewtabs2/bg_off.gif HTTP/1.1" 200 194 "http://www.yellowpages.com/sp/yellowpages/ypresults.jsp;jsessionid=02IXVDU4MGAOHQFI4AYQ4CQ?t=0&v=2&s=1&q=Roche+Pharmasuticals&ci=Florence&st=SC&_requestid=501666" "Mozilla/4.0 (compatible; MSIE 6.0; Windows NT 5.1; SV1; .NET CLR 1.1.4322; PeoplePal 3.0)" hm 499
66.57.194.91 - - [14/Dec/2006:00:02:08 -0800] "GET /yellowpages/catVal_topLine HTTP/1.1" 200 43 "http://www.yellowpages.com/sp/yellowpages/ypresults.jsp;jsessionid=02IXVDU4MGAOHQFI4AYQ4CQ?t=0&v=2&s=1&q=Roche+Pharmasuticals&ci=Florence&st=SC&_requestid=501666" "Mozilla/4.0 (compatible; MSIE 6.0; Windows NT 5.1; SV1; .NET CLR 1.1.4322; PeoplePal 3.0)" pr 12412
66.57.194.91 - - [14/Dec/2006:00:02:08 -0800] "GET /shared/pagination/arrow_prev_dub_off.gif HTTP/1.1" 200 69 "http://www.yellowpages.com/sp/yellowpages/ypresults.jsp;jsessionid=02IXVDU4MGAOHQFI4AYQ4CQ?t=0&v=2&s=1&q=Roche+Pharmasuticals&ci=Florence&st=SC&_requestid=501666" "Mozilla/4.0 (compatible; MSIE 6.0; Windows NT 5.1; SV1; .NET CLR 1.1.4322; PeoplePal 3.0)" hm 468
66.57.194.91 - - [14/Dec/2006:00:02:08 -0800] "GET /shared/pagination/arrow_prev_off.gif HTTP/1.1" 200 62 "http://www.yellowpages.com/sp/yellowpages/ypresults.jsp;jsessionid=02IXVDU4MGAOHQFI4AYQ4CQ?t=0&v=2&s=1&q=Roche+Pharmasuticals&ci=Florence&st=SC&_requestid=501666" "Mozilla/4.0 (compatible; MSIE 6.0; Windows NT 5.1; SV1; .NET CLR 1.1.4322; PeoplePal 3.0)" hm 769
66.57.194.91 - - [14/Dec/2006:00:02:08 -0800] "GET /shared/pagination/arrow_next_off.gif HTTP/1.1" 200 61 "http://www.yellowpages.com/sp/yellowpages/ypresults.jsp;jsessionid=02IXVDU4MGAOHQFI4AYQ4CQ?t=0&v=2&s=1&q=Roche+Pharmasuticals&ci=Florence&st=SC&_requestid=501666" "Mozilla/4.0 (compatible; MSIE 6.0; Windows NT 5.1; SV1; .NET CLR 1.1.4322; PeoplePal 3.0)" hm 754
66.57.194.91 - - [14/Dec/2006:00:02:08 -0800] "GET /shared/pagination/arrow_next_dub_off.gif HTTP/1.1" 200 70 "http://www.yellowpages.com/sp/yellowpages/ypresults.jsp;jsessionid=02IXVDU4MGAOHQFI4AYQ4CQ?t=0&v=2&s=1&q=Roche+Pharmasuticals&ci=Florence&st=SC&_requestid=501666" "Mozilla/4.0 (compatible; MSIE 6.0; Windows NT 5.1; SV1; .NET CLR 1.1.4322; PeoplePal 3.0)" hm 710
66.57.194.91 - - [14/Dec/2006:00:02:08 -0800] "GET /yellowpages/hdr_all_listings2.gif HTTP/1.1" 200 387 "http://www.yellowpages.com/sp/yellowpages/ypresults.jsp;jsessionid=02IXVDU4MGAOHQFI4AYQ4CQ?t=0&v=2&s=1&q=Roche+Pharmasuticals&ci=Florence&st=SC&_requestid=501666" "Mozilla/4.0 (compatible; MSIE 6.0; Windows NT 5.1; SV1; .NET CLR 1.1.4322; PeoplePal 3.0)" hm 559
66.57.194.91 - - [14/Dec/2006:00:02:08 -0800] "GET /yellowpages/btn_more_info2.gif HTTP/1.1" 200 899 "http://www.yellowpages.com/sp/yellowpages/ypresults.jsp;jsessionid=02IXVDU4MGAOHQFI4AYQ4CQ?t=0&v=2&s=1&q=Roche+Pharmasuticals&ci=Florence&st=SC&_requestid=501666" "Mozilla/4.0 (compatible; MSIE 6.0; Windows NT 5.1; SV1; .NET CLR 1.1.4322; PeoplePal 3.0)" hm 483
12.72.158.140 - - [14/Dec/2006:00:02:08 -0800] "GET /promo/images/button1_off.gif HTTP/1.1" 200 439 "http://www.yellowpages.com/?From=SBCYahoo&Return=sbc.yahoo.com&domain=sp" "Mozilla/4.0 (compatible; MSIE 6.0; Windows 98; Q312461; YPC 3.2.0; .NET CLR 1.1.4322; yplus 4.0.00d)" hm 525
66.57.194.91 - - [14/Dec/2006:00:02:08 -0800] "GET /yellowpages/related_information.gif HTTP/1.1" 200 520 "http://www.yellowpages.com/sp/yellowpages/ypresults.jsp;jsessionid=02IXVDU4MGAOHQFI4AYQ4CQ?t=0&v=2&s=1&q=Roche+Pharmasuticals&ci=Florence&st=SC&_requestid=501666" "Mozilla/4.0 (compatible; MSIE 6.0; Windows NT 5.1; SV1; .NET CLR 1.1.4322; PeoplePal 3.0)" hm 455
209.219.168.162 - - [14/Dec/2006:00:02:09 -0800] "GET /maps/dashboard/compass_bird.gif HTTP/1.1" 200 2364 "http://www.yellowpages.com/sp/maps/maps.jsp?linkType=13&rurl=t%253D0%2526v%253D2%2526s%253D1%2526q%253Dnational%252Bgypsum%2526ci%253DCharlotte%2526st%253DNC%2526_requestid%253D386382&impressionId=0&listingId=74581460&id=74581460" "Mozilla/4.0 (compatible; MSIE 6.0; Windows NT 5.0)" hm 669
207.200.116.197 - - [14/Dec/2006:00:02:09 -0800] "GET /displaygif/sbc/06/599706.jpg HTTP/1.1" 200 53914 "http://www.yellowpages.com/sp/yellowpages/ypresults.jsp;jsessionid=KGYCAJEDXNYKFQFI21GRNWQ?t=0&v=2&s=1&q=Andres+Duarte+Elementary&st=CA&_requestid=391971" "Mozilla/4.0 (compatible; MSIE 7.0; AOL 9.0; Windows NT 5.1; acc=jocker; .NET CLR 1.0.3705)" mi 51007
209.219.168.162 - - [14/Dec/2006:00:02:09 -0800] "GET /maps/dashboard/btn_bird_off.gif HTTP/1.1" 200 1467 "http://www.yellowpages.com/sp/maps/maps.jsp?linkType=13&rurl=t%253D0%2526v%253D2%2526s%253D1%2526q%253Dnational%252Bgypsum%2526ci%253DCharlotte%2526st%253DNC%2526_requestid%253D386382&impressionId=0&listingId=74581460&id=74581460" "Mozilla/4.0 (compatible; MSIE 6.0; Windows NT 5.0)" hm 714
209.219.168.162 - - [14/Dec/2006:00:02:10 -0800] "GET /maps/dashboard/bar.gif HTTP/1.1" 200 639 "http://www.yellowpages.com/sp/maps/maps.jsp?linkType=13&rurl=t%253D0%2526v%253D2%2526s%253D1%2526q%253Dnational%252Bgypsum%2526ci%253DCharlotte%2526st%253DNC%2526_requestid%253D386382&impressionId=0&listingId=74581460&id=74581460" "Mozilla/4.0 (compatible; MSIE 6.0; Windows NT 5.0)" hm 676
209.219.168.162 - - [14/Dec/2006:00:02:10 -0800] "GET /maps/dashboard/slider.gif HTTP/1.1" 200 193 "http://www.yellowpages.com/sp/maps/maps.jsp?linkType=13&rurl=t%253D0%2526v%253D2%2526s%253D1%2526q%253Dnational%252Bgypsum%2526ci%253DCharlotte%2526st%253DNC%2526_requestid%253D386382&impressionId=0&listingId=74581460&id=74581460" "Mozilla/4.0 (compatible; MSIE 6.0; Windows NT 5.0)" hm 599
12.72.158.140 - - [14/Dec/2006:00:02:10 -0800] "GET /promo/images/button2_off.gif HTTP/1.1" 200 504 "http://www.yellowpages.com/?From=SBCYahoo&Return=sbc.yahoo.com&domain=sp" "Mozilla/4.0 (compatible; MSIE 6.0; Windows 98; Q312461; YPC 3.2.0; .NET CLR 1.1.4322; yplus 4.0.00d)" hm 544
209.219.168.162 - - [14/Dec/2006:00:02:10 -0800] "GET /maps/dashboard/area.gif HTTP/1.1" 200 161 "http://www.yellowpages.com/sp/maps/maps.jsp?linkType=13&rurl=t%253D0%2526v%253D2%2526s%253D1%2526q%253Dnational%252Bgypsum%2526ci%253DCharlotte%2526st%253DNC%2526_requestid%253D386382&impressionId=0&listingId=74581460&id=74581460" "Mozilla/4.0 (compatible; MSIE 6.0; Windows NT 5.0)" hm 674
209.219.168.162 - - [14/Dec/2006:00:02:10 -0800] "GET /maps/dashboard/slider.gif HTTP/1.1" 200 193 "http://www.yellowpages.com/sp/maps/maps.jsp?linkType=13&rurl=t%253D0%2526v%253D2%2526s%253D1%2526q%253Dnational%252Bgypsum%2526ci%253DCharlotte%2526st%253DNC%2526_requestid%253D386382&impressionId=0&listingId=74581460&id=74581460" "Mozilla/4.0 (compatible; MSIE 6.0; Windows NT 5.0)" hm 662
209.219.168.162 - - [14/Dec/2006:00:02:10 -0800] "GET /maps/dashboard/city.gif HTTP/1.1" 200 151 "http://www.yellowpages.com/sp/maps/maps.jsp?linkType=13&rurl=t%253D0%2526v%253D2%2526s%253D1%2526q%253Dnational%252Bgypsum%2526ci%253DCharlotte%2526st%253DNC%2526_requestid%253D386382&impressionId=0&listingId=74581460&id=74581460" "Mozilla/4.0 (compatible; MSIE 6.0; Windows NT 5.0)" hm 671
209.219.168.162 - - [14/Dec/2006:00:02:11 -0800] "GET /maps/pushpins/x.gif HTTP/1.1" 200 1712 "http://www.yellowpages.com/sp/maps/maps.jsp?linkType=13&rurl=t%253D0%2526v%253D2%2526s%253D1%2526q%253Dnational%252Bgypsum%2526ci%253DCharlotte%2526st%253DNC%2526_requestid%253D386382&impressionId=0&listingId=74581460&id=74581460" "Mozilla/4.0 (compatible; MSIE 6.0; Windows NT 5.0)" hm 503
199.102.9.67 - - [14/Dec/2006:00:02:16 -0800] "GET /maps/dashboard/state.gif HTTP/1.1" 304 0 "-" "Mozilla/4.0 (compatible;)" hm 731
71.109.231.232 - - [14/Dec/2006:00:02:20 -0800] "GET /yellowpages/hdr_all_listings2.gif HTTP/1.1" 200 387 "http://www.yellowpages.com/sp/yellowpages/ypresults.jsp?t=0&v=3&s=2&q=hotels&ci=Panorama+City&st=CA&_requestid=397759" "Mozilla/5.0 (Windows; U; Windows NT 5.1; en-US; rv:1.8.0.8) Gecko/20061025 Firefox/1.5.0.8" hm 639
212.26.129.43 - - [14/Dec/2006:00:02:26 -0800] "GET /promo/images/button1_on.gif HTTP/1.0" 200 439 "http://www.yellowpages.com/" "Mozilla/4.0 (compatible; MSIE 6.0; Windows NT 5.1; ru) Opera 8.50" hm 620
82.201.207.188 - - [14/Dec/2006:00:02:23 -0800] "GET /displaygif/sbc/35/848735.jpg HTTP/1.1" 200 103617 "http://www.yellowpages.com/sp/yellowpages/ypresults.jsp?t=0&v=3&s=2&p=7&q=Real+Estate+Agents&st=IL&q=Real+Estate+Agents" "Mozilla/4.0 (compatible; MSIE 6.0; Windows NT 5.1; SV1)" mi 5815328
196.25.216.139 - - [14/Dec/2006:00:02:30 -0800] "GET /shared/yellowpages_logo2.gif HTTP/1.0" 200 2543 "http://www.yellowpages.com/" "Mozilla/4.0 (compatible; MSIE 6.0; Windows NT 5.1; FunWebProducts; .NET CLR 1.1.4322)" hm 740
4.245.61.8 - - [14/Dec/2006:00:02:30 -0800] "GET /displaygif/sbc/OK/92/OK879192.gif HTTP/1.1" 200 3217 "http://www.yellowpages.com/sp/yellowpages/ypresults.jsp?v=2&st=OK&ci=Del+City&t=0&s=2&q=sporting+goods+++++++++++++++++++++++++++++brigadoons&_requestid=507176" "Mozilla/4.0 (compatible; MSIE 6.0; Windows NT 5.1; FunWebProducts; SV1; .NET CLR 1.1.4322; PeoplePal 3.0)" mi 33067
71.105.108.131 - - [14/Dec/2006:00:02:31 -0800] "GET /shared/nav/icon_helpOff.gif HTTP/1.1" 200 392 "http://www.yellowpages.com/" "Mozilla/4.0 (compatible; MSIE 6.0; Windows NT 5.1; SV1; .NET CLR 1.1.4322)" hm 624
71.105.108.131 - - [14/Dec/2006:00:02:32 -0800] "GET /promo/images2/spacer_left.jpg HTTP/1.1" 200 306 "http://www.yellowpages.com/" "Mozilla/4.0 (compatible; MSIE 6.0; Windows NT 5.1; SV1; .NET CLR 1.1.4322)" hm 536
71.105.108.131 - - [14/Dec/2006:00:02:32 -0800] "GET /promo/images/button1_off.gif HTTP/1.1" 200 439 "http://www.yellowpages.com/" "Mozilla/4.0 (compatible; MSIE 6.0; Windows NT 5.1; SV1; .NET CLR 1.1.4322)" hm 645
71.105.108.131 - - [14/Dec/2006:00:02:32 -0800] "GET /shared/logo_footeratt.gif HTTP/1.1" 200 2425 "http://www.yellowpages.com/" "Mozilla/4.0 (compatible; MSIE 6.0; Windows NT 5.1; SV1; .NET CLR 1.1.4322)" hm 678
4.245.61.8 - - [14/Dec/2006:00:02:33 -0800] "GET /yellowpages/hdr_all_listings2.gif HTTP/1.1" 200 387 "http://www.yellowpages.com/sp/yellowpages/ypresults.jsp?v=2&st=OK&ci=Del+City&t=0&s=2&q=sporting+goods+++++++++++++++++++++++++++++brigadoons&_requestid=507176" "Mozilla/4.0 (compatible; MSIE 6.0; Windows NT 5.1; FunWebProducts; SV1; .NET CLR 1.1.4322; PeoplePal 3.0)" hm 670
72.177.241.128 - - [14/Dec/2006:00:02:34 -0800] "GET /yellowpages/viewtabs2/left_off.gif HTTP/1.1" 200 373 "http://www.yellowpages.com/sp/yellowpages/ypresults.jsp?t=0&v=2&s=1&q=aegis+asset&ci=Houston&st=TX&_requestid=388850" "Mozilla/5.0 (Windows; U; Windows NT 5.1; en-US; rv:1.8.0.8) Gecko/20061025 Firefox/1.5.0.8" hm 1246
72.177.241.128 - - [14/Dec/2006:00:02:34 -0800] "GET /yellowpages/viewtabs2/bg_on.gif HTTP/1.1" 200 63 "http://www.yellowpages.com/sp/yellowpages/ypresults.jsp?t=0&v=2&s=1&q=aegis+asset&ci=Houston&st=TX&_requestid=388850" "Mozilla/5.0 (Windows; U; Windows NT 5.1; en-US; rv:1.8.0.8) Gecko/20061025 Firefox/1.5.0.8" hm 1223
72.177.241.128 - - [14/Dec/2006:00:02:34 -0800] "GET /shared/pagination/arrow_prev_dub_off.gif HTTP/1.1" 200 69 "http://www.yellowpages.com/sp/yellowpages/ypresults.jsp?t=0&v=2&s=1&q=aegis+asset&ci=Houston&st=TX&_requestid=388850" "Mozilla/5.0 (Windows; U; Windows NT 5.1; en-US; rv:1.8.0.8) Gecko/20061025 Firefox/1.5.0.8" hm 484
72.177.241.128 - - [14/Dec/2006:00:02:34 -0800] "GET /shared/pagination/arrow_next_off.gif HTTP/1.1" 200 61 "http://www.yellowpages.com/sp/yellowpages/ypresults.jsp?t=0&v=2&s=1&q=aegis+asset&ci=Houston&st=TX&_requestid=388850" "Mozilla/5.0 (Windows; U; Windows NT 5.1; en-US; rv:1.8.0.8) Gecko/20061025 Firefox/1.5.0.8" hm 768
4.245.61.8 - - [14/Dec/2006:00:02:36 -0800] "GET /yellowpages/related_information.gif HTTP/1.1" 200 520 "http://www.yellowpages.com/sp/yellowpages/ypresults.jsp?v=2&st=OK&ci=Del+City&t=0&s=2&q=sporting+goods+++++++++++++++++++++++++++++brigadoons&_requestid=507176" "Mozilla/4.0 (compatible; MSIE 6.0; Windows NT 5.1; FunWebProducts; SV1; .NET CLR 1.1.4322; PeoplePal 3.0)" hm 603
4.245.61.8 - - [14/Dec/2006:00:02:39 -0800] "GET /shared/logo_footeratt.gif HTTP/1.1" 200 2425 "http://www.yellowpages.com/sp/yellowpages/ypresults.jsp?v=2&st=OK&ci=Del+City&t=0&s=2&q=sporting+goods+++++++++++++++++++++++++++++brigadoons&_requestid=507176" "Mozilla/4.0 (compatible; MSIE 6.0; Windows NT 5.1; FunWebProducts; SV1; .NET CLR 1.1.4322; PeoplePal 3.0)" hm 622
67.188.175.207 - - [14/Dec/2006:00:02:40 -0800] "GET /shared/yellowpages_logo2.gif HTTP/1.1" 200 2543 "http://www.yellowpages.com/" "Mozilla/4.0 (compatible; MSIE 6.0; Windows NT 5.1; SV1; .NET CLR 1.1.4322)" hm 487
67.188.175.207 - - [14/Dec/2006:00:02:40 -0800] "GET /shared/nav/icon_helpOff.gif HTTP/1.1" 200 392 "http://www.yellowpages.com/" "Mozilla/4.0 (compatible; MSIE 6.0; Windows NT 5.1; SV1; .NET CLR 1.1.4322)" hm 549
67.188.175.207 - - [14/Dec/2006:00:02:40 -0800] "GET /homepage/left_box2.gif HTTP/1.1" 200 1416 "http://www.yellowpages.com/" "Mozilla/4.0 (compatible; MSIE 6.0; Windows NT 5.1; SV1; .NET CLR 1.1.4322)" hm 485
67.188.175.207 - - [14/Dec/2006:00:02:40 -0800] "GET /homepage/bg_searchbox.gif HTTP/1.1" 200 410 "http://www.yellowpages.com/" "Mozilla/4.0 (compatible; MSIE 6.0; Windows NT 5.1; SV1; .NET CLR 1.1.4322)" hm 505
67.188.175.207 - - [14/Dec/2006:00:02:40 -0800] "GET /promo/images2/spacer_top.gif HTTP/1.1" 200 1581 "http://www.yellowpages.com/" "Mozilla/4.0 (compatible; MSIE 6.0; Windows NT 5.1; SV1; .NET CLR 1.1.4322)" hm 416
67.188.175.207 - - [14/Dec/2006:00:02:40 -0800] "GET /promo/images/intro_black.jpg HTTP/1.1" 200 9683 "http://www.yellowpages.com/" "Mozilla/4.0 (compatible; MSIE 6.0; Windows NT 5.1; SV1; .NET CLR 1.1.4322)" hm 456
67.188.175.207 - - [14/Dec/2006:00:02:41 -0800] "GET /promo/images/button1_off.gif HTTP/1.1" 200 439 "http://www.yellowpages.com/" "Mozilla/4.0 (compatible; MSIE 6.0; Windows NT 5.1; SV1; .NET CLR 1.1.4322)" hm 423
67.188.175.207 - - [14/Dec/2006:00:02:41 -0800] "GET /promo/images/button3_off.gif HTTP/1.1" 200 577 "http://www.yellowpages.com/" "Mozilla/4.0 (compatible; MSIE 6.0; Windows NT 5.1; SV1; .NET CLR 1.1.4322)" hm 621
67.188.175.207 - - [14/Dec/2006:00:02:41 -0800] "GET /promo/images2/spacer_right.gif HTTP/1.1" 200 1654 "http://www.yellowpages.com/" "Mozilla/4.0 (compatible; MSIE 6.0; Windows NT 5.1; SV1; .NET CLR 1.1.4322)" hm 540
67.188.175.207 - - [14/Dec/2006:00:02:41 -0800] "GET /promo/images/intro_image.jpg HTTP/1.1" 200 28880 "http://www.yellowpages.com/" "Mozilla/4.0 (compatible; MSIE 6.0; Windows NT 5.1; SV1; .NET CLR 1.1.4322)" hm 691
67.188.175.207 - - [14/Dec/2006:00:02:41 -0800] "GET /shared/logo_footeratt.gif HTTP/1.1" 200 2425 "http://www.yellowpages.com/" "Mozilla/4.0 (compatible; MSIE 6.0; Windows NT 5.1; SV1; .NET CLR 1.1.4322)" hm 518
67.188.175.207 - - [14/Dec/2006:00:02:41 -0800] "GET /shared/logo_footerbls.gif HTTP/1.1" 200 1721 "http://www.yellowpages.com/" "Mozilla/4.0 (compatible; MSIE 6.0; Windows NT 5.1; SV1; .NET CLR 1.1.4322)" hm 624
155.56.68.220 - - [14/Dec/2006:00:02:42 -0800] "GET /displaygif/bls/ex/_g/exerciseunlimited_g.gif HTTP/1.1" 200 4981 "http://www.yellowpages.com/sp/yellowpages/ypresults.jsp?t=0&v=3&s=2&q=%22Andreas+Keller%22+Fitness&st=CA&_requestid=396052" "Mozilla/4.0 (compatible; MSIE 6.0; Windows NT 5.1; SV1; .NET CLR 1.0.3705; .NET CLR 1.1.4322; .NET CLR 2.0.50727)" mi 24544
199.102.9.67 - - [14/Dec/2006:00:02:44 -0800] "GET /maps/dashboard/bar.gif HTTP/1.1" 304 0 "-" "Mozilla/4.0 (compatible;)" hm 664
67.188.175.207 - - [14/Dec/2006:00:02:45 -0800] "GET /promo/images/button3_off.gif HTTP/1.1" 200 577 "http://www.yellowpages.com/" "Mozilla/4.0 (compatible; MSIE 6.0; Windows NT 5.1; SV1; .NET CLR 1.1.4322)" hm 547
4.245.61.8 - - [14/Dec/2006:00:02:46 -0800] "GET /shared/logo_footerbls.gif HTTP/1.1" 200 1721 "http://www.yellowpages.com/sp/yellowpages/ypresults.jsp?v=2&st=OK&ci=Del+City&t=0&s=2&q=sporting+goods+++++++++++++++++++++++++++++brigadoons&_requestid=507176" "Mozilla/4.0 (compatible; MSIE 6.0; Windows NT 5.1; FunWebProducts; SV1; .NET CLR 1.1.4322; PeoplePal 3.0)" hm 633
71.105.108.131 - - [14/Dec/2006:00:02:50 -0800] "GET /yellowpages/viewtabs2/bg_off.gif HTTP/1.1" 200 194 "http://www.yellowpages.com/sp/yellowpages/ypresults.jsp;jsessionid=2WTCQDOCMFBM3QFI21HA4CQ?t=0&v=2&s=1&q=Endeavor&ci=Beverly+Hills&st=CA&_requestid=396683" "Mozilla/4.0 (compatible; MSIE 6.0; Windows NT 5.1; SV1; .NET CLR 1.1.4322)" hm 614
71.105.108.131 - - [14/Dec/2006:00:02:51 -0800] "GET /yellowpages/hdr_all_listings2.gif HTTP/1.1" 200 387 "http://www.yellowpages.com/sp/yellowpages/ypresults.jsp;jsessionid=2WTCQDOCMFBM3QFI21HA4CQ?t=0&v=2&s=1&q=Endeavor&ci=Beverly+Hills&st=CA&_requestid=396683" "Mozilla/4.0 (compatible; MSIE 6.0; Windows NT 5.1; SV1; .NET CLR 1.1.4322)" hm 621
82.201.207.188 - - [14/Dec/2006:00:02:52 -0800] "GET /displaygif/sbc/92/852692.jpg HTTP/1.1" 200 33848 "http://www.yellowpages.com/sp/yellowpages/ypresults.jsp?t=0&v=3&s=2&p=7&q=Real+Estate+Agents&st=IL&q=Real+Estate+Agents" "Mozilla/4.0 (compatible; MSIE 6.0; Windows NT 5.1; SV1)" mi 54131
75.33.1.253 - - [14/Dec/2006:00:02:53 -0800] "GET /shared/nav/icon_helpOff.gif HTTP/1.1" 200 392 "http://www.yellowpages.com/sp/yellowpages/ypresults.jsp?refined_category=Driving+Instruction&q=driving+school&rType=headingtext&id=0&p=1&zp=91310&referrer=2&v=3&t=0&st=CA&s=2&ci=Valencia&_requestid=164986" "Mozilla/4.0 (compatible; MSIE 6.0; MSIE 5.5; Windows NT 5.0) Opera 7.03  [en]" hm 698
66.57.194.91 - - [14/Dec/2006:00:02:55 -0800] "GET /maps/hdr_mapsdir.gif HTTP/1.1" 200 535 "http://www.yellowpages.com/sp/maps/ddform.jsp?linkType=14&rurl=t%253D0%2526v%253D2%2526s%253D1%2526q%253DRoche%252BPharmasuticals%2526ci%253DFlorence%2526st%253DSC%2526_requestid%253D501666&impressionId=3&listingId=13959488&id=13959488" "Mozilla/4.0 (compatible; MSIE 6.0; Windows NT 5.1; SV1; .NET CLR 1.1.4322; PeoplePal 3.0)" hm 602
66.57.194.91 - - [14/Dec/2006:00:02:55 -0800] "GET /shared/YP_smlogo.gif HTTP/1.1" 200 2326 "http://www.yellowpages.com/sp/maps/ddform.jsp?linkType=14&rurl=t%253D0%2526v%253D2%2526s%253D1%2526q%253DRoche%252BPharmasuticals%2526ci%253DFlorence%2526st%253DSC%2526_requestid%253D501666&impressionId=3&listingId=13959488&id=13959488" "Mozilla/4.0 (compatible; MSIE 6.0; Windows NT 5.1; SV1; .NET CLR 1.1.4322; PeoplePal 3.0)" hm 528
66.57.194.91 - - [14/Dec/2006:00:02:55 -0800] "GET /maps/MD_03_A_v1-0_HC_T_rv.jpg HTTP/1.1" 200 2398 "http://www.yellowpages.com/sp/maps/ddform.jsp?linkType=14&rurl=t%253D0%2526v%253D2%2526s%253D1%2526q%253DRoche%252BPharmasuticals%2526ci%253DFlorence%2526st%253DSC%2526_requestid%253D501666&impressionId=3&listingId=13959488&id=13959488" "Mozilla/4.0 (compatible; MSIE 6.0; Windows NT 5.1; SV1; .NET CLR 1.1.4322; PeoplePal 3.0)" hm 647
66.57.194.91 - - [14/Dec/2006:00:02:55 -0800] "GET /maps/MD_03_A_v1-0_HC_Lb_rv.gif HTTP/1.1" 200 1493 "http://www.yellowpages.com/sp/maps/ddform.jsp?linkType=14&rurl=t%253D0%2526v%253D2%2526s%253D1%2526q%253DRoche%252BPharmasuticals%2526ci%253DFlorence%2526st%253DSC%2526_requestid%253D501666&impressionId=3&listingId=13959488&id=13959488" "Mozilla/4.0 (compatible; MSIE 6.0; Windows NT 5.1; SV1; .NET CLR 1.1.4322; PeoplePal 3.0)" hm 562
66.57.194.91 - - [14/Dec/2006:00:02:55 -0800] "GET /maps/MD_03_A_v1-0_HC_B_rv.jpg HTTP/1.1" 200 1950 "http://www.yellowpages.com/sp/maps/ddform.jsp?linkType=14&rurl=t%253D0%2526v%253D2%2526s%253D1%2526q%253DRoche%252BPharmasuticals%2526ci%253DFlorence%2526st%253DSC%2526_requestid%253D501666&impressionId=3&listingId=13959488&id=13959488" "Mozilla/4.0 (compatible; MSIE 6.0; Windows NT 5.1; SV1; .NET CLR 1.1.4322; PeoplePal 3.0)" hm 587
66.57.194.91 - - [14/Dec/2006:00:02:55 -0800] "GET /maps/label_drivingdirections.gif HTTP/1.1" 200 677 "http://www.yellowpages.com/sp/maps/ddform.jsp?linkType=14&rurl=t%253D0%2526v%253D2%2526s%253D1%2526q%253DRoche%252BPharmasuticals%2526ci%253DFlorence%2526st%253DSC%2526_requestid%253D501666&impressionId=3&listingId=13959488&id=13959488" "Mozilla/4.0 (compatible; MSIE 6.0; Windows NT 5.1; SV1; .NET CLR 1.1.4322; PeoplePal 3.0)" hm 563
66.57.194.91 - - [14/Dec/2006:00:02:56 -0800] "GET /maps/label_start.gif HTTP/1.1" 200 284 "http://www.yellowpages.com/sp/maps/ddform.jsp?linkType=14&rurl=t%253D0%2526v%253D2%2526s%253D1%2526q%253DRoche%252BPharmasuticals%2526ci%253DFlorence%2526st%253DSC%2526_requestid%253D501666&impressionId=3&listingId=13959488&id=13959488" "Mozilla/4.0 (compatible; MSIE 6.0; Windows NT 5.1; SV1; .NET CLR 1.1.4322; PeoplePal 3.0)" hm 446
66.57.194.91 - - [14/Dec/2006:00:02:56 -0800] "GET /maps/label_end.gif HTTP/1.1" 200 217 "http://www.yellowpages.com/sp/maps/ddform.jsp?linkType=14&rurl=t%253D0%2526v%253D2%2526s%253D1%2526q%253DRoche%252BPharmasuticals%2526ci%253DFlorence%2526st%253DSC%2526_requestid%253D501666&impressionId=3&listingId=13959488&id=13959488" "Mozilla/4.0 (compatible; MSIE 6.0; Windows NT 5.1; SV1; .NET CLR 1.1.4322; PeoplePal 3.0)" hm 410
75.33.1.253 - - [14/Dec/2006:00:02:56 -0800] "GET /yellowpages/viewtabs2/mid_off_off.gif HTTP/1.1" 200 658 "http://www.yellowpages.com/sp/yellowpages/ypresults.jsp?refined_category=Driving+Instruction&q=driving+school&rType=headingtext&id=0&p=1&zp=91310&referrer=2&v=3&t=0&st=CA&s=2&ci=Valencia&_requestid=164986" "Mozilla/4.0 (compatible; MSIE 6.0; MSIE 5.5; Windows NT 5.0) Opera 7.03  [en]" hm 637
75.33.1.253 - - [14/Dec/2006:00:02:57 -0800] "GET /ilhf_temp/ypc/11218353.gif HTTP/1.1" 200 3802 "http://www.yellowpages.com/sp/yellowpages/ypresults.jsp?refined_category=Driving+Instruction&q=driving+school&rType=headingtext&id=0&p=1&zp=91310&referrer=2&v=3&t=0&st=CA&s=2&ci=Valencia&_requestid=164986" "Mozilla/4.0 (compatible; MSIE 6.0; MSIE 5.5; Windows NT 5.0) Opera 7.03  [en]" hm 747
75.33.1.253 - - [14/Dec/2006:00:02:57 -0800] "GET /yellowpages/catVal_topLine HTTP/1.1" 200 43 "http://www.yellowpages.com/sp/yellowpages/ypresults.jsp?refined_category=Driving+Instruction&q=driving+school&rType=headingtext&id=0&p=1&zp=91310&referrer=2&v=3&t=0&st=CA&s=2&ci=Valencia&_requestid=164986" "Mozilla/4.0 (compatible; MSIE 6.0; MSIE 5.5; Windows NT 5.0) Opera 7.03  [en]" pr 15895
75.33.1.253 - - [14/Dec/2006:00:02:57 -0800] "GET /shared/pagination/arrow_next_off.gif HTTP/1.1" 200 61 "http://www.yellowpages.com/sp/yellowpages/ypresults.jsp?refined_category=Driving+Instruction&q=driving+school&rType=headingtext&id=0&p=1&zp=91310&referrer=2&v=3&t=0&st=CA&s=2&ci=Valencia&_requestid=164986" "Mozilla/4.0 (compatible; MSIE 6.0; MSIE 5.5; Windows NT 5.0) Opera 7.03  [en]" hm 465
68.54.0.189 - - [14/Dec/2006:00:02:59 -0800] "GET /promo/images/button2_off.gif HTTP/1.1" 200 504 "-" "Mozilla/4.0 (compatible; MSIE 7.0; Windows NT 5.1; .NET CLR 1.1.4322; IEMB3; IEMB3)" hm 454
68.54.0.189 - - [14/Dec/2006:00:03:00 -0800] "GET /promo/images2/spacer_bottom.gif HTTP/1.1" 200 1444 "-" "Mozilla/4.0 (compatible; MSIE 7.0; Windows NT 5.1; .NET CLR 1.1.4322; IEMB3; IEMB3)" hm 407
68.54.0.189 - - [14/Dec/2006:00:03:00 -0800] "GET /promo/images/intro_image.jpg HTTP/1.1" 200 28880 "-" "Mozilla/4.0 (compatible; MSIE 7.0; Windows NT 5.1; .NET CLR 1.1.4322; IEMB3; IEMB3)" hm 649
199.253.202.57 - - [14/Dec/2006:00:03:00 -0800] "GET /maps/dashboard/compass.gif HTTP/1.1" 304 0 "-" "Mozilla/4.0 (compatible;)" hm 563
4.245.61.8 - - [14/Dec/2006:00:03:02 -0800] "GET /yellowpages/catVal_topLine HTTP/1.1" 200 43 "http://www.yellowpages.com/sp/yellowpages/ypresults.jsp?ci=del+city%2C+&st=OK&q=sporting+goods+++++++++++++++++++++++++++++brigadoons&v=2&t=0&s=2&newUrl=/sp/yellowpages/ypresults.jsp&_requestid=507095" "Mozilla/4.0 (compatible; MSIE 6.0; Windows NT 5.1; FunWebProducts; SV1; .NET CLR 1.1.4322; PeoplePal 3.0)" pr 12821
4.245.61.8 - - [14/Dec/2006:00:03:02 -0800] "GET /displaygif/sbc/42/639342.jpg HTTP/1.1" 206 31882 "http://www.yellowpages.com/sp/yellowpages/ypresults.jsp?ci=del+city%2C+&st=OK&q=sporting+goods+++++++++++++++++++++++++++++brigadoons&v=2&t=0&s=2&newUrl=/sp/yellowpages/ypresults.jsp&_requestid=507095" "Mozilla/4.0 (compatible; MSIE 6.0; Windows NT 5.1; FunWebProducts; SV1; .NET CLR 1.1.4322; PeoplePal 3.0)" hd 773
70.23.185.212 - - [14/Dec/2006:00:03:03 -0800] "GET /shared/yellowpages_logo2.gif HTTP/1.1" 200 2543 "http://www.yellowpages.com/" "Mozilla/4.0 (compatible; MSIE 6.0; Windows NT 5.1; SV1; FunWebProducts; .NET CLR 1.1.4322)" hm 682
70.23.185.212 - - [14/Dec/2006:00:03:03 -0800] "GET /shared/nav/icon_helpOver.gif HTTP/1.1" 200 604 "http://www.yellowpages.com/" "Mozilla/4.0 (compatible; MSIE 6.0; Windows NT 5.1; SV1; FunWebProducts; .NET CLR 1.1.4322)" hm 670
70.23.185.212 - - [14/Dec/2006:00:03:04 -0800] "GET /homepage/top_box.gif HTTP/1.1" 200 1592 "http://www.yellowpages.com/" "Mozilla/4.0 (compatible; MSIE 6.0; Windows NT 5.1; SV1; FunWebProducts; .NET CLR 1.1.4322)" hm 628
70.23.185.212 - - [14/Dec/2006:00:03:04 -0800] "GET /homepage/hp_search.gif HTTP/1.1" 200 1677 "http://www.yellowpages.com/" "Mozilla/4.0 (compatible; MSIE 6.0; Windows NT 5.1; SV1; FunWebProducts; .NET CLR 1.1.4322)" hm 475
70.23.185.212 - - [14/Dec/2006:00:03:04 -0800] "GET /homepage/bg_searchbox.gif HTTP/1.1" 200 410 "http://www.yellowpages.com/" "Mozilla/4.0 (compatible; MSIE 6.0; Windows NT 5.1; SV1; FunWebProducts; .NET CLR 1.1.4322)" hm 554
68.73.102.86 - - [14/Dec/2006:00:03:04 -0800] "GET /shared/space.gif HTTP/1.1" 200 69 "http://www.yellowpages.com/" "Mozilla/4.0 (compatible; MSIE 6.0; Windows NT 5.1; SV1; Media Center PC 3.0; .NET CLR 1.0.3705; .NET CLR 1.1.4322; InfoPath.2)" hm 499
70.23.185.212 - - [14/Dec/2006:00:03:04 -0800] "GET /promo/images2/spacer_left.jpg HTTP/1.1" 200 306 "http://www.yellowpages.com/" "Mozilla/4.0 (compatible; MSIE 6.0; Windows NT 5.1; SV1; FunWebProducts; .NET CLR 1.1.4322)" hm 403
68.73.102.86 - - [14/Dec/2006:00:03:04 -0800] "GET /shared/nav/bg_topNavUserReg.gif HTTP/1.1" 200 149 "http://www.yellowpages.com/" "Mozilla/4.0 (compatible; MSIE 6.0; Windows NT 5.1; SV1; Media Center PC 3.0; .NET CLR 1.0.3705; .NET CLR 1.1.4322; InfoPath.2)" hm 384
70.23.185.212 - - [14/Dec/2006:00:03:04 -0800] "GET /promo/images/intro_black.jpg HTTP/1.1" 200 9683 "http://www.yellowpages.com/" "Mozilla/4.0 (compatible; MSIE 6.0; Windows NT 5.1; SV1; FunWebProducts; .NET CLR 1.1.4322)" hm 421
70.23.185.212 - - [14/Dec/2006:00:03:05 -0800] "GET /promo/images/button2_off.gif HTTP/1.1" 200 504 "http://www.yellowpages.com/" "Mozilla/4.0 (compatible; MSIE 6.0; Windows NT 5.1; SV1; FunWebProducts; .NET CLR 1.1.4322)" hm 448
70.23.185.212 - - [14/Dec/2006:00:03:05 -0800] "GET /promo/images/button4_off.gif HTTP/1.1" 200 430 "http://www.yellowpages.com/" "Mozilla/4.0 (compatible; MSIE 6.0; Windows NT 5.1; SV1; FunWebProducts; .NET CLR 1.1.4322)" hm 619
68.73.102.86 - - [14/Dec/2006:00:03:05 -0800] "GET /promo/images/button2_off.gif HTTP/1.1" 200 504 "http://www.yellowpages.com/" "Mozilla/4.0 (compatible; MSIE 6.0; Windows NT 5.1; SV1; Media Center PC 3.0; .NET CLR 1.0.3705; .NET CLR 1.1.4322; InfoPath.2)" hm 424
70.23.185.212 - - [14/Dec/2006:00:03:05 -0800] "GET /promo/images2/spacer_bottom.gif HTTP/1.1" 200 1444 "http://www.yellowpages.com/" "Mozilla/4.0 (compatible; MSIE 6.0; Windows NT 5.1; SV1; FunWebProducts; .NET CLR 1.1.4322)" hm 399
70.23.185.212 - - [14/Dec/2006:00:03:05 -0800] "GET /homepage/hp_browse.gif HTTP/1.1" 200 1106 "http://www.yellowpages.com/" "Mozilla/4.0 (compatible; MSIE 6.0; Windows NT 5.1; SV1; FunWebProducts; .NET CLR 1.1.4322)" hm 586
70.23.185.212 - - [14/Dec/2006:00:03:05 -0800] "GET /backs/bg.gif HTTP/1.1" 200 51703 "http://www.yellowpages.com/" "Mozilla/4.0 (compatible; MSIE 6.0; Windows NT 5.1; SV1; FunWebProducts; .NET CLR 1.1.4322)" hm 1486
68.73.102.86 - - [14/Dec/2006:00:03:07 -0800] "GET /promo/images/button4_off.gif HTTP/1.1" 200 430 "http://www.yellowpages.com/" "Mozilla/4.0 (compatible; MSIE 6.0; Windows NT 5.1; SV1; Media Center PC 3.0; .NET CLR 1.0.3705; .NET CLR 1.1.4322; InfoPath.2)" hm 655
4.168.180.251 - - [14/Dec/2006:00:03:07 -0800] "GET /shared/nav/bg_topNav.gif HTTP/1.1" 200 155 "http://www.yellowpages.com/" "Mozilla/4.0 (compatible; MSIE 7.0; Windows NT 5.1; .NET CLR 1.1.4322; .NET CLR 2.0.50727)" hm 618
4.168.180.251 - - [14/Dec/2006:00:03:09 -0800] "GET /shared/space.gif HTTP/1.1" 200 69 "http://www.yellowpages.com/" "Mozilla/4.0 (compatible; MSIE 7.0; Windows NT 5.1; .NET CLR 1.1.4322; .NET CLR 2.0.50727)" hm 659
70.23.185.212 - - [14/Dec/2006:00:03:10 -0800] "GET /promo/images/button1_off.gif HTTP/1.1" 200 439 "http://www.yellowpages.com/" "Mozilla/4.0 (compatible; MSIE 6.0; Windows NT 5.1; SV1; FunWebProducts; .NET CLR 1.1.4322)" hm 588
4.168.180.251 - - [14/Dec/2006:00:03:10 -0800] "GET /shared/nav/icon_helpOff.gif HTTP/1.1" 200 392 "http://www.yellowpages.com/" "Mozilla/4.0 (compatible; MSIE 7.0; Windows NT 5.1; .NET CLR 1.1.4322; .NET CLR 2.0.50727)" hm 626
4.168.180.251 - - [14/Dec/2006:00:03:13 -0800] "GET /shared/nav/icon_helpOff.gif HTTP/1.1" 200 392 "http://www.yellowpages.com/" "Mozilla/4.0 (compatible; MSIE 7.0; Windows NT 5.1; .NET CLR 1.1.4322; .NET CLR 2.0.50727)" hm 470
4.245.61.8 - - [14/Dec/2006:00:03:13 -0800] "GET /displaygif/sbc/OK/43/OK810443.gif HTTP/1.1" 200 3590 "http://www.yellowpages.com/sp/yellowpages/ypresults.jsp?ci=del+city%2C+&st=OK&q=sporting+goods+++++++++++++++++++++++++++++brigadoons&v=2&t=0&s=2&newUrl=/sp/yellowpages/ypresults.jsp&_requestid=507095" "Mozilla/4.0 (compatible; MSIE 6.0; Windows NT 5.1; FunWebProducts; SV1; .NET CLR 1.1.4322; PeoplePal 3.0)" mi 72481
68.73.102.86 - - [14/Dec/2006:00:03:13 -0800] "GET /shared/nav/icon_helpOff.gif HTTP/1.1" 200 392 "http://www.yellowpages.com/" "Mozilla/4.0 (compatible; MSIE 6.0; Windows NT 5.1; SV1; Media Center PC 3.0; .NET CLR 1.0.3705; .NET CLR 1.1.4322; InfoPath.2)" hm 578
68.73.102.86 - - [14/Dec/2006:00:03:13 -0800] "GET /homepage/hp_search.gif HTTP/1.1" 200 1677 "http://www.yellowpages.com/" "Mozilla/4.0 (compatible; MSIE 6.0; Windows NT 5.1; SV1; Media Center PC 3.0; .NET CLR 1.0.3705; .NET CLR 1.1.4322; InfoPath.2)" hm 519
66.91.33.160 - - [14/Dec/2006:00:03:14 -0800] "GET /smartpage/subhdr_add_info.gif HTTP/1.1" 200 603 "http://www.yellowpages.com/sp/moreinfo/index.jsp?linkType=7&impressionId=62&q=veterinarian&listingId=69451813&searchId=1&id=69451813" "Mozilla/4.0 (compatible; MSIE 7.0; Windows NT 5.1; .NET CLR 1.1.4322)" hm 805
4.168.180.251 - - [14/Dec/2006:00:03:14 -0800] "GET /homepage/left_box2.gif HTTP/1.1" 200 1416 "http://www.yellowpages.com/" "Mozilla/4.0 (compatible; MSIE 7.0; Windows NT 5.1; .NET CLR 1.1.4322; .NET CLR 2.0.50727)" hm 640
130.36.62.141 - - [14/Dec/2006:00:03:14 -0800] "GET /maps/dashboard/arrow_up.gif HTTP/1.1" 304 0 "-" "Mozilla/4.0 (compatible;)" hm 630
59.89.229.111 - - [14/Dec/2006:00:03:15 -0800] "GET /yellowpages/icon_catVal.gif HTTP/1.1" 200 676 "http://www.yellowpages.com/sp/yellowpages/ypresults.jsp;jsessionid=5D3XAX1GW40PRQFI4A1BF2Q?t=0&v=0&q=k+p+astrologer&_requestid=511373" "Mozilla/4.0 (compatible; MSIE 6.0; Windows NT 5.1; SV1)" hm 553
71.136.235.214 - - [14/Dec/2006:00:03:16 -0800] "GET /promo/images/button1_off.gif HTTP/1.1" 200 439 "http://www.yellowpages.com/?ia=s" "Mozilla/4.0 (compatible; MSIE 7.0; Windows NT 5.1; .NET CLR 1.0.3705; .NET CLR 1.1.4322; IEMB3; IEMB3)" hm 617
69.234.121.234 - - [14/Dec/2006:00:03:16 -0800] "GET /shared/nav/icon_helpOff.gif HTTP/1.1" 304 0 "http://www.yellowpages.com/?domain=sp" "Mozilla/4.0 (compatible; MSIE 6.0; Windows NT 5.1; SV1)" hm 499
69.234.121.234 - - [14/Dec/2006:00:03:16 -0800] "GET /shared/nav/icon_helpOver.gif HTTP/1.1" 200 604 "http://www.yellowpages.com/?domain=sp" "Mozilla/4.0 (compatible; MSIE 6.0; Windows NT 5.1; SV1)" hm 431
69.234.121.234 - - [14/Dec/2006:00:03:16 -0800] "GET /shared/nav/icon_helpOff.gif HTTP/1.1" 200 392 "http://www.yellowpages.com/?domain=sp" "Mozilla/4.0 (compatible; MSIE 6.0; Windows NT 5.1; SV1)" hm 411
69.234.121.234 - - [14/Dec/2006:00:03:16 -0800] "GET /homepage/left_box2.gif HTTP/1.1" 200 1416 "http://www.yellowpages.com/?domain=sp" "Mozilla/4.0 (compatible; MSIE 6.0; Windows NT 5.1; SV1)" hm 643
69.234.121.234 - - [14/Dec/2006:00:03:16 -0800] "GET /homepage/top_box.gif HTTP/1.1" 200 1592 "http://www.yellowpages.com/?domain=sp" "Mozilla/4.0 (compatible; MSIE 6.0; Windows NT 5.1; SV1)" hm 474
4.168.180.251 - - [14/Dec/2006:00:03:17 -0800] "GET /homepage/hp_search.gif HTTP/1.1" 200 1677 "http://www.yellowpages.com/" "Mozilla/4.0 (compatible; MSIE 7.0; Windows NT 5.1; .NET CLR 1.1.4322; .NET CLR 2.0.50727)" hm 410
69.234.121.234 - - [14/Dec/2006:00:03:17 -0800] "GET /promo/images/intro_black.jpg HTTP/1.1" 200 9683 "http://www.yellowpages.com/?domain=sp" "Mozilla/4.0 (compatible; MSIE 6.0; Windows NT 5.1; SV1)" hm 645
69.234.121.234 - - [14/Dec/2006:00:03:17 -0800] "GET /promo/images2/spacer_top.gif HTTP/1.1" 200 1581 "http://www.yellowpages.com/?domain=sp" "Mozilla/4.0 (compatible; MSIE 6.0; Windows NT 5.1; SV1)" hm 571
208.54.14.3 - - [14/Dec/2006:00:03:17 -0800] "GET /shared/subhdr_intl_dir.gif HTTP/1.1" 200 482 "http://www.yellowpages.com/sp/yellowpages/;jsessionid=2CLN3EJHW1MORQFI4A1A4CQ" "Mozilla/4.0 (compatible; MSIE 4.01; Windows CE; PPC; 240x320)" hm 528
69.234.121.234 - - [14/Dec/2006:00:03:17 -0800] "GET /promo/images/space.gif HTTP/1.1" 200 44 "http://www.yellowpages.com/?domain=sp" "Mozilla/4.0 (compatible; MSIE 6.0; Windows NT 5.1; SV1)" hm 460
69.234.121.234 - - [14/Dec/2006:00:03:17 -0800] "GET /promo/images/button1_off.gif HTTP/1.1" 200 439 "http://www.yellowpages.com/?domain=sp" "Mozilla/4.0 (compatible; MSIE 6.0; Windows NT 5.1; SV1)" hm 692
69.234.121.234 - - [14/Dec/2006:00:03:18 -0800] "GET /promo/images2/spacer_right.gif HTTP/1.1" 200 1654 "http://www.yellowpages.com/?domain=sp" "Mozilla/4.0 (compatible; MSIE 6.0; Windows NT 5.1; SV1)" hm 632
69.234.121.234 - - [14/Dec/2006:00:03:18 -0800] "GET /homepage/hp_browse.gif HTTP/1.1" 200 1106 "http://www.yellowpages.com/?domain=sp" "Mozilla/4.0 (compatible; MSIE 6.0; Windows NT 5.1; SV1)" hm 577
69.234.121.234 - - [14/Dec/2006:00:03:18 -0800] "GET /backs/bg.gif HTTP/1.1" 200 51703 "http://www.yellowpages.com/?domain=sp" "Mozilla/4.0 (compatible; MSIE 6.0; Windows NT 5.1; SV1)" hm 1332
4.168.180.251 - - [14/Dec/2006:00:03:18 -0800] "GET /promo/images2/spacer_top.gif HTTP/1.1" 200 1581 "http://www.yellowpages.com/" "Mozilla/4.0 (compatible; MSIE 7.0; Windows NT 5.1; .NET CLR 1.1.4322; .NET CLR 2.0.50727)" hm 435
69.234.121.234 - - [14/Dec/2006:00:03:19 -0800] "GET /shared/logo_footerbls.gif HTTP/1.1" 200 1721 "http://www.yellowpages.com/?domain=sp" "Mozilla/4.0 (compatible; MSIE 6.0; Windows NT 5.1; SV1)" hm 678
84.97.11.95 - - [14/Dec/2006:00:03:19 -0800] "GET /maps/dashboard/compass_bird.gif HTTP/1.1" 200 2364 "http://www.yellowpages.com/sp/maps/maps.jsp?linkType=13&rurl=t%253D0%2526v%253D2%2526s%253D1%2526q%253Ddumas%2526st%253DNY%2526_requestid%253D511332&impressionId=5&listingId=47839818&id=47839818" "Mozilla/4.0 (compatible; MSIE 7.0; Windows NT 5.1; .NET CLR 1.1.4322)" hm 640
84.97.11.95 - - [14/Dec/2006:00:03:19 -0800] "GET /maps/dashboard/slider.gif HTTP/1.1" 200 193 "http://www.yellowpages.com/sp/maps/maps.jsp?linkType=13&rurl=t%253D0%2526v%253D2%2526s%253D1%2526q%253Ddumas%2526st%253DNY%2526_requestid%253D511332&impressionId=5&listingId=47839818&id=47839818" "Mozilla/4.0 (compatible; MSIE 7.0; Windows NT 5.1; .NET CLR 1.1.4322)" hm 528
208.54.14.3 - - [14/Dec/2006:00:03:19 -0800] "GET /yellowpages/header_yp.gif HTTP/1.1" 200 1347 "http://www.yellowpages.com/sp/yellowpages/;jsessionid=2CLN3EJHW1MORQFI4A1A4CQ" "Mozilla/4.0 (compatible; MSIE 4.01; Windows CE; PPC; 240x320)" hm 563
84.97.11.95 - - [14/Dec/2006:00:03:19 -0800] "GET /maps/dashboard/btn_road_on.gif HTTP/1.1" 200 1435 "http://www.yellowpages.com/sp/maps/maps.jsp?linkType=13&rurl=t%253D0%2526v%253D2%2526s%253D1%2526q%253Ddumas%2526st%253DNY%2526_requestid%253D511332&impressionId=5&listingId=47839818&id=47839818" "Mozilla/4.0 (compatible; MSIE 7.0; Windows NT 5.1; .NET CLR 1.1.4322)" hm 617
4.168.180.251 - - [14/Dec/2006:00:03:19 -0800] "GET /promo/images/go_button.gif HTTP/1.1" 200 186 "http://www.yellowpages.com/" "Mozilla/4.0 (compatible; MSIE 7.0; Windows NT 5.1; .NET CLR 1.1.4322; .NET CLR 2.0.50727)" hm 464
4.168.180.251 - - [14/Dec/2006:00:03:21 -0800] "GET /promo/images/space.gif HTTP/1.1" 200 44 "http://www.yellowpages.com/" "Mozilla/4.0 (compatible; MSIE 7.0; Windows NT 5.1; .NET CLR 1.1.4322; .NET CLR 2.0.50727)" hm 613
84.97.11.95 - - [14/Dec/2006:00:03:21 -0800] "GET /maps/dashboard/circle_disabled.gif HTTP/1.1" 200 98 "http://www.yellowpages.com/sp/maps/maps.jsp?linkType=13&rurl=t%253D0%2526v%253D2%2526s%253D1%2526q%253Ddumas%2526st%253DNY%2526_requestid%253D511332&impressionId=5&listingId=47839818&id=47839818" "Mozilla/4.0 (compatible; MSIE 7.0; Windows NT 5.1; .NET CLR 1.1.4322)" hm 654
208.54.14.3 - - [14/Dec/2006:00:03:21 -0800] "GET /yellowpages/subhdr_search.gif HTTP/1.1" 200 647 "http://www.yellowpages.com/sp/yellowpages/;jsessionid=2CLN3EJHW1MORQFI4A1A4CQ" "Mozilla/4.0 (compatible; MSIE 4.01; Windows CE; PPC; 240x320)" hm 668
4.168.180.251 - - [14/Dec/2006:00:03:22 -0800] "GET /promo/images/button1_off.gif HTTP/1.1" 200 439 "http://www.yellowpages.com/" "Mozilla/4.0 (compatible; MSIE 7.0; Windows NT 5.1; .NET CLR 1.1.4322; .NET CLR 2.0.50727)" hm 742
66.57.194.91 - - [14/Dec/2006:00:03:22 -0800] "GET /maps/label_directions.gif HTTP/1.1" 200 466 "http://www.yellowpages.com/sp/maps/driving_directions.jsp?srcLat=34.143595&srcLon=-79.694696&srcaddr=3340+Sawgrass+Dr.&srccity=Florence&srcstate=SC&srczip=&srcName=&srcPh=&dstLat=34.206919&dstLon=-79.603045&dstaddr=6173+E+Old+Marion+Hwy&dstcity=Florence&dststate=SC&dstzip=&dstName=&dstPh=&zl=&srcid=0&dstid=13959488&_requestid=501737" "Mozilla/4.0 (compatible; MSIE 6.0; Windows NT 5.1; SV1; .NET CLR 1.1.4322; PeoplePal 3.0)" hm 687
66.57.194.91 - - [14/Dec/2006:00:03:22 -0800] "GET /maps/label_senddirections.gif HTTP/1.1" 200 913 "http://www.yellowpages.com/sp/maps/driving_directions.jsp?srcLat=34.143595&srcLon=-79.694696&srcaddr=3340+Sawgrass+Dr.&srccity=Florence&srcstate=SC&srczip=&srcName=&srcPh=&dstLat=34.206919&dstLon=-79.603045&dstaddr=6173+E+Old+Marion+Hwy&dstcity=Florence&dststate=SC&dstzip=&dstName=&dstPh=&zl=&srcid=0&dstid=13959488&_requestid=501737" "Mozilla/4.0 (compatible; MSIE 6.0; Windows NT 5.1; SV1; .NET CLR 1.1.4322; PeoplePal 3.0)" hm 602
66.57.194.91 - - [14/Dec/2006:00:03:22 -0800] "GET /maps/label_miles.gif HTTP/1.1" 200 343 "http://www.yellowpages.com/sp/maps/driving_directions.jsp?srcLat=34.143595&srcLon=-79.694696&srcaddr=3340+Sawgrass+Dr.&srccity=Florence&srcstate=SC&srczip=&srcName=&srcPh=&dstLat=34.206919&dstLon=-79.603045&dstaddr=6173+E+Old+Marion+Hwy&dstcity=Florence&dststate=SC&dstzip=&dstName=&dstPh=&zl=&srcid=0&dstid=13959488&_requestid=501737" "Mozilla/4.0 (compatible; MSIE 6.0; Windows NT 5.1; SV1; .NET CLR 1.1.4322; PeoplePal 3.0)" hm 693
66.57.194.91 - - [14/Dec/2006:00:03:22 -0800] "GET /maps/label_fromwhom.gif HTTP/1.1" 200 759 "http://www.yellowpages.com/sp/maps/driving_directions.jsp?srcLat=34.143595&srcLon=-79.694696&srcaddr=3340+Sawgrass+Dr.&srccity=Florence&srcstate=SC&srczip=&srcName=&srcPh=&dstLat=34.206919&dstLon=-79.603045&dstaddr=6173+E+Old+Marion+Hwy&dstcity=Florence&dststate=SC&dstzip=&dstName=&dstPh=&zl=&srcid=0&dstid=13959488&_requestid=501737" "Mozilla/4.0 (compatible; MSIE 6.0; Windows NT 5.1; SV1; .NET CLR 1.1.4322; PeoplePal 3.0)" hm 665
66.57.194.91 - - [14/Dec/2006:00:03:22 -0800] "GET /maps/label_towhom.gif HTTP/1.1" 200 1282 "http://www.yellowpages.com/sp/maps/driving_directions.jsp?srcLat=34.143595&srcLon=-79.694696&srcaddr=3340+Sawgrass+Dr.&srccity=Florence&srcstate=SC&srczip=&srcName=&srcPh=&dstLat=34.206919&dstLon=-79.603045&dstaddr=6173+E+Old+Marion+Hwy&dstcity=Florence&dststate=SC&dstzip=&dstName=&dstPh=&zl=&srcid=0&dstid=13959488&_requestid=501737" "Mozilla/4.0 (compatible; MSIE 6.0; Windows NT 5.1; SV1; .NET CLR 1.1.4322; PeoplePal 3.0)" hm 475
4.168.180.251 - - [14/Dec/2006:00:03:22 -0800] "GET /promo/images/button3_off.gif HTTP/1.1" 200 577 "http://www.yellowpages.com/" "Mozilla/4.0 (compatible; MSIE 7.0; Windows NT 5.1; .NET CLR 1.1.4322; .NET CLR 2.0.50727)" hm 605
4.168.180.251 - - [14/Dec/2006:00:03:23 -0800] "GET /promo/images2/spacer_right.gif HTTP/1.1" 200 1654 "http://www.yellowpages.com/" "Mozilla/4.0 (compatible; MSIE 7.0; Windows NT 5.1; .NET CLR 1.1.4322; .NET CLR 2.0.50727)" hm 735
208.54.14.3 - - [14/Dec/2006:00:03:23 -0800] "GET /yellowpages/subhdr_distance.gif HTTP/1.1" 200 713 "http://www.yellowpages.com/sp/yellowpages/;jsessionid=2CLN3EJHW1MORQFI4A1A4CQ" "Mozilla/4.0 (compatible; MSIE 4.01; Windows CE; PPC; 240x320)" hm 836
4.168.180.251 - - [14/Dec/2006:00:03:23 -0800] "GET /promo/images/intro_image.jpg HTTP/1.1" 200 28880 "http://www.yellowpages.com/" "Mozilla/4.0 (compatible; MSIE 7.0; Windows NT 5.1; .NET CLR 1.1.4322; .NET CLR 2.0.50727)" hm 512
