69.226.242.102 - - [03/Jan/2006:20:47:27 -0800] "GET /plugins/phpwiki/themes/gforge/buttons/en/Diff.png HTTP/1.1" 304 - "-" "Mozilla/5.0 (Windows; U; Windows NT 5.1; en-US; rv:1.8) Gecko/20051111 Firefox/1.5"
69.226.242.102 - - [03/Jan/2006:20:47:27 -0800] "GET /plugins/phpwiki/themes/gforge/buttons/en/PageInfo.png HTTP/1.1" 304 - "-" "Mozilla/5.0 (Windows; U; Windows NT 5.1; en-US; rv:1.8) Gecko/20051111 Firefox/1.5"
69.226.242.102 - - [03/Jan/2006:20:47:27 -0800] "GET /plugins/phpwiki/themes/gforge/buttons/en/RecentChanges.png HTTP/1.1" 304 - "-" "Mozilla/5.0 (Windows; U; Windows NT 5.1; en-US; rv:1.8) Gecko/20051111 Firefox/1.5"
69.226.242.102 - - [03/Jan/2006:20:47:27 -0800] "GET /plugins/phpwiki/themes/gforge/buttons/en/LikePages.png HTTP/1.1" 304 - "-" "Mozilla/5.0 (Windows; U; Windows NT 5.1; en-US; rv:1.8) Gecko/20051111 Firefox/1.5"
69.226.242.102 - - [03/Jan/2006:20:47:27 -0800] "GET /plugins/phpwiki/themes/gforge/buttons/en/BackLinks.png HTTP/1.1" 304 - "-" "Mozilla/5.0 (Windows; U; Windows NT 5.1; en-US; rv:1.8) Gecko/20051111 Firefox/1.5"
69.226.242.102 - - [03/Jan/2006:20:47:29 -0800] "GET /pm/?group_id=5 HTTP/1.1" 200 2947 "http://i.grmtech.com/plugins/phpwiki/index.php/debtcare?group_id=5" "Mozilla/5.0 (Windows; U; Windows NT 5.1; en-US; rv:1.8) Gecko/20051111 Firefox/1.5"
69.226.242.102 - - [03/Jan/2006:20:47:29 -0800] "GET /themes/osx/images/background.png HTTP/1.1" 404 2206 "-" "Mozilla/5.0 (Windows; U; Windows NT 5.1; en-US; rv:1.8) Gecko/20051111 Firefox/1.5"
69.226.242.102 - - [03/Jan/2006:20:47:30 -0800] "GET /pm/task.php?group_project_id=164&group_id=5&func=browse HTTP/1.1" 200 6230 "http://i.grmtech.com/pm/?group_id=5" "Mozilla/5.0 (Windows; U; Windows NT 5.1; en-US; rv:1.8) Gecko/20051111 Firefox/1.5"
69.226.242.102 - - [03/Jan/2006:20:47:31 -0800] "GET /themes/osx/images/background.png HTTP/1.1" 404 2206 "-" "Mozilla/5.0 (Windows; U; Windows NT 5.1; en-US; rv:1.8) Gecko/20051111 Firefox/1.5"
69.226.242.102 - - [03/Jan/2006:20:47:32 -0800] "GET /pm/task.php?func=detailtask&project_task_id=796&group_id=5&group_project_id=164 HTTP/1.1" 200 15966 "http://i.grmtech.com/pm/task.php?group_project_id=164&group_id=5&func=browse" "Mozilla/5.0 (Windows; U; Windows NT 5.1; en-US; rv:1.8) Gecko/20051111 Firefox/1.5"
69.226.242.102 - - [03/Jan/2006:20:47:33 -0800] "GET /themes/osx/images/background.png HTTP/1.1" 404 2206 "-" "Mozilla/5.0 (Windows; U; Windows NT 5.1; en-US; rv:1.8) Gecko/20051111 Firefox/1.5"
69.226.242.102 - - [03/Jan/2006:20:47:48 -0800] "GET /pm/task.php?func=detailtask&project_task_id=802&group_id=5&group_project_id=164 HTTP/1.1" 200 16075 "http://i.grmtech.com/pm/task.php?group_project_id=164&group_id=5&func=browse" "Mozilla/5.0 (Windows; U; Windows NT 5.1; en-US; rv:1.8) Gecko/20051111 Firefox/1.5"
69.226.242.102 - - [03/Jan/2006:20:47:49 -0800] "GET /themes/osx/images/background.png HTTP/1.1" 404 2206 "-" "Mozilla/5.0 (Windows; U; Windows NT 5.1; en-US; rv:1.8) Gecko/20051111 Firefox/1.5"
69.226.242.102 - - [03/Jan/2006:20:47:56 -0800] "GET /themes/osx/images/background.png HTTP/1.1" 404 2206 "-" "Mozilla/5.0 (Windows; U; Windows NT 5.1; en-US; rv:1.8) Gecko/20051111 Firefox/1.5"
69.226.242.102 - - [03/Jan/2006:20:48:01 -0800] "GET /pm/?group_id=5 HTTP/1.1" 200 2947 "http://i.grmtech.com/projects/debtcare/" "Mozilla/5.0 (Windows; U; Windows NT 5.1; en-US; rv:1.8) Gecko/20051111 Firefox/1.5"
69.226.242.102 - - [03/Jan/2006:20:48:02 -0800] "GET /themes/osx/images/background.png HTTP/1.1" 404 2206 "-" "Mozilla/5.0 (Windows; U; Windows NT 5.1; en-US; rv:1.8) Gecko/20051111 Firefox/1.5"
69.226.242.102 - - [03/Jan/2006:20:48:03 -0800] "GET /pm/task.php?group_project_id=164&group_id=5&func=browse HTTP/1.1" 200 6230 "http://i.grmtech.com/pm/?group_id=5" "Mozilla/5.0 (Windows; U; Windows NT 5.1; en-US; rv:1.8) Gecko/20051111 Firefox/1.5"
69.226.242.102 - - [03/Jan/2006:20:48:04 -0800] "GET /themes/osx/images/background.png HTTP/1.1" 404 2206 "-" "Mozilla/5.0 (Windows; U; Windows NT 5.1; en-US; rv:1.8) Gecko/20051111 Firefox/1.5"
69.226.242.102 - - [03/Jan/2006:20:48:10 -0800] "GET /pm/task.php?func=detailtask&project_task_id=797&group_id=5&group_project_id=164 HTTP/1.1" 200 15942 "http://i.grmtech.com/pm/task.php?group_project_id=164&group_id=5&func=browse" "Mozilla/5.0 (Windows; U; Windows NT 5.1; en-US; rv:1.8) Gecko/20051111 Firefox/1.5"
69.226.242.102 - - [03/Jan/2006:20:48:11 -0800] "GET /themes/osx/images/background.png HTTP/1.1" 404 2206 "-" "Mozilla/5.0 (Windows; U; Windows NT 5.1; en-US; rv:1.8) Gecko/20051111 Firefox/1.5"
69.226.242.102 - - [03/Jan/2006:20:50:03 -0800] "GET /pm/task.php?group_project_id=164&group_id=5&func=browse HTTP/1.1" 200 6230 "http://i.grmtech.com/pm/?group_id=5" "Mozilla/5.0 (Windows; U; Windows NT 5.1; en-US; rv:1.8) Gecko/20051111 Firefox/1.5"
69.226.242.102 - - [03/Jan/2006:20:50:04 -0800] "GET /themes/osx/images/logo.png HTTP/1.1" 304 - "-" "Mozilla/5.0 (Windows; U; Windows NT 5.1; en-US; rv:1.8) Gecko/20051111 Firefox/1.5"
69.226.242.102 - - [03/Jan/2006:20:50:04 -0800] "GET /themes/osx/images/logohover.png HTTP/1.1" 304 - "-" "Mozilla/5.0 (Windows; U; Windows NT 5.1; en-US; rv:1.8) Gecko/20051111 Firefox/1.5"
69.226.242.102 - - [03/Jan/2006:20:50:04 -0800] "GET /themes/osx/images/clear.png HTTP/1.1" 304 - "-" "Mozilla/5.0 (Windows; U; Windows NT 5.1; en-US; rv:1.8) Gecko/20051111 Firefox/1.5"
69.226.242.102 - - [03/Jan/2006:20:50:04 -0800] "GET /themes/osx/images/tabs/leftdeselect.png HTTP/1.1" 304 - "-" "Mozilla/5.0 (Windows; U; Windows NT 5.1; en-US; rv:1.8) Gecko/20051111 Firefox/1.5"
69.226.242.102 - - [03/Jan/2006:20:50:04 -0800] "GET /themes/osx/images/tabs/deselect.png HTTP/1.1" 304 - "-" "Mozilla/5.0 (Windows; U; Windows NT 5.1; en-US; rv:1.8) Gecko/20051111 Firefox/1.5"
69.226.242.102 - - [03/Jan/2006:20:50:04 -0800] "GET /themes/osx/images/tabs/rightdeselect.png HTTP/1.1" 304 - "-" "Mozilla/5.0 (Windows; U; Windows NT 5.1; en-US; rv:1.8) Gecko/20051111 Firefox/1.5"
69.226.242.102 - - [03/Jan/2006:20:50:04 -0800] "GET /themes/osx/images/background.png HTTP/1.1" 404 2206 "-" "Mozilla/5.0 (Windows; U; Windows NT 5.1; en-US; rv:1.8) Gecko/20051111 Firefox/1.5"
69.226.242.102 - - [03/Jan/2006:20:50:04 -0800] "GET /themes/osx/images/tabs/leftselect.png HTTP/1.1" 304 - "-" "Mozilla/5.0 (Windows; U; Windows NT 5.1; en-US; rv:1.8) Gecko/20051111 Firefox/1.5"
69.226.242.102 - - [03/Jan/2006:20:50:04 -0800] "GET /themes/osx/images/tabs/select.png HTTP/1.1" 304 - "-" "Mozilla/5.0 (Windows; U; Windows NT 5.1; en-US; rv:1.8) Gecko/20051111 Firefox/1.5"
69.226.242.102 - - [03/Jan/2006:20:50:04 -0800] "GET /themes/osx/images/tabs/rightselect.png HTTP/1.1" 304 - "-" "Mozilla/5.0 (Windows; U; Windows NT 5.1; en-US; rv:1.8) Gecko/20051111 Firefox/1.5"
69.226.242.102 - - [03/Jan/2006:20:50:04 -0800] "GET /themes/osx/images/tabs/ruleselect.png HTTP/1.1" 304 - "-" "Mozilla/5.0 (Windows; U; Windows NT 5.1; en-US; rv:1.8) Gecko/20051111 Firefox/1.5"
69.226.242.102 - - [03/Jan/2006:20:50:04 -0800] "GET /themes/osx/images/tabs/leftblenddeselect.png HTTP/1.1" 304 - "-" "Mozilla/5.0 (Windows; U; Windows NT 5.1; en-US; rv:1.8) Gecko/20051111 Firefox/1.5"
69.226.242.102 - - [03/Jan/2006:20:50:04 -0800] "GET /themes/osx/images/tabs/ruledeselect.png HTTP/1.1" 304 - "-" "Mozilla/5.0 (Windows; U; Windows NT 5.1; en-US; rv:1.8) Gecko/20051111 Firefox/1.5"
69.226.242.102 - - [03/Jan/2006:20:50:04 -0800] "GET /themes/osx/images/tabs/rightblenddeselect.png HTTP/1.1" 304 - "-" "Mozilla/5.0 (Windows; U; Windows NT 5.1; en-US; rv:1.8) Gecko/20051111 Firefox/1.5"
69.226.242.102 - - [03/Jan/2006:20:50:04 -0800] "GET /themes/osx/images/tabs/leftblendselect.png HTTP/1.1" 304 - "-" "Mozilla/5.0 (Windows; U; Windows NT 5.1; en-US; rv:1.8) Gecko/20051111 Firefox/1.5"
69.226.242.102 - - [03/Jan/2006:20:50:05 -0800] "GET /themes/osx/images/tabs/rightblendselect.png HTTP/1.1" 304 - "-" "Mozilla/5.0 (Windows; U; Windows NT 5.1; en-US; rv:1.8) Gecko/20051111 Firefox/1.5"
69.226.242.102 - - [03/Jan/2006:20:55:30 -0800] "GET /pm/task.php?group_project_id=164&group_id=5&func=browse HTTP/1.1" 200 6230 "http://i.grmtech.com/pm/?group_id=5" "Mozilla/5.0 (Windows; U; Windows NT 5.1; en-US; rv:1.8) Gecko/20051111 Firefox/1.5"
69.226.242.102 - - [03/Jan/2006:20:55:31 -0800] "GET /themes/osx/images/logo.png HTTP/1.1" 304 - "-" "Mozilla/5.0 (Windows; U; Windows NT 5.1; en-US; rv:1.8) Gecko/20051111 Firefox/1.5"
69.226.242.102 - - [03/Jan/2006:20:55:31 -0800] "GET /themes/osx/images/logohover.png HTTP/1.1" 304 - "-" "Mozilla/5.0 (Windows; U; Windows NT 5.1; en-US; rv:1.8) Gecko/20051111 Firefox/1.5"
69.226.242.102 - - [03/Jan/2006:20:55:31 -0800] "GET /themes/osx/images/tabs/leftdeselect.png HTTP/1.1" 304 - "-" "Mozilla/5.0 (Windows; U; Windows NT 5.1; en-US; rv:1.8) Gecko/20051111 Firefox/1.5"
69.226.242.102 - - [03/Jan/2006:20:55:31 -0800] "GET /themes/osx/images/tabs/deselect.png HTTP/1.1" 304 - "-" "Mozilla/5.0 (Windows; U; Windows NT 5.1; en-US; rv:1.8) Gecko/20051111 Firefox/1.5"
69.226.242.102 - - [03/Jan/2006:20:55:31 -0800] "GET /themes/osx/images/clear.png HTTP/1.1" 304 - "-" "Mozilla/5.0 (Windows; U; Windows NT 5.1; en-US; rv:1.8) Gecko/20051111 Firefox/1.5"
69.226.242.102 - - [03/Jan/2006:20:55:32 -0800] "GET /themes/osx/images/tabs/rightdeselect.png HTTP/1.1" 304 - "-" "Mozilla/5.0 (Windows; U; Windows NT 5.1; en-US; rv:1.8) Gecko/20051111 Firefox/1.5"
69.226.242.102 - - [03/Jan/2006:20:55:32 -0800] "GET /themes/osx/images/tabs/leftselect.png HTTP/1.1" 304 - "-" "Mozilla/5.0 (Windows; U; Windows NT 5.1; en-US; rv:1.8) Gecko/20051111 Firefox/1.5"
69.226.242.102 - - [03/Jan/2006:20:55:32 -0800] "GET /themes/osx/images/tabs/select.png HTTP/1.1" 304 - "-" "Mozilla/5.0 (Windows; U; Windows NT 5.1; en-US; rv:1.8) Gecko/20051111 Firefox/1.5"
69.226.242.102 - - [03/Jan/2006:20:55:32 -0800] "GET /themes/osx/images/tabs/rightselect.png HTTP/1.1" 304 - "-" "Mozilla/5.0 (Windows; U; Windows NT 5.1; en-US; rv:1.8) Gecko/20051111 Firefox/1.5"
69.226.242.102 - - [03/Jan/2006:20:55:32 -0800] "GET /themes/osx/images/tabs/ruleselect.png HTTP/1.1" 304 - "-" "Mozilla/5.0 (Windows; U; Windows NT 5.1; en-US; rv:1.8) Gecko/20051111 Firefox/1.5"
69.226.242.102 - - [03/Jan/2006:20:55:32 -0800] "GET /themes/osx/images/background.png HTTP/1.1" 404 2206 "-" "Mozilla/5.0 (Windows; U; Windows NT 5.1; en-US; rv:1.8) Gecko/20051111 Firefox/1.5"
69.226.242.102 - - [03/Jan/2006:20:55:32 -0800] "GET /themes/osx/images/tabs/leftblenddeselect.png HTTP/1.1" 304 - "-" "Mozilla/5.0 (Windows; U; Windows NT 5.1; en-US; rv:1.8) Gecko/20051111 Firefox/1.5"
69.226.242.102 - - [03/Jan/2006:20:55:32 -0800] "GET /themes/osx/images/tabs/ruledeselect.png HTTP/1.1" 304 - "-" "Mozilla/5.0 (Windows; U; Windows NT 5.1; en-US; rv:1.8) Gecko/20051111 Firefox/1.5"
69.226.242.102 - - [03/Jan/2006:20:55:32 -0800] "GET /themes/osx/images/tabs/rightblenddeselect.png HTTP/1.1" 304 - "-" "Mozilla/5.0 (Windows; U; Windows NT 5.1; en-US; rv:1.8) Gecko/20051111 Firefox/1.5"
69.226.242.102 - - [03/Jan/2006:20:55:32 -0800] "GET /themes/osx/images/tabs/leftblendselect.png HTTP/1.1" 304 - "-" "Mozilla/5.0 (Windows; U; Windows NT 5.1; en-US; rv:1.8) Gecko/20051111 Firefox/1.5"
69.226.242.102 - - [03/Jan/2006:20:55:32 -0800] "GET /themes/osx/images/tabs/rightblendselect.png HTTP/1.1" 304 - "-" "Mozilla/5.0 (Windows; U; Windows NT 5.1; en-US; rv:1.8) Gecko/20051111 Firefox/1.5"
69.226.242.102 - - [03/Jan/2006:20:55:44 -0800] "GET /pm/task.php?func=detailtask&project_task_id=807&group_id=5&group_project_id=164 HTTP/1.1" 200 15552 "http://i.grmtech.com/pm/task.php?group_project_id=164&group_id=5&func=browse" "Mozilla/5.0 (Windows; U; Windows NT 5.1; en-US; rv:1.8) Gecko/20051111 Firefox/1.5"
69.226.242.102 - - [03/Jan/2006:20:55:45 -0800] "GET /themes/osx/images/background.png HTTP/1.1" 404 2206 "-" "Mozilla/5.0 (Windows; U; Windows NT 5.1; en-US; rv:1.8) Gecko/20051111 Firefox/1.5"
69.226.242.102 - - [03/Jan/2006:20:55:48 -0800] "GET /pm/task.php?func=detailtask&project_task_id=803&group_id=5&group_project_id=164 HTTP/1.1" 200 15923 "http://i.grmtech.com/pm/task.php?group_project_id=164&group_id=5&func=browse" "Mozilla/5.0 (Windows; U; Windows NT 5.1; en-US; rv:1.8) Gecko/20051111 Firefox/1.5"
69.226.242.102 - - [03/Jan/2006:20:55:49 -0800] "GET /themes/osx/images/background.png HTTP/1.1" 404 2206 "-" "Mozilla/5.0 (Windows; U; Windows NT 5.1; en-US; rv:1.8) Gecko/20051111 Firefox/1.5"
59.93.193.13 - - [03/Jan/2006:21:01:10 -0800] "GET / HTTP/1.1" 200 2397 "-" "Mozilla/5.0 (Windows; U; Windows NT 5.1; en-US; rv:1.7.12) Gecko/20050915 Firefox/1.0.7"
59.93.193.13 - - [03/Jan/2006:21:01:12 -0800] "GET /themes/osx/images/background.png HTTP/1.1" 404 2164 "-" "Mozilla/5.0 (Windows; U; Windows NT 5.1; en-US; rv:1.7.12) Gecko/20050915 Firefox/1.0.7"
59.93.193.13 - - [03/Jan/2006:21:01:12 -0800] "GET /favicon.ico HTTP/1.1" 200 1406 "-" "Mozilla/5.0 (Windows; U; Windows NT 5.1; en-US; rv:1.7.12) Gecko/20050915 Firefox/1.0.7"
59.93.193.13 - - [03/Jan/2006:21:01:19 -0800] "GET /account/login.php HTTP/1.1" 200 2314 "-" "Mozilla/5.0 (Windows; U; Windows NT 5.1; en-US; rv:1.7.12) Gecko/20050915 Firefox/1.0.7"
59.93.193.13 - - [03/Jan/2006:21:01:20 -0800] "GET /themes/osx/images/background.png HTTP/1.1" 404 2164 "-" "Mozilla/5.0 (Windows; U; Windows NT 5.1; en-US; rv:1.7.12) Gecko/20050915 Firefox/1.0.7"
59.93.193.13 - - [03/Jan/2006:21:01:24 -0800] "POST /account/login.php HTTP/1.1" 302 26 "-" "Mozilla/5.0 (Windows; U; Windows NT 5.1; en-US; rv:1.7.12) Gecko/20050915 Firefox/1.0.7"
59.93.193.13 - - [03/Jan/2006:21:01:25 -0800] "GET /my/ HTTP/1.1" 200 15174 "-" "Mozilla/5.0 (Windows; U; Windows NT 5.1; en-US; rv:1.7.12) Gecko/20050915 Firefox/1.0.7"
59.93.193.13 - - [03/Jan/2006:21:01:27 -0800] "GET /themes/osx/images/background.png HTTP/1.1" 404 2157 "-" "Mozilla/5.0 (Windows; U; Windows NT 5.1; en-US; rv:1.7.12) Gecko/20050915 Firefox/1.0.7"
59.93.193.13 - - [03/Jan/2006:21:01:29 -0800] "GET /pm/task.php?group_id=82&group_project_id=75 HTTP/1.1" 200 6954 "-" "Mozilla/5.0 (Windows; U; Windows NT 5.1; en-US; rv:1.7.12) Gecko/20050915 Firefox/1.0.7"
59.93.193.13 - - [03/Jan/2006:21:01:30 -0800] "GET /themes/osx/images/background.png HTTP/1.1" 404 2157 "-" "Mozilla/5.0 (Windows; U; Windows NT 5.1; en-US; rv:1.7.12) Gecko/20050915 Firefox/1.0.7"
59.93.193.13 - - [03/Jan/2006:21:01:34 -0800] "GET /themes/osx/images/background.png HTTP/1.1" 404 2157 "-" "Mozilla/5.0 (Windows; U; Windows NT 5.1; en-US; rv:1.7.12) Gecko/20050915 Firefox/1.0.7"
59.93.193.13 - - [03/Jan/2006:21:01:31 -0800] "GET /plugins/phpwiki/index.php/deptfacim?group_id=82 HTTP/1.1" 200 23005 "-" "Mozilla/5.0 (Windows; U; Windows NT 5.1; en-US; rv:1.7.12) Gecko/20050915 Firefox/1.0.7"
59.93.193.13 - - [03/Jan/2006:21:01:36 -0800] "GET /plugins/phpwiki/index.php/deptfacim?group_id=82 HTTP/1.1" 200 23005 "-" "Mozilla/5.0 (Windows; U; Windows NT 5.1; en-US; rv:1.7.12) Gecko/20050915 Firefox/1.0.7"
59.93.193.13 - - [03/Jan/2006:21:01:39 -0800] "GET /themes/osx/images/background.png HTTP/1.1" 404 2157 "-" "Mozilla/5.0 (Windows; U; Windows NT 5.1; en-US; rv:1.7.12) Gecko/20050915 Firefox/1.0.7"
59.93.193.13 - - [03/Jan/2006:21:01:37 -0800] "GET /plugins/phpwiki/index.php/FacMan%20Reports?group_id=82 HTTP/1.1" 200 26589 "-" "Mozilla/5.0 (Windows; U; Windows NT 5.1; en-US; rv:1.7.12) Gecko/20050915 Firefox/1.0.7"
59.93.193.13 - - [03/Jan/2006:21:01:43 -0800] "GET /themes/osx/images/background.png HTTP/1.1" 404 2157 "-" "Mozilla/5.0 (Windows; U; Windows NT 5.1; en-US; rv:1.7.12) Gecko/20050915 Firefox/1.0.7"
59.93.193.13 - - [03/Jan/2006:21:01:41 -0800] "GET /plugins/phpwiki/index.php/Office%20inventory%20records?group_id=82 HTTP/1.1" 200 117843 "-" "Mozilla/5.0 (Windows; U; Windows NT 5.1; en-US; rv:1.7.12) Gecko/20050915 Firefox/1.0.7"
69.226.242.102 - - [03/Jan/2006:21:01:55 -0800] "GET /my/ HTTP/1.1" 200 15892 "-" "Mozilla/5.0 (Windows; U; Windows NT 5.1; en-US; rv:1.8) Gecko/20051111 Firefox/1.5"
69.226.242.102 - - [03/Jan/2006:21:01:56 -0800] "GET /themes/osx/images/background.png HTTP/1.1" 404 2206 "-" "Mozilla/5.0 (Windows; U; Windows NT 5.1; en-US; rv:1.8) Gecko/20051111 Firefox/1.5"
69.226.242.102 - - [03/Jan/2006:21:02:06 -0800] "GET /projects/debtcare/ HTTP/1.1" 200 4523 "http://i.grmtech.com/my/" "Mozilla/5.0 (Windows; U; Windows NT 5.1; en-US; rv:1.8) Gecko/20051111 Firefox/1.5"
69.226.242.102 - - [03/Jan/2006:21:02:07 -0800] "GET /themes/osx/images/background.png HTTP/1.1" 404 2206 "-" "Mozilla/5.0 (Windows; U; Windows NT 5.1; en-US; rv:1.8) Gecko/20051111 Firefox/1.5"
69.226.242.102 - - [03/Jan/2006:21:02:08 -0800] "GET /pm/?group_id=5 HTTP/1.1" 200 2947 "http://i.grmtech.com/projects/debtcare/" "Mozilla/5.0 (Windows; U; Windows NT 5.1; en-US; rv:1.8) Gecko/20051111 Firefox/1.5"
69.226.242.102 - - [03/Jan/2006:21:02:09 -0800] "GET /themes/osx/images/background.png HTTP/1.1" 404 2206 "-" "Mozilla/5.0 (Windows; U; Windows NT 5.1; en-US; rv:1.8) Gecko/20051111 Firefox/1.5"
69.226.242.102 - - [03/Jan/2006:21:02:10 -0800] "GET /pm/task.php?group_project_id=164&group_id=5&func=browse HTTP/1.1" 200 6230 "http://i.grmtech.com/pm/?group_id=5" "Mozilla/5.0 (Windows; U; Windows NT 5.1; en-US; rv:1.8) Gecko/20051111 Firefox/1.5"
69.226.242.102 - - [03/Jan/2006:21:02:11 -0800] "GET /themes/osx/images/background.png HTTP/1.1" 404 2206 "-" "Mozilla/5.0 (Windows; U; Windows NT 5.1; en-US; rv:1.8) Gecko/20051111 Firefox/1.5"
69.226.242.102 - - [03/Jan/2006:21:02:13 -0800] "GET /pm/task.php?func=detailtask&project_task_id=800&group_id=5&group_project_id=164 HTTP/1.1" 200 15533 "http://i.grmtech.com/pm/task.php?group_project_id=164&group_id=5&func=browse" "Mozilla/5.0 (Windows; U; Windows NT 5.1; en-US; rv:1.8) Gecko/20051111 Firefox/1.5"
69.226.242.102 - - [03/Jan/2006:21:02:13 -0800] "GET /themes/osx/images/background.png HTTP/1.1" 404 2206 "-" "Mozilla/5.0 (Windows; U; Windows NT 5.1; en-US; rv:1.8) Gecko/20051111 Firefox/1.5"
59.93.254.105 - - [03/Jan/2006:21:17:56 -0800] "GET /plugins/phpwiki/index.php/Office%20inventory%20records?action=edit&group_id=82 HTTP/1.1" 200 17211 "-" "Mozilla/5.0 (Windows; U; Windows NT 5.1; en-US; rv:1.7.12) Gecko/20050915 Firefox/1.0.7"
59.93.254.105 - - [03/Jan/2006:21:17:59 -0800] "GET /themes/osx/images/background.png HTTP/1.1" 404 2157 "-" "Mozilla/5.0 (Windows; U; Windows NT 5.1; en-US; rv:1.7.12) Gecko/20050915 Firefox/1.0.7"
59.93.254.105 - - [03/Jan/2006:21:42:15 -0800] "POST /plugins/phpwiki/index.php/Office%20inventory%20records?action=edit&group_id=82 HTTP/1.1" 200 13524 "-" "Mozilla/5.0 (Windows; U; Windows NT 5.1; en-US; rv:1.7.12) Gecko/20050915 Firefox/1.0.7"
59.93.254.105 - - [03/Jan/2006:21:42:35 -0800] "GET /themes/osx/images/background.png HTTP/1.1" 404 2157 "-" "Mozilla/5.0 (Windows; U; Windows NT 5.1; en-US; rv:1.7.12) Gecko/20050915 Firefox/1.0.7"
59.160.211.220 - - [03/Jan/2006:21:44:20 -0800] "GET /plugins/phpwiki/index.php/Office%20inventory%20records?action=edit&group_id=82 HTTP/1.1" 200 2234 "-" "Mozilla/5.0 (Windows; U; Windows NT 5.1; en-US; rv:1.7.12) Gecko/20050915 Firefox/1.0.7"
59.160.211.220 - - [03/Jan/2006:21:44:23 -0800] "GET /themes/osx/images/background.png HTTP/1.1" 404 2164 "-" "Mozilla/5.0 (Windows; U; Windows NT 5.1; en-US; rv:1.7.12) Gecko/20050915 Firefox/1.0.7"
59.93.254.105 - - [03/Jan/2006:21:47:26 -0800] "GET /my/ HTTP/1.1" 302 26 "-" "Mozilla/5.0 (Windows; U; Windows NT 5.1; en-US; rv:1.7.12) Gecko/20050915 Firefox/1.0.7"
59.93.254.105 - - [03/Jan/2006:21:47:28 -0800] "GET /account/login.php?return_to=%2Fmy%2F HTTP/1.1" 200 2319 "-" "Mozilla/5.0 (Windows; U; Windows NT 5.1; en-US; rv:1.7.12) Gecko/20050915 Firefox/1.0.7"
59.93.254.105 - - [03/Jan/2006:21:47:29 -0800] "GET /themes/osx/images/background.png HTTP/1.1" 404 2164 "-" "Mozilla/5.0 (Windows; U; Windows NT 5.1; en-US; rv:1.7.12) Gecko/20050915 Firefox/1.0.7"
59.93.254.105 - - [03/Jan/2006:21:47:44 -0800] "POST /account/login.php HTTP/1.1" 302 26 "-" "Mozilla/5.0 (Windows; U; Windows NT 5.1; en-US; rv:1.7.12) Gecko/20050915 Firefox/1.0.7"
59.93.254.105 - - [03/Jan/2006:21:47:48 -0800] "GET /my/ HTTP/1.1" 200 15174 "-" "Mozilla/5.0 (Windows; U; Windows NT 5.1; en-US; rv:1.7.12) Gecko/20050915 Firefox/1.0.7"
59.93.254.105 - - [03/Jan/2006:21:47:51 -0800] "GET /themes/osx/images/background.png HTTP/1.1" 404 2157 "-" "Mozilla/5.0 (Windows; U; Windows NT 5.1; en-US; rv:1.7.12) Gecko/20050915 Firefox/1.0.7"
69.226.242.102 - - [03/Jan/2006:21:47:50 -0800] "GET /my/ HTTP/1.1" 200 15892 "-" "Mozilla/5.0 (Windows; U; Windows NT 5.1; en-US; rv:1.8) Gecko/20051111 Firefox/1.5"
69.226.242.102 - - [03/Jan/2006:21:47:52 -0800] "GET /themes/osx/images/logo.png HTTP/1.1" 304 - "-" "Mozilla/5.0 (Windows; U; Windows NT 5.1; en-US; rv:1.8) Gecko/20051111 Firefox/1.5"
69.226.242.102 - - [03/Jan/2006:21:47:52 -0800] "GET /themes/osx/images/logohover.png HTTP/1.1" 304 - "-" "Mozilla/5.0 (Windows; U; Windows NT 5.1; en-US; rv:1.8) Gecko/20051111 Firefox/1.5"
69.226.242.102 - - [03/Jan/2006:21:47:52 -0800] "GET /themes/osx/images/background.png HTTP/1.1" 404 2206 "-" "Mozilla/5.0 (Windows; U; Windows NT 5.1; en-US; rv:1.8) Gecko/20051111 Firefox/1.5"
59.93.254.105 - - [03/Jan/2006:21:47:54 -0800] "GET /projects/l2sc/ HTTP/1.1" 200 3515 "-" "Mozilla/5.0 (Windows; U; Windows NT 5.1; en-US; rv:1.7.12) Gecko/20050915 Firefox/1.0.7"
69.226.242.102 - - [03/Jan/2006:21:47:55 -0800] "GET /projects/l2sc/ HTTP/1.1" 200 3556 "http://i.grmtech.com/my/" "Mozilla/5.0 (Windows; U; Windows NT 5.1; en-US; rv:1.8) Gecko/20051111 Firefox/1.5"
69.226.242.102 - - [03/Jan/2006:21:47:55 -0800] "GET /themes/osx/images/background.png HTTP/1.1" 404 2206 "-" "Mozilla/5.0 (Windows; U; Windows NT 5.1; en-US; rv:1.8) Gecko/20051111 Firefox/1.5"
59.93.254.105 - - [03/Jan/2006:21:47:56 -0800] "GET /themes/osx/images/ic/manual16c.png HTTP/1.1" 200 605 "-" "Mozilla/5.0 (Windows; U; Windows NT 5.1; en-US; rv:1.7.12) Gecko/20050915 Firefox/1.0.7"
59.93.254.105 - - [03/Jan/2006:21:47:56 -0800] "GET /themes/osx/images/background.png HTTP/1.1" 404 2157 "-" "Mozilla/5.0 (Windows; U; Windows NT 5.1; en-US; rv:1.7.12) Gecko/20050915 Firefox/1.0.7"
59.93.254.105 - - [03/Jan/2006:21:47:56 -0800] "GET /themes/osx/images/ic/mail16d.png HTTP/1.1" 200 785 "-" "Mozilla/5.0 (Windows; U; Windows NT 5.1; en-US; rv:1.7.12) Gecko/20050915 Firefox/1.0.7"
59.93.254.105 - - [03/Jan/2006:21:47:57 -0800] "GET /themes/osx/images/ic/home16b.png HTTP/1.1" 200 336 "-" "Mozilla/5.0 (Windows; U; Windows NT 5.1; en-US; rv:1.7.12) Gecko/20050915 Firefox/1.0.7"
59.93.254.105 - - [03/Jan/2006:21:47:57 -0800] "GET /themes/osx/images/ic/forum20g.png HTTP/1.1" 200 189 "-" "Mozilla/5.0 (Windows; U; Windows NT 5.1; en-US; rv:1.7.12) Gecko/20050915 Firefox/1.0.7"
69.226.242.102 - - [03/Jan/2006:21:47:58 -0800] "GET /plugins/phpwiki/themes/gforge/gforge.css HTTP/1.1" 304 - "-" "Mozilla/5.0 (Windows; U; Windows NT 5.1; en-US; rv:1.8) Gecko/20051111 Firefox/1.5"
69.226.242.102 - - [03/Jan/2006:21:47:57 -0800] "GET /plugins/phpwiki/index.php/l2sc?group_id=127 HTTP/1.1" 200 25082 "http://i.grmtech.com/projects/l2sc/" "Mozilla/5.0 (Windows; U; Windows NT 5.1; en-US; rv:1.8) Gecko/20051111 Firefox/1.5"
69.226.242.102 - - [03/Jan/2006:21:47:58 -0800] "GET /plugins/phpwiki/themes/gforge/gforge-heavy.css HTTP/1.1" 304 - "-" "Mozilla/5.0 (Windows; U; Windows NT 5.1; en-US; rv:1.8) Gecko/20051111 Firefox/1.5"
69.226.242.102 - - [03/Jan/2006:21:47:58 -0800] "GET /plugins/phpwiki/themes/gforge/buttons/en/Edit.png HTTP/1.1" 304 - "-" "Mozilla/5.0 (Windows; U; Windows NT 5.1; en-US; rv:1.8) Gecko/20051111 Firefox/1.5"
69.226.242.102 - - [03/Jan/2006:21:47:58 -0800] "GET /themes/osx/images/background.png HTTP/1.1" 404 2206 "-" "Mozilla/5.0 (Windows; U; Windows NT 5.1; en-US; rv:1.8) Gecko/20051111 Firefox/1.5"
69.226.242.102 - - [03/Jan/2006:21:47:58 -0800] "GET /plugins/phpwiki/themes/gforge/buttons/en/PageHistory.png HTTP/1.1" 304 - "-" "Mozilla/5.0 (Windows; U; Windows NT 5.1; en-US; rv:1.8) Gecko/20051111 Firefox/1.5"
69.226.242.102 - - [03/Jan/2006:21:47:58 -0800] "GET /plugins/phpwiki/themes/gforge/buttons/en/Diff.png HTTP/1.1" 304 - "-" "Mozilla/5.0 (Windows; U; Windows NT 5.1; en-US; rv:1.8) Gecko/20051111 Firefox/1.5"
69.226.242.102 - - [03/Jan/2006:21:47:58 -0800] "GET /plugins/phpwiki/themes/gforge/buttons/en/PageInfo.png HTTP/1.1" 304 - "-" "Mozilla/5.0 (Windows; U; Windows NT 5.1; en-US; rv:1.8) Gecko/20051111 Firefox/1.5"
69.226.242.102 - - [03/Jan/2006:21:47:58 -0800] "GET /plugins/phpwiki/themes/gforge/buttons/en/RecentChanges.png HTTP/1.1" 304 - "-" "Mozilla/5.0 (Windows; U; Windows NT 5.1; en-US; rv:1.8) Gecko/20051111 Firefox/1.5"
69.226.242.102 - - [03/Jan/2006:21:47:58 -0800] "GET /plugins/phpwiki/themes/gforge/buttons/en/FindPage.png HTTP/1.1" 304 - "-" "Mozilla/5.0 (Windows; U; Windows NT 5.1; en-US; rv:1.8) Gecko/20051111 Firefox/1.5"
69.226.242.102 - - [03/Jan/2006:21:47:58 -0800] "GET /plugins/phpwiki/themes/gforge/buttons/en/LikePages.png HTTP/1.1" 304 - "-" "Mozilla/5.0 (Windows; U; Windows NT 5.1; en-US; rv:1.8) Gecko/20051111 Firefox/1.5"
69.226.242.102 - - [03/Jan/2006:21:47:58 -0800] "GET /plugins/phpwiki/themes/gforge/buttons/en/BackLinks.png HTTP/1.1" 304 - "-" "Mozilla/5.0 (Windows; U; Windows NT 5.1; en-US; rv:1.8) Gecko/20051111 Firefox/1.5"
59.93.254.105 - - [03/Jan/2006:21:47:58 -0800] "GET /plugins/phpwiki/index.php/l2sc?group_id=127 HTTP/1.1" 200 23238 "-" "Mozilla/5.0 (Windows; U; Windows NT 5.1; en-US; rv:1.7.12) Gecko/20050915 Firefox/1.0.7"
59.93.254.105 - - [03/Jan/2006:21:48:00 -0800] "GET /themes/osx/images/background.png HTTP/1.1" 404 2157 "-" "Mozilla/5.0 (Windows; U; Windows NT 5.1; en-US; rv:1.7.12) Gecko/20050915 Firefox/1.0.7"
69.226.242.102 - - [03/Jan/2006:21:48:02 -0800] "GET /themes/osx/images/background.png HTTP/1.1" 404 2206 "-" "Mozilla/5.0 (Windows; U; Windows NT 5.1; en-US; rv:1.8) Gecko/20051111 Firefox/1.5"
69.226.242.102 - - [03/Jan/2006:21:48:01 -0800] "GET /plugins/phpwiki/index.php/Domains%20owned?group_id=127 HTTP/1.1" 200 67949 "http://i.grmtech.com/plugins/phpwiki/index.php/l2sc?group_id=127" "Mozilla/5.0 (Windows; U; Windows NT 5.1; en-US; rv:1.8) Gecko/20051111 Firefox/1.5"
59.93.254.105 - - [03/Jan/2006:21:48:05 -0800] "GET /themes/osx/images/background.png HTTP/1.1" 404 2157 "-" "Mozilla/5.0 (Windows; U; Windows NT 5.1; en-US; rv:1.7.12) Gecko/20050915 Firefox/1.0.7"
59.93.254.105 - - [03/Jan/2006:21:48:03 -0800] "GET /plugins/phpwiki/index.php/Domains%20owned?group_id=127 HTTP/1.1" 200 66105 "-" "Mozilla/5.0 (Windows; U; Windows NT 5.1; en-US; rv:1.7.12) Gecko/20050915 Firefox/1.0.7"
69.226.242.102 - - [03/Jan/2006:22:06:28 -0800] "GET /themes/osx/images/background.png HTTP/1.1" 404 2206 "-" "Mozilla/5.0 (Windows; U; Windows NT 5.1; en-US; rv:1.8) Gecko/20051111 Firefox/1.5"
69.226.242.102 - - [03/Jan/2006:22:06:33 -0800] "GET /plugins/phpwiki/index.php/important%20docs?group_id=127 HTTP/1.1" 200 25477 "http://i.grmtech.com/plugins/phpwiki/index.php/l2sc?group_id=127" "Mozilla/5.0 (Windows; U; Windows NT 5.1; en-US; rv:1.8) Gecko/20051111 Firefox/1.5"
69.226.242.102 - - [03/Jan/2006:22:06:34 -0800] "GET /themes/osx/images/logo.png HTTP/1.1" 304 - "-" "Mozilla/5.0 (Windows; U; Windows NT 5.1; en-US; rv:1.8) Gecko/20051111 Firefox/1.5"
69.226.242.102 - - [03/Jan/2006:22:06:34 -0800] "GET /themes/osx/images/logohover.png HTTP/1.1" 304 - "-" "Mozilla/5.0 (Windows; U; Windows NT 5.1; en-US; rv:1.8) Gecko/20051111 Firefox/1.5"
69.226.242.102 - - [03/Jan/2006:22:06:34 -0800] "GET /plugins/phpwiki/themes/gforge/gforge.css HTTP/1.1" 304 - "-" "Mozilla/5.0 (Windows; U; Windows NT 5.1; en-US; rv:1.8) Gecko/20051111 Firefox/1.5"
69.226.242.102 - - [03/Jan/2006:22:06:34 -0800] "GET /plugins/phpwiki/themes/gforge/gforge-heavy.css HTTP/1.1" 304 - "-" "Mozilla/5.0 (Windows; U; Windows NT 5.1; en-US; rv:1.8) Gecko/20051111 Firefox/1.5"
69.226.242.102 - - [03/Jan/2006:22:06:35 -0800] "GET /plugins/phpwiki/themes/gforge/buttons/en/Edit.png HTTP/1.1" 304 - "-" "Mozilla/5.0 (Windows; U; Windows NT 5.1; en-US; rv:1.8) Gecko/20051111 Firefox/1.5"
69.226.242.102 - - [03/Jan/2006:22:06:35 -0800] "GET /plugins/phpwiki/themes/gforge/buttons/en/PageHistory.png HTTP/1.1" 304 - "-" "Mozilla/5.0 (Windows; U; Windows NT 5.1; en-US; rv:1.8) Gecko/20051111 Firefox/1.5"
69.226.242.102 - - [03/Jan/2006:22:06:34 -0800] "GET /themes/osx/images/background.png HTTP/1.1" 404 2206 "-" "Mozilla/5.0 (Windows; U; Windows NT 5.1; en-US; rv:1.8) Gecko/20051111 Firefox/1.5"
69.226.242.102 - - [03/Jan/2006:22:06:35 -0800] "GET /plugins/phpwiki/themes/gforge/buttons/en/Diff.png HTTP/1.1" 304 - "-" "Mozilla/5.0 (Windows; U; Windows NT 5.1; en-US; rv:1.8) Gecko/20051111 Firefox/1.5"
69.226.242.102 - - [03/Jan/2006:22:06:35 -0800] "GET /plugins/phpwiki/themes/gforge/buttons/en/PageInfo.png HTTP/1.1" 304 - "-" "Mozilla/5.0 (Windows; U; Windows NT 5.1; en-US; rv:1.8) Gecko/20051111 Firefox/1.5"
69.226.242.102 - - [03/Jan/2006:22:06:35 -0800] "GET /plugins/phpwiki/themes/gforge/buttons/en/RecentChanges.png HTTP/1.1" 304 - "-" "Mozilla/5.0 (Windows; U; Windows NT 5.1; en-US; rv:1.8) Gecko/20051111 Firefox/1.5"
69.226.242.102 - - [03/Jan/2006:22:06:35 -0800] "GET /plugins/phpwiki/themes/gforge/buttons/en/FindPage.png HTTP/1.1" 304 - "-" "Mozilla/5.0 (Windows; U; Windows NT 5.1; en-US; rv:1.8) Gecko/20051111 Firefox/1.5"
69.226.242.102 - - [03/Jan/2006:22:06:35 -0800] "GET /plugins/phpwiki/themes/gforge/buttons/en/LikePages.png HTTP/1.1" 304 - "-" "Mozilla/5.0 (Windows; U; Windows NT 5.1; en-US; rv:1.8) Gecko/20051111 Firefox/1.5"
69.226.242.102 - - [03/Jan/2006:22:06:35 -0800] "GET /plugins/phpwiki/themes/gforge/buttons/en/BackLinks.png HTTP/1.1" 304 - "-" "Mozilla/5.0 (Windows; U; Windows NT 5.1; en-US; rv:1.8) Gecko/20051111 Firefox/1.5"
69.226.242.102 - - [03/Jan/2006:22:06:59 -0800] "GET /plugins/phpwiki/index.php/l2sc?action=edit&group_id=127 HTTP/1.1" 200 7130 "http://i.grmtech.com/plugins/phpwiki/index.php/l2sc?group_id=127" "Mozilla/5.0 (Windows; U; Windows NT 5.1; en-US; rv:1.8) Gecko/20051111 Firefox/1.5"
69.226.242.102 - - [03/Jan/2006:22:07:00 -0800] "GET /themes/osx/images/background.png HTTP/1.1" 404 2206 "-" "Mozilla/5.0 (Windows; U; Windows NT 5.1; en-US; rv:1.8) Gecko/20051111 Firefox/1.5"
69.226.242.102 - - [03/Jan/2006:22:07:20 -0800] "POST /plugins/phpwiki/index.php/l2sc?action=edit&group_id=127 HTTP/1.1" 200 4662 "http://i.grmtech.com/plugins/phpwiki/index.php/l2sc?action=edit&group_id=127" "Mozilla/5.0 (Windows; U; Windows NT 5.1; en-US; rv:1.8) Gecko/20051111 Firefox/1.5"
69.226.242.102 - - [03/Jan/2006:22:07:22 -0800] "GET /plugins/phpwiki/themes/gforge/images/signature.png HTTP/1.1" 304 - "-" "Mozilla/5.0 (Windows; U; Windows NT 5.1; en-US; rv:1.8) Gecko/20051111 Firefox/1.5"
69.226.242.102 - - [03/Jan/2006:22:07:21 -0800] "GET /themes/osx/images/background.png HTTP/1.1" 404 2206 "-" "Mozilla/5.0 (Windows; U; Windows NT 5.1; en-US; rv:1.8) Gecko/20051111 Firefox/1.5"
69.226.242.102 - - [03/Jan/2006:22:07:22 -0800] "GET /plugins/phpwiki/themes/gforge/buttons/uww.png HTTP/1.1" 304 - "-" "Mozilla/5.0 (Windows; U; Windows NT 5.1; en-US; rv:1.8) Gecko/20051111 Firefox/1.5"
69.226.242.102 - - [03/Jan/2006:22:07:24 -0800] "GET /plugins/phpwiki/index.php/security%20level2%20tech%20help%20and%20faq?action=create&group_id=127 HTTP/1.1" 200 6328 "http://i.grmtech.com/plugins/phpwiki/index.php/l2sc?action=edit&group_id=127" "Mozilla/5.0 (Windows; U; Windows NT 5.1; en-US; rv:1.8) Gecko/20051111 Firefox/1.5"
69.226.242.102 - - [03/Jan/2006:22:07:24 -0800] "GET /themes/osx/images/background.png HTTP/1.1" 404 2206 "-" "Mozilla/5.0 (Windows; U; Windows NT 5.1; en-US; rv:1.8) Gecko/20051111 Firefox/1.5"
69.226.242.102 - - [03/Jan/2006:22:08:02 -0800] "GET /themes/osx/images/background.png HTTP/1.1" 404 2206 "-" "Mozilla/5.0 (Windows; U; Windows NT 5.1; en-US; rv:1.8) Gecko/20051111 Firefox/1.5"
69.226.242.102 - - [03/Jan/2006:22:08:01 -0800] "GET /plugins/phpwiki/index.php/Security%20level%202%20access%20details?group_id=127 HTTP/1.1" 200 46131 "http://i.grmtech.com/plugins/phpwiki/index.php/l2sc?action=edit&group_id=127" "Mozilla/5.0 (Windows; U; Windows NT 5.1; en-US; rv:1.8) Gecko/20051111 Firefox/1.5"
69.226.242.102 - - [03/Jan/2006:22:08:19 -0800] "GET /plugins/phpwiki/index.php/Security%20level%202%20access%20details?action=edit&group_id=127 HTTP/1.1" 200 10744 "http://i.grmtech.com/plugins/phpwiki/index.php/Security%20level%202%20access%20details?group_id=127" "Mozilla/5.0 (Windows; U; Windows NT 5.1; en-US; rv:1.8) Gecko/20051111 Firefox/1.5"
69.226.242.102 - - [03/Jan/2006:22:08:20 -0800] "GET /themes/osx/images/background.png HTTP/1.1" 404 2206 "-" "Mozilla/5.0 (Windows; U; Windows NT 5.1; en-US; rv:1.8) Gecko/20051111 Firefox/1.5"
69.226.242.102 - - [03/Jan/2006:22:08:50 -0800] "POST /plugins/phpwiki/index.php/Security%20level%202%20access%20details?action=edit&group_id=127 HTTP/1.1" 200 7699 "http://i.grmtech.com/plugins/phpwiki/index.php/Security%20level%202%20access%20details?action=edit&group_id=127" "Mozilla/5.0 (Windows; U; Windows NT 5.1; en-US; rv:1.8) Gecko/20051111 Firefox/1.5"
69.226.242.102 - - [03/Jan/2006:22:08:53 -0800] "GET /themes/osx/images/background.png HTTP/1.1" 404 2206 "-" "Mozilla/5.0 (Windows; U; Windows NT 5.1; en-US; rv:1.8) Gecko/20051111 Firefox/1.5"
69.226.242.102 - - [03/Jan/2006:22:10:21 -0800] "GET /my/ HTTP/1.1" 200 15892 "http://i.grmtech.com/plugins/phpwiki/index.php/Security%20level%202%20access%20details?action=edit&group_id=127" "Mozilla/5.0 (Windows; U; Windows NT 5.1; en-US; rv:1.8) Gecko/20051111 Firefox/1.5"
69.226.242.102 - - [03/Jan/2006:22:10:23 -0800] "GET /themes/osx/images/background.png HTTP/1.1" 404 2206 "-" "Mozilla/5.0 (Windows; U; Windows NT 5.1; en-US; rv:1.8) Gecko/20051111 Firefox/1.5"
59.93.254.105 - - [03/Jan/2006:22:20:19 -0800] "GET /plugins/phpwiki/index.php/Office%20inventory%20records?action=edit&group_id=82 HTTP/1.1" 200 17273 "-" "Mozilla/5.0 (Windows; U; Windows NT 5.1; en-US; rv:1.7.12) Gecko/20050915 Firefox/1.0.7"
59.93.254.105 - - [03/Jan/2006:22:20:20 -0800] "GET /themes/osx/images/background.png HTTP/1.1" 404 2157 "-" "Mozilla/5.0 (Windows; U; Windows NT 5.1; en-US; rv:1.7.12) Gecko/20050915 Firefox/1.0.7"
59.93.254.105 - - [03/Jan/2006:22:25:34 -0800] "POST /plugins/phpwiki/index.php/Office%20inventory%20records?action=edit&group_id=82 HTTP/1.1" 200 13430 "-" "Mozilla/5.0 (Windows; U; Windows NT 5.1; en-US; rv:1.7.12) Gecko/20050915 Firefox/1.0.7"
59.93.254.105 - - [03/Jan/2006:22:26:19 -0800] "GET /themes/osx/images/background.png HTTP/1.1" 404 2157 "-" "Mozilla/5.0 (Windows; U; Windows NT 5.1; en-US; rv:1.7.12) Gecko/20050915 Firefox/1.0.7"
59.93.193.13 - - [03/Jan/2006:22:52:50 -0800] "GET /plugins/phpwiki/index.php/Office%20inventory%20records?action=edit&group_id=82 HTTP/1.1" 200 17246 "-" "Mozilla/5.0 (Windows; U; Windows NT 5.1; en-US; rv:1.7.12) Gecko/20050915 Firefox/1.0.7"
59.93.193.13 - - [03/Jan/2006:22:52:54 -0800] "GET /themes/osx/images/background.png HTTP/1.1" 404 2157 "-" "Mozilla/5.0 (Windows; U; Windows NT 5.1; en-US; rv:1.7.12) Gecko/20050915 Firefox/1.0.7"
59.93.254.105 - - [03/Jan/2006:23:01:53 -0800] "POST /plugins/phpwiki/index.php/Office%20inventory%20records?action=edit&group_id=82 HTTP/1.1" 200 13452 "-" "Mozilla/5.0 (Windows; U; Windows NT 5.1; en-US; rv:1.7.12) Gecko/20050915 Firefox/1.0.7"
59.93.193.13 - - [03/Jan/2006:23:02:30 -0800] "GET /themes/osx/images/background.png HTTP/1.1" 404 2157 "-" "Mozilla/5.0 (Windows; U; Windows NT 5.1; en-US; rv:1.7.12) Gecko/20050915 Firefox/1.0.7"
59.93.254.105 - - [03/Jan/2006:23:04:29 -0800] "GET /themes/osx/images/background.png HTTP/1.1" 404 2157 "-" "Mozilla/5.0 (Windows; U; Windows NT 5.1; en-US; rv:1.7.12) Gecko/20050915 Firefox/1.0.7"
59.93.254.105 - - [03/Jan/2006:23:04:25 -0800] "GET /plugins/phpwiki/index.php/Office%20inventory%20records?group_id=82 HTTP/1.1" 200 119929 "-" "Mozilla/5.0 (Windows; U; Windows NT 5.1; en-US; rv:1.7.12) Gecko/20050915 Firefox/1.0.7"
59.93.254.105 - - [03/Jan/2006:23:07:59 -0800] "GET /themes/osx/images/background.png HTTP/1.1" 404 2157 "-" "Mozilla/5.0 (Windows; U; Windows NT 5.1; en-US; rv:1.7.12) Gecko/20050915 Firefox/1.0.7"
59.93.254.105 - - [03/Jan/2006:23:07:54 -0800] "GET /plugins/phpwiki/index.php/Office%20inventory%20records?action=edit&group_id=82 HTTP/1.1" 200 17269 "-" "Mozilla/5.0 (Windows; U; Windows NT 5.1; en-US; rv:1.7.12) Gecko/20050915 Firefox/1.0.7"
59.160.211.220 - - [03/Jan/2006:23:10:32 -0800] "POST /plugins/phpwiki/index.php/Office%20inventory%20records?action=edit&group_id=82 HTTP/1.1" 200 2234 "-" "Mozilla/5.0 (Windows; U; Windows NT 5.1; en-US; rv:1.7.12) Gecko/20050915 Firefox/1.0.7"
59.160.211.220 - - [03/Jan/2006:23:10:48 -0800] "GET /themes/osx/images/background.png HTTP/1.1" 404 2164 "-" "Mozilla/5.0 (Windows; U; Windows NT 5.1; en-US; rv:1.7.12) Gecko/20050915 Firefox/1.0.7"
59.160.211.220 - - [03/Jan/2006:23:10:59 -0800] "GET /themes/osx/images/background.png HTTP/1.1" 404 2164 "-" "Mozilla/5.0 (Windows; U; Windows NT 5.1; en-US; rv:1.7.12) Gecko/20050915 Firefox/1.0.7"
59.93.254.105 - - [03/Jan/2006:23:13:21 -0800] "POST /plugins/phpwiki/index.php/Office%20inventory%20records?action=edit&group_id=82 HTTP/1.1" 200 2234 "-" "Mozilla/5.0 (Windows; U; Windows NT 5.1; en-US; rv:1.7.12) Gecko/20050915 Firefox/1.0.7"
59.160.211.220 - - [03/Jan/2006:23:13:43 -0800] "GET /themes/osx/images/background.png HTTP/1.1" 404 2164 "-" "Mozilla/5.0 (Windows; U; Windows NT 5.1; en-US; rv:1.7.12) Gecko/20050915 Firefox/1.0.7"
59.160.211.220 - - [03/Jan/2006:23:14:06 -0800] "GET /themes/osx/images/background.png HTTP/1.1" 404 2164 "-" "Mozilla/5.0 (Windows; U; Windows NT 5.1; en-US; rv:1.7.12) Gecko/20050915 Firefox/1.0.7"
59.93.254.105 - - [03/Jan/2006:23:15:00 -0800] "GET /my/ HTTP/1.1" 302 26 "-" "Mozilla/5.0 (Windows; U; Windows NT 5.1; en-US; rv:1.7.12) Gecko/20050915 Firefox/1.0.7"
59.93.254.105 - - [03/Jan/2006:23:15:02 -0800] "GET /account/login.php?return_to=%2Fmy%2F HTTP/1.1" 200 2319 "-" "Mozilla/5.0 (Windows; U; Windows NT 5.1; en-US; rv:1.7.12) Gecko/20050915 Firefox/1.0.7"
59.93.254.105 - - [03/Jan/2006:23:15:08 -0800] "GET /themes/osx/images/background.png HTTP/1.1" 404 2164 "-" "Mozilla/5.0 (Windows; U; Windows NT 5.1; en-US; rv:1.7.12) Gecko/20050915 Firefox/1.0.7"
59.93.254.105 - - [03/Jan/2006:23:15:11 -0800] "POST /account/login.php HTTP/1.1" 302 26 "-" "Mozilla/5.0 (Windows; U; Windows NT 5.1; en-US; rv:1.7.12) Gecko/20050915 Firefox/1.0.7"
59.93.254.105 - - [03/Jan/2006:23:15:14 -0800] "GET /my/ HTTP/1.1" 200 15174 "-" "Mozilla/5.0 (Windows; U; Windows NT 5.1; en-US; rv:1.7.12) Gecko/20050915 Firefox/1.0.7"
59.93.254.105 - - [03/Jan/2006:23:15:17 -0800] "GET /themes/osx/images/background.png HTTP/1.1" 404 2157 "-" "Mozilla/5.0 (Windows; U; Windows NT 5.1; en-US; rv:1.7.12) Gecko/20050915 Firefox/1.0.7"
59.93.254.105 - - [03/Jan/2006:23:15:24 -0800] "POST /plugins/phpwiki/index.php/Office%20inventory%20records?action=edit&group_id=82 HTTP/1.1" 200 13475 "-" "Mozilla/5.0 (Windows; U; Windows NT 5.1; en-US; rv:1.7.12) Gecko/20050915 Firefox/1.0.7"
59.93.193.13 - - [03/Jan/2006:23:16:01 -0800] "GET /themes/osx/images/background.png HTTP/1.1" 404 2157 "-" "Mozilla/5.0 (Windows; U; Windows NT 5.1; en-US; rv:1.7.12) Gecko/20050915 Firefox/1.0.7"
59.93.254.105 - - [03/Jan/2006:23:17:36 -0800] "GET /plugins/phpwiki/index.php/Office%20inventory%20records?action=edit&group_id=82 HTTP/1.1" 200 17295 "-" "Mozilla/5.0 (Windows; U; Windows NT 5.1; en-US; rv:1.7.12) Gecko/20050915 Firefox/1.0.7"
59.93.254.105 - - [03/Jan/2006:23:17:43 -0800] "GET /themes/osx/images/background.png HTTP/1.1" 404 2157 "-" "Mozilla/5.0 (Windows; U; Windows NT 5.1; en-US; rv:1.7.12) Gecko/20050915 Firefox/1.0.7"
59.93.254.105 - - [03/Jan/2006:23:18:59 -0800] "POST /plugins/phpwiki/index.php/Office%20inventory%20records?action=edit&group_id=82 HTTP/1.1" 200 13482 "-" "Mozilla/5.0 (Windows; U; Windows NT 5.1; en-US; rv:1.7.12) Gecko/20050915 Firefox/1.0.7"
59.93.254.105 - - [03/Jan/2006:23:19:24 -0800] "GET /themes/osx/images/background.png HTTP/1.1" 404 2157 "-" "Mozilla/5.0 (Windows; U; Windows NT 5.1; en-US; rv:1.7.12) Gecko/20050915 Firefox/1.0.7"
59.93.193.13 - - [03/Jan/2006:23:26:05 -0800] "GET /themes/osx/images/background.png HTTP/1.1" 404 2157 "-" "Mozilla/5.0 (Windows; U; Windows NT 5.1; en-US; rv:1.7.12) Gecko/20050915 Firefox/1.0.7"
59.93.193.13 - - [04/Jan/2006:00:15:17 -0800] "GET /pm/task.php?func=detailtask&project_task_id=2784&group_id=82&group_project_id=75 HTTP/1.1" 200 12192 "-" "Mozilla/5.0 (Windows; U; Windows NT 5.1; en-US; rv:1.7.12) Gecko/20050915 Firefox/1.0.7"
59.93.193.13 - - [04/Jan/2006:00:18:10 -0800] "GET /pm/task.php?func=detailtask&project_task_id=2724&group_id=82&group_project_id=75 HTTP/1.1" 200 11983 "-" "Mozilla/5.0 (Windows; U; Windows NT 5.1; en-US; rv:1.7.12) Gecko/20050915 Firefox/1.0.7"
69.226.242.102 - - [04/Jan/2006:00:14:53 -0800] "GET /my/ HTTP/1.1" 200 15892 "http://i.grmtech.com/plugins/phpwiki/index.php/Security%20level%202%20access%20details?action=edit&group_id=127" "Mozilla/5.0 (Windows; U; Windows NT 5.1; en-US; rv:1.8) Gecko/20051111 Firefox/1.5"
59.93.193.13 - - [04/Jan/2006:00:18:49 -0800] "GET /pm/task.php?func=detailtask&project_task_id=2392&group_id=82&group_project_id=75 HTTP/1.1" 200 13009 "-" "Mozilla/5.0 (Windows; U; Windows NT 5.1; en-US; rv:1.7.12) Gecko/20050915 Firefox/1.0.7"
59.93.193.13 - - [04/Jan/2006:00:19:52 -0800] "GET /themes/osx/images/background.png HTTP/1.1" 404 2157 "-" "Mozilla/5.0 (Windows; U; Windows NT 5.1; en-US; rv:1.7.12) Gecko/20050915 Firefox/1.0.7"
59.93.193.13 - - [04/Jan/2006:00:20:41 -0800] "GET /plugins/phpwiki/index.php/deptfacim?group_id=82 HTTP/1.1" 200 23005 "-" "Mozilla/5.0 (Windows; U; Windows NT 5.1; en-US; rv:1.7.12) Gecko/20050915 Firefox/1.0.7"
59.93.193.13 - - [04/Jan/2006:00:21:09 -0800] "GET /plugins/phpwiki/index.php/deptfacim?group_id=82 HTTP/1.1" 200 23005 "-" "Mozilla/5.0 (Windows; U; Windows NT 5.1; en-US; rv:1.7.12) Gecko/20050915 Firefox/1.0.7"
59.93.254.105 - - [04/Jan/2006:00:24:00 -0800] "GET /themes/osx/images/background.png HTTP/1.1" 404 2157 "-" "Mozilla/5.0 (Windows; U; Windows NT 5.1; en-US; rv:1.7.12) Gecko/20050915 Firefox/1.0.7"
59.160.211.220 - - [04/Jan/2006:02:28:32 -0800] "GET /my/ HTTP/1.1" 200 81 "-" "Mozilla/5.0 (Windows; U; Windows NT 5.1; en-US; rv:1.7.12) Gecko/20050915 Firefox/1.0.7"
59.160.211.220 - - [04/Jan/2006:02:28:35 -0800] "GET /my/ HTTP/1.1" 200 81 "-" "Mozilla/5.0 (Windows; U; Windows NT 5.1; en-US; rv:1.7.12) Gecko/20050915 Firefox/1.0.7"
69.226.242.102 - - [04/Jan/2006:04:12:36 -0800] "GET /my/ HTTP/1.1" 200 81 "-" "Mozilla/5.0 (Windows; U; Windows NT 5.1; en-US; rv:1.8) Gecko/20051111 Firefox/1.5"
69.226.242.102 - - [04/Jan/2006:04:13:01 -0800] "GET /my/ HTTP/1.1" 200 15892 "-" "Mozilla/5.0 (Windows; U; Windows NT 5.1; en-US; rv:1.8) Gecko/20051111 Firefox/1.5"
69.226.242.102 - - [04/Jan/2006:04:13:05 -0800] "GET /themes/osx/images/logo.png HTTP/1.1" 304 - "-" "Mozilla/5.0 (Windows; U; Windows NT 5.1; en-US; rv:1.8) Gecko/20051111 Firefox/1.5"
69.226.242.102 - - [04/Jan/2006:04:13:05 -0800] "GET /themes/osx/images/logohover.png HTTP/1.1" 304 - "-" "Mozilla/5.0 (Windows; U; Windows NT 5.1; en-US; rv:1.8) Gecko/20051111 Firefox/1.5"
69.226.242.102 - - [04/Jan/2006:04:13:05 -0800] "GET /themes/osx/images/clear.png HTTP/1.1" 304 - "-" "Mozilla/5.0 (Windows; U; Windows NT 5.1; en-US; rv:1.8) Gecko/20051111 Firefox/1.5"
69.226.242.102 - - [04/Jan/2006:04:13:05 -0800] "GET /themes/osx/images/tabs/leftdeselect.png HTTP/1.1" 304 - "-" "Mozilla/5.0 (Windows; U; Windows NT 5.1; en-US; rv:1.8) Gecko/20051111 Firefox/1.5"
69.226.242.102 - - [04/Jan/2006:04:13:05 -0800] "GET /themes/osx/images/tabs/deselect.png HTTP/1.1" 304 - "-" "Mozilla/5.0 (Windows; U; Windows NT 5.1; en-US; rv:1.8) Gecko/20051111 Firefox/1.5"
69.226.242.102 - - [04/Jan/2006:04:13:05 -0800] "GET /themes/osx/images/ic/trash-x.png HTTP/1.1" 304 - "-" "Mozilla/5.0 (Windows; U; Windows NT 5.1; en-US; rv:1.8) Gecko/20051111 Firefox/1.5"
69.226.242.102 - - [04/Jan/2006:04:13:05 -0800] "GET /themes/osx/images/ic/trash.png HTTP/1.1" 304 - "-" "Mozilla/5.0 (Windows; U; Windows NT 5.1; en-US; rv:1.8) Gecko/20051111 Firefox/1.5"
69.226.242.102 - - [04/Jan/2006:04:13:05 -0800] "GET /themes/osx/images/background.png HTTP/1.1" 404 2206 "-" "Mozilla/5.0 (Windows; U; Windows NT 5.1; en-US; rv:1.8) Gecko/20051111 Firefox/1.5"
69.226.242.102 - - [04/Jan/2006:04:13:05 -0800] "GET /themes/osx/images/tabs/rightdeselect.png HTTP/1.1" 304 - "-" "Mozilla/5.0 (Windows; U; Windows NT 5.1; en-US; rv:1.8) Gecko/20051111 Firefox/1.5"
69.226.242.102 - - [04/Jan/2006:04:13:05 -0800] "GET /themes/osx/images/tabs/leftselect.png HTTP/1.1" 304 - "-" "Mozilla/5.0 (Windows; U; Windows NT 5.1; en-US; rv:1.8) Gecko/20051111 Firefox/1.5"
69.226.242.102 - - [04/Jan/2006:04:13:05 -0800] "GET /themes/osx/images/tabs/select.png HTTP/1.1" 304 - "-" "Mozilla/5.0 (Windows; U; Windows NT 5.1; en-US; rv:1.8) Gecko/20051111 Firefox/1.5"
69.226.242.102 - - [04/Jan/2006:04:13:05 -0800] "GET /themes/osx/images/tabs/rightselect.png HTTP/1.1" 304 - "-" "Mozilla/5.0 (Windows; U; Windows NT 5.1; en-US; rv:1.8) Gecko/20051111 Firefox/1.5"
69.226.242.102 - - [04/Jan/2006:04:13:05 -0800] "GET /themes/osx/images/tabs/ruleselect.png HTTP/1.1" 304 - "-" "Mozilla/5.0 (Windows; U; Windows NT 5.1; en-US; rv:1.8) Gecko/20051111 Firefox/1.5"
69.226.242.102 - - [04/Jan/2006:04:13:05 -0800] "GET /themes/osx/images/tabs/leftblenddeselect.png HTTP/1.1" 304 - "-" "Mozilla/5.0 (Windows; U; Windows NT 5.1; en-US; rv:1.8) Gecko/20051111 Firefox/1.5"
69.226.242.102 - - [04/Jan/2006:04:13:05 -0800] "GET /themes/osx/images/tabs/ruledeselect.png HTTP/1.1" 304 - "-" "Mozilla/5.0 (Windows; U; Windows NT 5.1; en-US; rv:1.8) Gecko/20051111 Firefox/1.5"
69.226.242.102 - - [04/Jan/2006:04:13:05 -0800] "GET /themes/osx/images/tabs/rightblenddeselect.png HTTP/1.1" 304 - "-" "Mozilla/5.0 (Windows; U; Windows NT 5.1; en-US; rv:1.8) Gecko/20051111 Firefox/1.5"
69.226.242.102 - - [04/Jan/2006:04:13:05 -0800] "GET /themes/osx/images/tabs/leftblendselect.png HTTP/1.1" 304 - "-" "Mozilla/5.0 (Windows; U; Windows NT 5.1; en-US; rv:1.8) Gecko/20051111 Firefox/1.5"
69.226.242.102 - - [04/Jan/2006:04:13:05 -0800] "GET /themes/osx/images/tabs/rightblendselect.png HTTP/1.1" 304 - "-" "Mozilla/5.0 (Windows; U; Windows NT 5.1; en-US; rv:1.8) Gecko/20051111 Firefox/1.5"
210.214.29.201 - - [04/Jan/2006:04:43:29 -0800] "GET / HTTP/1.1" 200 2401 "-" "Mozilla/4.0 (compatible; MSIE 6.0; Windows 98)"
210.214.29.201 - - [04/Jan/2006:04:43:30 -0800] "GET /themes/osx/images/logo.png HTTP/1.1" 200 3306 "http://i.grmtech.com/" "Mozilla/4.0 (compatible; MSIE 6.0; Windows 98)"
210.214.29.201 - - [04/Jan/2006:04:43:30 -0800] "GET /themes/osx/images/logohover.png HTTP/1.1" 200 3352 "http://i.grmtech.com/" "Mozilla/4.0 (compatible; MSIE 6.0; Windows 98)"
210.214.29.201 - - [04/Jan/2006:04:43:31 -0800] "GET /themes/osx/images/clear.png HTTP/1.1" 200 145 "http://i.grmtech.com/" "Mozilla/4.0 (compatible; MSIE 6.0; Windows 98)"
210.214.29.201 - - [04/Jan/2006:04:43:31 -0800] "GET /themes/osx/images/tabs/leftselect.png HTTP/1.1" 200 555 "http://i.grmtech.com/" "Mozilla/4.0 (compatible; MSIE 6.0; Windows 98)"
210.214.29.201 - - [04/Jan/2006:04:43:31 -0800] "GET /themes/osx/images/tabs/select.png HTTP/1.1" 200 199 "http://i.grmtech.com/" "Mozilla/4.0 (compatible; MSIE 6.0; Windows 98)"
210.214.29.201 - - [04/Jan/2006:04:43:32 -0800] "GET /themes/osx/images/tabs/rightselect.png HTTP/1.1" 200 546 "http://i.grmtech.com/" "Mozilla/4.0 (compatible; MSIE 6.0; Windows 98)"
210.214.29.201 - - [04/Jan/2006:04:43:32 -0800] "GET /themes/osx/images/tabs/leftdeselect.png HTTP/1.1" 200 174 "http://i.grmtech.com/" "Mozilla/4.0 (compatible; MSIE 6.0; Windows 98)"
210.214.29.201 - - [04/Jan/2006:04:43:32 -0800] "GET /themes/osx/images/tabs/deselect.png HTTP/1.1" 200 180 "http://i.grmtech.com/" "Mozilla/4.0 (compatible; MSIE 6.0; Windows 98)"
210.214.29.201 - - [04/Jan/2006:04:43:46 -0800] "GET /account/login.php HTTP/1.1" 200 2318 "http://i.grmtech.com/" "Mozilla/4.0 (compatible; MSIE 6.0; Windows 98)"
210.214.29.201 - - [04/Jan/2006:04:43:47 -0800] "GET /themes/osx/images/tabs/leftdeselect.png HTTP/1.1" 200 174 "http://i.grmtech.com/account/login.php" "Mozilla/4.0 (compatible; MSIE 6.0; Windows 98)"
210.214.29.201 - - [04/Jan/2006:04:43:47 -0800] "GET /themes/osx/images/background.png HTTP/1.1" 404 2168 "http://i.grmtech.com/account/login.php" "Mozilla/4.0 (compatible; MSIE 6.0; Windows 98)"
210.214.29.201 - - [04/Jan/2006:04:43:47 -0800] "GET /themes/osx/images/tabs/deselect.png HTTP/1.1" 200 180 "http://i.grmtech.com/account/login.php" "Mozilla/4.0 (compatible; MSIE 6.0; Windows 98)"
210.214.29.201 - - [04/Jan/2006:04:43:48 -0800] "GET /themes/osx/images/tabs/rightdeselect.png HTTP/1.1" 200 178 "http://i.grmtech.com/account/login.php" "Mozilla/4.0 (compatible; MSIE 6.0; Windows 98)"
210.214.29.201 - - [04/Jan/2006:04:43:48 -0800] "GET /themes/osx/images/tabs/ruleselect.png HTTP/1.1" 200 130 "http://i.grmtech.com/account/login.php" "Mozilla/4.0 (compatible; MSIE 6.0; Windows 98)"
210.214.29.201 - - [04/Jan/2006:04:43:48 -0800] "GET /themes/osx/images/tabs/leftblenddeselect.png HTTP/1.1" 200 125 "http://i.grmtech.com/account/login.php" "Mozilla/4.0 (compatible; MSIE 6.0; Windows 98)"
210.214.29.201 - - [04/Jan/2006:04:43:49 -0800] "GET /themes/osx/images/tabs/ruledeselect.png HTTP/1.1" 200 157 "http://i.grmtech.com/account/login.php" "Mozilla/4.0 (compatible; MSIE 6.0; Windows 98)"
210.214.29.201 - - [04/Jan/2006:04:43:49 -0800] "GET /themes/osx/images/tabs/rightblenddeselect.png HTTP/1.1" 200 125 "http://i.grmtech.com/account/login.php" "Mozilla/4.0 (compatible; MSIE 6.0; Windows 98)"
210.214.29.201 - - [04/Jan/2006:04:43:49 -0800] "GET /themes/osx/images/tabs/leftblendselect.png HTTP/1.1" 200 177 "http://i.grmtech.com/account/login.php" "Mozilla/4.0 (compatible; MSIE 6.0; Windows 98)"
