68.142.249.179 - - [13/Dec/2005:19:41:48 -0800] "GET /bridge-loan.html HTTP/1.0" 404 298 "-" "Mozilla/5.0 (compatible; Yahoo! Slurp; http://help.yahoo.com/help/us/ysearch/slurp)"
68.142.249.27 - - [13/Dec/2005:19:43:12 -0800] "GET /comment.php?article_id=074&action=new HTTP/1.0" 404 293 "-" "Mozilla/5.0 (compatible; Yahoo! Slurp; http://help.yahoo.com/help/us/ysearch/slurp)"
69.227.61.241 - - [13/Dec/2005:19:44:42 -0800] "GET / HTTP/1.1" 403 4251 "-" "Mozilla/5.0 (Windows; U; Windows NT 5.1; en-US; rv:1.8) Gecko/20051111 Firefox/1.5"
69.227.61.241 - - [13/Dec/2005:19:44:42 -0800] "GET /icons/apache_pb2.gif HTTP/1.1" 200 2414 "-" "Mozilla/5.0 (Windows; U; Windows NT 5.1; en-US; rv:1.8) Gecko/20051111 Firefox/1.5"
69.227.61.241 - - [13/Dec/2005:19:44:42 -0800] "GET /icons/powered_by_rh.png HTTP/1.1" 200 1213 "-" "Mozilla/5.0 (Windows; U; Windows NT 5.1; en-US; rv:1.8) Gecko/20051111 Firefox/1.5"
69.227.61.241 - - [13/Dec/2005:19:44:44 -0800] "GET / HTTP/1.1" 403 4251 "-" "Mozilla/5.0 (Windows; U; Windows NT 5.1; en-US; rv:1.8) Gecko/20051111 Firefox/1.5"
69.227.61.241 - - [13/Dec/2005:19:44:44 -0800] "GET /icons/apache_pb2.gif HTTP/1.1" 304 - "-" "Mozilla/5.0 (Windows; U; Windows NT 5.1; en-US; rv:1.8) Gecko/20051111 Firefox/1.5"
69.227.61.241 - - [13/Dec/2005:19:44:44 -0800] "GET /icons/powered_by_rh.png HTTP/1.1" 304 - "-" "Mozilla/5.0 (Windows; U; Windows NT 5.1; en-US; rv:1.8) Gecko/20051111 Firefox/1.5"
69.227.61.241 - - [13/Dec/2005:19:45:07 -0800] "GET /index.html HTTP/1.1" 404 289 "-" "Mozilla/5.0 (Windows; U; Windows NT 5.1; en-US; rv:1.8) Gecko/20051111 Firefox/1.5"
69.227.61.241 - - [13/Dec/2005:19:45:09 -0800] "GET /index.html HTTP/1.1" 404 289 "-" "Mozilla/5.0 (Windows; U; Windows NT 5.1; en-US; rv:1.8) Gecko/20051111 Firefox/1.5"
69.227.61.241 - - [13/Dec/2005:19:45:09 -0800] "GET /index.html HTTP/1.1" 404 289 "-" "Mozilla/5.0 (Windows; U; Windows NT 5.1; en-US; rv:1.8) Gecko/20051111 Firefox/1.5"
69.227.61.241 - - [13/Dec/2005:19:45:12 -0800] "GET / HTTP/1.1" 403 4251 "-" "Mozilla/5.0 (Windows; U; Windows NT 5.1; en-US; rv:1.8) Gecko/20051111 Firefox/1.5"
69.227.61.241 - - [13/Dec/2005:19:45:37 -0800] "GET / HTTP/1.1" 403 4251 "-" "Mozilla/5.0 (Windows; U; Windows NT 5.1; en-US; rv:1.8) Gecko/20051111 Firefox/1.5"
69.227.61.241 - - [13/Dec/2005:19:45:37 -0800] "GET /icons/apache_pb2.gif HTTP/1.1" 304 - "-" "Mozilla/5.0 (Windows; U; Windows NT 5.1; en-US; rv:1.8) Gecko/20051111 Firefox/1.5"
69.227.61.241 - - [13/Dec/2005:19:45:37 -0800] "GET /icons/powered_by_rh.png HTTP/1.1" 304 - "-" "Mozilla/5.0 (Windows; U; Windows NT 5.1; en-US; rv:1.8) Gecko/20051111 Firefox/1.5"
207.46.98.40 - - [13/Dec/2005:19:45:37 -0800] "GET /email_article.php?article_id=020 HTTP/1.0" 404 299 "-" "msnbot/1.0 (+http://search.msn.com/msnbot.htm)"
69.227.61.241 - - [13/Dec/2005:19:45:38 -0800] "GET / HTTP/1.1" 403 4251 "-" "Mozilla/5.0 (Windows; U; Windows NT 5.1; en-US; rv:1.8) Gecko/20051111 Firefox/1.5"
69.227.61.241 - - [13/Dec/2005:19:45:38 -0800] "GET /icons/apache_pb2.gif HTTP/1.1" 304 - "-" "Mozilla/5.0 (Windows; U; Windows NT 5.1; en-US; rv:1.8) Gecko/20051111 Firefox/1.5"
69.227.61.241 - - [13/Dec/2005:19:45:38 -0800] "GET /icons/powered_by_rh.png HTTP/1.1" 304 - "-" "Mozilla/5.0 (Windows; U; Windows NT 5.1; en-US; rv:1.8) Gecko/20051111 Firefox/1.5"
69.227.61.241 - - [13/Dec/2005:19:45:41 -0800] "GET /index.html HTTP/1.1" 404 289 "-" "Mozilla/5.0 (Windows; U; Windows NT 5.1; en-US; rv:1.8) Gecko/20051111 Firefox/1.5"
66.249.71.3 - - [13/Dec/2005:19:48:38 -0800] "GET / HTTP/1.0" 403 4251 "-" "Googlebot/2.1 (+http://www.google.com/bot.html)"
208.51.226.51 - - [13/Dec/2005:19:50:54 -0800] "GET /debt-consolidation.html HTTP/1.0" 404 301 "-" "Mozilla: (compatible; Windows XP)"
59.93.255.187 - - [13/Dec/2005:19:55:41 -0800] "GET / HTTP/1.0" 403 4251 "-" "Mozilla/5.0 (Windows; U; Windows NT 5.0; en-US; rv:1.7.10) Gecko/20050716 Firefox/1.0.6"
59.93.255.187 - - [13/Dec/2005:19:55:43 -0800] "GET /icons/apache_pb2.gif HTTP/1.0" 200 2414 "-" "Mozilla/5.0 (Windows; U; Windows NT 5.0; en-US; rv:1.7.10) Gecko/20050716 Firefox/1.0.6"
59.93.255.187 - - [13/Dec/2005:19:55:43 -0800] "GET /icons/powered_by_rh.png HTTP/1.0" 200 1213 "-" "Mozilla/5.0 (Windows; U; Windows NT 5.0; en-US; rv:1.7.10) Gecko/20050716 Firefox/1.0.6"
59.93.255.187 - - [13/Dec/2005:19:55:43 -0800] "GET /favicon.ico HTTP/1.0" 404 291 "-" "Mozilla/5.0 (Windows; U; Windows NT 5.0; en-US; rv:1.7.10) Gecko/20050716 Firefox/1.0.6"
68.142.250.182 - - [13/Dec/2005:19:59:33 -0800] "GET /mortgage.html HTTP/1.0" 404 295 "-" "Mozilla/5.0 (compatible; Yahoo! Slurp; http://help.yahoo.com/help/us/ysearch/slurp)"
68.142.250.62 - - [13/Dec/2005:20:04:44 -0800] "GET /comment.php?article_id=083&action=new HTTP/1.0" 404 293 "-" "Mozilla/5.0 (compatible; Yahoo! Slurp; http://help.yahoo.com/help/us/ysearch/slurp)"
72.30.177.12 - - [13/Dec/2005:20:08:18 -0800] "GET /robots.txt HTTP/1.0" 404 292 "-" "Mozilla/5.0 (compatible; Yahoo! Slurp; http://help.yahoo.com/help/us/ysearch/slurp)"
72.30.177.12 - - [13/Dec/2005:20:08:18 -0800] "GET /reverse-mortgage.html HTTP/1.0" 404 303 "-" "Mozilla/5.0 (compatible; Yahoo! Slurp; http://help.yahoo.com/help/us/ysearch/slurp)"
59.93.240.196 - - [13/Dec/2005:20:10:47 -0800] "GET /my/ HTTP/1.0" 404 283 "-" "Mozilla/5.0 (Windows; U; Windows NT 5.0; en-US; rv:1.7.12) Gecko/20050915 Firefox/1.0.7"
68.142.250.164 - - [13/Dec/2005:20:10:54 -0800] "GET /email_article.php?article_id=144 HTTP/1.0" 404 299 "-" "Mozilla/5.0 (compatible; Yahoo! Slurp; http://help.yahoo.com/help/us/ysearch/slurp)"
64.136.27.229 - - [13/Dec/2005:22:17:48 -0800] "GET /t/image.gif?admin_id=14&client_id=104&document_url=aHR0cDovL3d3dy5kZWJ0Y29uc29saWRhdGlvbmNhcmUuY29tLw==&referer=aHR0cDovL3NlYXJjaC55YWhvby5jb20vc2VhcmNoP3A9Y3JlZGl0K2NhcmQrZGVidCtoZWxwJnJzPTEmZnIyPXJzLXRvcCZlaT1VVEYtOCZmcj1zbHYxLWFkYmU=&add_data[]=resolution::1280x768x32bit HTTP/1.1" 404 291 "http://www.debtconsolidationcare.com/" "Mozilla/4.0 (compatible; MSIE 6.0; Windows NT 5.1; SV1; .NET CLR 1.1.4322)"
208.51.226.51 - - [13/Dec/2005:22:17:53 -0800] "GET /index.html?cat=creditcard HTTP/1.0" 404 287 "-" "Mozilla: (compatible; Windows XP)"
205.188.116.137 - - [13/Dec/2005:22:17:59 -0800] "GET /t/image.gif?admin_id=14&client_id=104&document_url=aHR0cDovL3d3dy5kZWJ0Y29uc29saWRhdGlvbmNhcmUuY29tL2ZvcnVtcy9hY3Rpb24tdG9jb2xsZWN0b3ItMS5odG1s&referer=aHR0cDovL3d3dy5kZWJ0Y29uc29saWRhdGlvbmNhcmUuY29tL2ZvcnVtcy9hY3Rpb24tdG9jb2xsZWN0b3IuaHRtbA==&add_data[]=resolution::800x600x16bit HTTP/1.0" 404 291 "http://www.debtconsolidationcare.com/forums/action-tocollector-1.html" "Mozilla/4.0 (compatible; MSIE 6.0; AOL 9.0; Windows 98; PeoplePal 6.1)"
69.227.61.241 - - [13/Dec/2005:22:18:06 -0800] "GET / HTTP/1.1" 200 553 "-" "Mozilla/5.0 (Windows; U; Windows NT 5.1; en-US; rv:1.8) Gecko/20051111 Firefox/1.5"
69.227.61.241 - - [13/Dec/2005:22:18:07 -0800] "GET /icons/blank.gif HTTP/1.1" 200 148 "-" "Mozilla/5.0 (Windows; U; Windows NT 5.1; en-US; rv:1.8) Gecko/20051111 Firefox/1.5"
69.227.61.241 - - [13/Dec/2005:22:18:07 -0800] "GET /icons/folder.gif HTTP/1.1" 200 225 "-" "Mozilla/5.0 (Windows; U; Windows NT 5.1; en-US; rv:1.8) Gecko/20051111 Firefox/1.5"
69.227.61.241 - - [13/Dec/2005:22:18:07 -0800] "GET /favicon.ico HTTP/1.1" 404 291 "-" "Mozilla/5.0 (Windows; U; Windows NT 5.1; en-US; rv:1.8) Gecko/20051111 Firefox/1.5"
59.93.255.187 - - [13/Dec/2005:22:18:07 -0800] "GET /bot-activity/logme/index.php?I=10.0.1.34&T=1134540278&D=/rss/bbs.xml&U=Mozilla%2F5.0+%28Windows%3B+U%3B+Windows+NT+5.0%3B+en-US%3B+rv%3A1.7.12%29+Gecko%2F20050915+Firefox%2F1.0.7&i=135&A=14 HTTP/1.1" 404 308 "-" "-"
69.227.61.241 - - [13/Dec/2005:22:18:09 -0800] "GET / HTTP/1.1" 200 553 "-" "Mozilla/5.0 (Windows; U; Windows NT 5.1; en-US; rv:1.8) Gecko/20051111 Firefox/1.5"
69.227.61.241 - - [13/Dec/2005:22:18:09 -0800] "GET /icons/blank.gif HTTP/1.1" 304 - "-" "Mozilla/5.0 (Windows; U; Windows NT 5.1; en-US; rv:1.8) Gecko/20051111 Firefox/1.5"
69.227.61.241 - - [13/Dec/2005:22:18:09 -0800] "GET /icons/folder.gif HTTP/1.1" 304 - "-" "Mozilla/5.0 (Windows; U; Windows NT 5.1; en-US; rv:1.8) Gecko/20051111 Firefox/1.5"
69.227.61.241 - - [13/Dec/2005:22:18:10 -0800] "GET / HTTP/1.1" 200 553 "-" "Mozilla/5.0 (Windows; U; Windows NT 5.1; en-US; rv:1.8) Gecko/20051111 Firefox/1.5"
69.227.61.241 - - [13/Dec/2005:22:18:10 -0800] "GET /icons/blank.gif HTTP/1.1" 304 - "-" "Mozilla/5.0 (Windows; U; Windows NT 5.1; en-US; rv:1.8) Gecko/20051111 Firefox/1.5"
69.227.61.241 - - [13/Dec/2005:22:18:10 -0800] "GET /icons/folder.gif HTTP/1.1" 304 - "-" "Mozilla/5.0 (Windows; U; Windows NT 5.1; en-US; rv:1.8) Gecko/20051111 Firefox/1.5"
69.227.61.241 - - [13/Dec/2005:22:18:11 -0800] "GET / HTTP/1.1" 200 553 "-" "Mozilla/5.0 (Windows; U; Windows NT 5.1; en-US; rv:1.8) Gecko/20051111 Firefox/1.5"
69.227.61.241 - - [13/Dec/2005:22:18:11 -0800] "GET /icons/blank.gif HTTP/1.1" 304 - "-" "Mozilla/5.0 (Windows; U; Windows NT 5.1; en-US; rv:1.8) Gecko/20051111 Firefox/1.5"
69.227.61.241 - - [13/Dec/2005:22:18:11 -0800] "GET /icons/folder.gif HTTP/1.1" 304 - "-" "Mozilla/5.0 (Windows; U; Windows NT 5.1; en-US; rv:1.8) Gecko/20051111 Firefox/1.5"
69.227.61.241 - - [13/Dec/2005:22:18:11 -0800] "GET / HTTP/1.1" 200 553 "-" "Mozilla/5.0 (Windows; U; Windows NT 5.1; en-US; rv:1.8) Gecko/20051111 Firefox/1.5"
69.227.61.241 - - [13/Dec/2005:22:18:11 -0800] "GET /icons/blank.gif HTTP/1.1" 304 - "-" "Mozilla/5.0 (Windows; U; Windows NT 5.1; en-US; rv:1.8) Gecko/20051111 Firefox/1.5"
69.227.61.241 - - [13/Dec/2005:22:18:11 -0800] "GET /icons/folder.gif HTTP/1.1" 304 - "-" "Mozilla/5.0 (Windows; U; Windows NT 5.1; en-US; rv:1.8) Gecko/20051111 Firefox/1.5"
69.241.230.107 - - [13/Dec/2005:22:18:11 -0800] "GET /t/image.gif?admin_id=14&client_id=104&document_url=aHR0cDovL3d3dy5kZWJ0Y29uc29saWRhdGlvbmNhcmUuY29tL2ZvcnVtcy9wb3N0aW5nLmh0bWw=&referer=aHR0cDovL3d3dy5kZWJ0Y29uc29saWRhdGlvbmNhcmUuY29tL2ZvcnVtcy92aWV3dG9waWMuaHRtbD90PTYwMTI=&add_data[]=resolution::1024x768x32bit HTTP/1.1" 404 291 "http://www.debtconsolidationcare.com/forums/posting.html" "Mozilla/4.0 (compatible; MSIE 6.0; Windows NT 5.1; SV1)"
59.93.240.196 - - [13/Dec/2005:22:18:11 -0800] "GET /rss/bbs.xml HTTP/1.1" 404 291 "-" "Mozilla/5.0 (Windows; U; Windows NT 5.0; en-US; rv:1.7.10) Gecko/20050716 Firefox/1.0.6"
69.227.61.241 - - [13/Dec/2005:22:18:12 -0800] "GET /dbwa/ HTTP/1.1" 200 775 "http://www.visitlab.com/" "Mozilla/5.0 (Windows; U; Windows NT 5.1; en-US; rv:1.8) Gecko/20051111 Firefox/1.5"
69.227.61.241 - - [13/Dec/2005:22:18:12 -0800] "GET /icons/back.gif HTTP/1.1" 200 216 "-" "Mozilla/5.0 (Windows; U; Windows NT 5.1; en-US; rv:1.8) Gecko/20051111 Firefox/1.5"
82.38.159.116 - - [13/Dec/2005:22:18:15 -0800] "GET /t/image.gif?admin_id=14&client_id=180&document_url=aHR0cDovL3d3dy5oZWRpci5jb20vZ3JvdXB0aGluay9hYm91dDc2OS5odG1s&referer=aHR0cDovL3d3dy5oZWRpci5jb20v&add_data[]=resolution::1024x768x32bit HTTP/1.1" 404 291 "http://www.hedir.com/groupthink/about769.html" "Mozilla/5.0 (Windows; U; Windows NT 5.1; en-US; rv:1.8) Gecko/20051111 Firefox/1.5"
82.38.159.116 - - [13/Dec/2005:22:18:19 -0800] "GET /t/image.gif?admin_id=14&client_id=180&document_url=aHR0cDovL3d3dy5oZWRpci5jb20vZ3JvdXB0aGluay9hYm91dDgyOC5odG1s&referer=aHR0cDovL3d3dy5oZWRpci5jb20v&add_data[]=resolution::1024x768x32bit HTTP/1.1" 404 291 "http://www.hedir.com/groupthink/about828.html" "Mozilla/5.0 (Windows; U; Windows NT 5.1; en-US; rv:1.8) Gecko/20051111 Firefox/1.5"
69.241.230.107 - - [13/Dec/2005:22:18:19 -0800] "GET /t/image.gif?admin_id=14&client_id=104&document_url=aHR0cDovL3d3dy5kZWJ0Y29uc29saWRhdGlvbmNhcmUuY29tL2ZvcnVtcy9zZWFyY2guaHRtbD9zZWFyY2hfaWQ9bmV3cG9zdHM=&referer=aHR0cDovL3d3dy5kZWJ0Y29uc29saWRhdGlvbmNhcmUuY29tL2ZvcnVtcy9wb3N0aW5nLmh0bWw=&add_data[]=resolution::1024x768x32bit HTTP/1.1" 404 291 "http://www.debtconsolidationcare.com/forums/search.html?search_id=newposts" "Mozilla/4.0 (compatible; MSIE 6.0; Windows NT 5.1; SV1)"
59.93.240.196 - - [13/Dec/2005:22:18:20 -0800] "GET /t/image.gif?admin_id=14&client_id=104&document_url=aHR0cDovL3d3dy5kZWJ0Y29uc29saWRhdGlvbmNhcmUuY29tLw==&referer=aHR0cDovL3d3dy5kZWJ0Y29uc29saWRhdGlvbmNhcmUuY29tL2ZvcnVtcy92aWV3dG9waWMuaHRtbD9wPTI2MzUx&add_data[]=resolution::1152x864x32bit HTTP/1.1" 404 291 "http://www.debtconsolidationcare.com/" "Mozilla/4.0 (compatible; MSIE 6.0; Windows NT 5.0) Opera 7.54  [en]"
59.93.240.196 - - [13/Dec/2005:22:18:26 -0800] "GET /t/image.gif?admin_id=14&client_id=104&document_url=aHR0cDovL3d3dy5kZWJ0Y29uc29saWRhdGlvbmNhcmUuY29tLw==&referer=aHR0cDovL3d3dy5kZWJ0Y29uc29saWRhdGlvbmNhcmUuY29tL2ZvcnVtcy9hYm91dDYwMTYuaHRtbA==&add_data[]=resolution::1152x864x32bit HTTP/1.1" 404 291 "http://www.debtconsolidationcare.com/" "Mozilla/4.0 (compatible; MSIE 6.0; Windows NT 5.0; .NET CLR 1.1.4322; InfoPath.1)"
82.38.159.116 - - [13/Dec/2005:22:18:43 -0800] "GET /t/image.gif?admin_id=14&client_id=180&document_url=aHR0cDovL3d3dy5oZWRpci5jb20vZnJlZS1zdWJtaXNzaW9uL2luZGV4Lmh0bWw=&referer=aHR0cDovL3d3dy5oZWRpci5jb20vZ3JvdXB0aGluay9hYm91dDgyOC5odG1s&add_data[]=resolution::1024x768x32bit HTTP/1.1" 404 291 "http://www.hedir.com/free-submission/index.html" "Mozilla/5.0 (Windows; U; Windows NT 5.1; en-US; rv:1.8) Gecko/20051111 Firefox/1.5"
59.93.255.187 - - [13/Dec/2005:22:18:43 -0800] "GET /t/image.gif?admin_id=14&client_id=104&document_url=aHR0cDovL3d3dy5kZWJ0Y29uc29saWRhdGlvbmNhcmUuY29tL2ZvcnVtcy9hYm91dDYwMTUuaHRtbA==&referer=aHR0cDovL3d3dy5kZWJ0Y29uc29saWRhdGlvbmNhcmUuY29tLw==&add_data[]=resolution::1152x864x32bit HTTP/1.1" 404 291 "http://www.debtconsolidationcare.com/forums/about6015.html" "Mozilla/4.0 (compatible; MSIE 6.0; Windows NT 5.0) Opera 7.54  [en]"
207.46.98.121 - - [13/Dec/2005:22:18:49 -0800] "GET /robots.txt HTTP/1.0" 404 292 "-" "msnbot/1.0 (+http://search.msn.com/msnbot.htm)"
207.46.98.121 - - [13/Dec/2005:22:18:49 -0800] "GET / HTTP/1.0" 200 555 "-" "msnbot/1.0 (+http://search.msn.com/msnbot.htm)"
207.46.98.121 - - [13/Dec/2005:22:18:53 -0800] "GET /index.html HTTP/1.0" 404 292 "-" "msnbot/1.0 (+http://search.msn.com/msnbot.htm)"
207.46.98.121 - - [13/Dec/2005:22:18:53 -0800] "GET /affiliate_affiliate.html HTTP/1.0" 404 306 "-" "msnbot/1.0 (+http://search.msn.com/msnbot.htm)"
207.46.98.121 - - [13/Dec/2005:22:18:53 -0800] "GET /affiliate_faq.html HTTP/1.0" 404 300 "-" "msnbot/1.0 (+http://search.msn.com/msnbot.htm)"
207.46.98.121 - - [13/Dec/2005:22:18:53 -0800] "GET /category32/index.html HTTP/1.0" 404 303 "-" "msnbot/1.0 (+http://search.msn.com/msnbot.htm)"
207.46.98.121 - - [13/Dec/2005:22:18:53 -0800] "GET /category33/index.html HTTP/1.0" 404 303 "-" "msnbot/1.0 (+http://search.msn.com/msnbot.htm)"
207.46.98.121 - - [13/Dec/2005:22:18:53 -0800] "GET /contact_us.html HTTP/1.0" 404 297 "-" "msnbot/1.0 (+http://search.msn.com/msnbot.htm)"
207.46.98.121 - - [13/Dec/2005:22:18:53 -0800] "GET /login.html HTTP/1.0" 404 292 "-" "msnbot/1.0 (+http://search.msn.com/msnbot.htm)"
207.46.98.121 - - [13/Dec/2005:22:18:53 -0800] "GET /create_account.html HTTP/1.0" 404 301 "-" "msnbot/1.0 (+http://search.msn.com/msnbot.htm)"
205.188.116.197 - - [13/Dec/2005:22:18:56 -0800] "GET /t/image.gif?admin_id=14&client_id=104&document_url=aHR0cDovL3d3dy5kZWJ0Y29uc29saWRhdGlvbmNhcmUuY29tL2ZvcnVtcy9hY3Rpb24tdG9jb2xsZWN0b3IuaHRtbA==&referer=aHR0cDovL3d3dy5kZWJ0Y29uc29saWRhdGlvbmNhcmUuY29tL2NvbGxlY3Rpb24tYWdlbmNpZXMvaW5kZXguaHRtbA==&add_data[]=resolution::800x600x16bit HTTP/1.0" 404 291 "http://www.debtconsolidationcare.com/forums/action-tocollector.html" "Mozilla/4.0 (compatible; MSIE 6.0; AOL 9.0; Windows 98; PeoplePal 6.1)"
205.188.117.66 - - [13/Dec/2005:22:18:57 -0800] "GET /t/image.gif?admin_id=14&client_id=104&document_url=aHR0cDovL3d3dy5kZWJ0Y29uc29saWRhdGlvbmNhcmUuY29tL2NvbGxlY3Rpb24tYWdlbmNpZXMvaW5kZXguaHRtbA==&referer=aHR0cDovL3d3dy5kZWJ0Y29uc29saWRhdGlvbmNhcmUuY29tL2ZvcnVtcy8=&add_data[]=resolution::800x600x16bit HTTP/1.1" 404 291 "http://www.debtconsolidationcare.com/collection-agencies/index.html" "Mozilla/4.0 (compatible; MSIE 6.0; AOL 9.0; Windows 98; PeoplePal 6.1)"
69.241.230.107 - - [13/Dec/2005:22:19:03 -0800] "GET /t/image.gif?admin_id=14&client_id=104&document_url=aHR0cDovL3d3dy5kZWJ0Y29uc29saWRhdGlvbmNhcmUuY29tL2ZvcnVtcy92aWV3dG9waWMuaHRtbD9wPTI2MzQ2&referer=&add_data[]=resolution::1024x768x32bit HTTP/1.1" 404 291 "http://www.debtconsolidationcare.com/forums/viewtopic.html?p=26346" "Mozilla/4.0 (compatible; MSIE 6.0; Windows NT 5.1; SV1)"
205.188.116.70 - - [13/Dec/2005:22:19:11 -0800] "GET /t/image.gif?admin_id=14&client_id=104&document_url=aHR0cDovL3d3dy5kZWJ0Y29uc29saWRhdGlvbmNhcmUuY29tL2ZvcnVtcy9vc2ktc2VydmljZXMuaHRtbA==&referer=aHR0cDovL3d3dy5kZWJ0Y29uc29saWRhdGlvbmNhcmUuY29tL2NvbGxlY3Rpb24tYWdlbmNpZXMvaW5kZXguaHRtbA==&add_data[]=resolution::800x600x16bit HTTP/1.0" 404 291 "http://www.debtconsolidationcare.com/forums/osi-services.html" "Mozilla/4.0 (compatible; MSIE 6.0; AOL 9.0; Windows 98; PeoplePal 6.1)"
59.93.255.187 - - [13/Dec/2005:22:19:13 -0800] "GET /t/image.gif?admin_id=14&client_id=104&document_url=aHR0cDovL3d3dy5kZWJ0Y29uc29saWRhdGlvbmNhcmUuY29tL2ZvcnVtcy9wb3N0aW5nLmh0bWw/bW9kZT1kZWxldGUmcD0yNjMzOSZzaWQ9NjUzMGJiMTZlZGJjZDAwNWY4YWZkNTM3M2Y4NDBhOGU=&referer=aHR0cDovL3d3dy5kZWJ0Y29uc29saWRhdGlvbmNhcmUuY29tL2ZvcnVtcy9hYm91dDYwMTUuaHRtbA==&add_data[]=resolution::1152x864x32bit HTTP/1.1" 404 291 "http://www.debtconsolidationcare.com/forums/posting.html?mode=delete&p=26339&sid=6530bb16edbcd005f8afd5373f840a8e" "Mozilla/4.0 (compatible; MSIE 6.0; Windows NT 5.0) Opera 7.54  [en]"
59.93.255.187 - - [13/Dec/2005:22:19:19 -0800] "GET /t/image.gif?admin_id=14&client_id=104&document_url=aHR0cDovL3d3dy5kZWJ0Y29uc29saWRhdGlvbmNhcmUuY29tL2ZvcnVtcy9wb3N0aW5nLmh0bWw=&referer=aHR0cDovL3d3dy5kZWJ0Y29uc29saWRhdGlvbmNhcmUuY29tL2ZvcnVtcy9wb3N0aW5nLmh0bWw/bW9kZT1kZWxldGUmcD0yNjMzOSZzaWQ9NjUzMGJiMTZlZGJjZDAwNWY4YWZkNTM3M2Y4NDBhOGU=&add_data[]=resolution::1152x864x32bit HTTP/1.1" 404 291 "http://www.debtconsolidationcare.com/forums/posting.html" "Mozilla/4.0 (compatible; MSIE 6.0; Windows NT 5.0) Opera 7.54  [en]"
128.120.186.135 - - [13/Dec/2005:22:19:22 -0800] "GET /t/web.js HTTP/1.1" 404 287 "-" "Mozilla/4.0 (compatible; MSIE 6.0; Windows NT 5.1; SV1; .NET CLR 1.1.4322)"
216.180.65.216 - - [13/Dec/2005:22:19:26 -0800] "GET /t/image.gif?admin_id=14&client_id=104&document_url=aHR0cDovL3d3dy5kZWJ0Y29uc29saWRhdGlvbmNhcmUuY29tLw==&referer=aHR0cDovL3d3dy5nb29nbGUuY29tL3NlYXJjaD9xPWRlYnQrY29uc29saWRhdGlvbiZobD1lbiZscj0mc3RhcnQ9MCZzYT1O&add_data[]=resolution::800x600x16bit HTTP/1.1" 404 291 "http://www.debtconsolidationcare.com/" "Mozilla/4.0 (compatible; MSIE 6.0; Windows 98)"
220.253.37.213 - - [13/Dec/2005:22:19:31 -0800] "GET /rss/bbs.xml HTTP/1.1" 404 290 "-" "Mozilla/5.0 (Windows; U; Windows NT 5.1; en-US; rv:1.7.12) Gecko/20050915 Firefox/1.0.7"
59.93.255.187 - - [13/Dec/2005:22:19:34 -0800] "GET /t/image.gif?admin_id=14&client_id=104&document_url=aHR0cDovL3d3dy5kZWJ0Y29uc29saWRhdGlvbmNhcmUuY29tL2ZvcnVtcy92aWV3Zm9ydW0uaHRtbD9mPTE3&referer=aHR0cDovL3d3dy5kZWJ0Y29uc29saWRhdGlvbmNhcmUuY29tL2ZvcnVtcy9wb3N0aW5nLmh0bWw=&add_data[]=resolution::1152x864x32bit HTTP/1.1" 404 291 "http://www.debtconsolidationcare.com/forums/viewforum.html?f=17" "Mozilla/4.0 (compatible; MSIE 6.0; Windows NT 5.0) Opera 7.54  [en]"
4.239.114.54 - - [13/Dec/2005:22:19:35 -0800] "GET /t/image.gif?admin_id=266&client_id=199&document_url=aHR0cDovL3d3dy50eHNoaXJ0cy5jb20vc2VhcmNoYnlzaXplLmFzcA==&referer=aHR0cDovL3d3dy50eHNoaXJ0cy5jb20vc2VhcmNoYnlzaXplLmFzcA==&add_data[]=resolution::1024x768x32bit HTTP/1.1" 404 291 "http://www.txshirts.com/searchbysize.asp" "Mozilla/4.0 (compatible; MSIE 6.0; Windows NT 5.1; SV1; FunWebProducts; .NET CLR 1.1.4322)"
82.38.159.116 - - [13/Dec/2005:22:19:41 -0800] "GET /t/image.gif?admin_id=14&client_id=180&document_url=aHR0cDovL3d3dy5oZWRpci5jb20vZ3JvdXB0aGluay9pbmRleC5odG1s&referer=aHR0cDovL3d3dy5oZWRpci5jb20vZnJlZS1zdWJtaXNzaW9uL2luZGV4Lmh0bWw=&add_data[]=resolution::1024x768x32bit HTTP/1.1" 404 291 "http://www.hedir.com/groupthink/index.html" "Mozilla/5.0 (Windows; U; Windows NT 5.1; en-US; rv:1.8) Gecko/20051111 Firefox/1.5"
59.93.255.187 - - [13/Dec/2005:22:19:49 -0800] "GET /t/image.gif?admin_id=14&client_id=104&document_url=aHR0cDovL3d3dy5kZWJ0Y29uc29saWRhdGlvbmNhcmUuY29tLw==&referer=aHR0cDovL3d3dy5kZWJ0Y29uc29saWRhdGlvbmNhcmUuY29tL2ZvcnVtcy9hYm91dDYwMTYuaHRtbA==&add_data[]=resolution::1152x864x32bit HTTP/1.1" 404 291 "http://www.debtconsolidationcare.com/" "Mozilla/4.0 (compatible; MSIE 6.0; Windows NT 5.0; .NET CLR 1.1.4322; InfoPath.1)"
216.180.65.216 - - [13/Dec/2005:22:19:51 -0800] "GET /t/image.gif?admin_id=14&client_id=104&document_url=aHR0cDovL3d3dy5kZWJ0Y29uc29saWRhdGlvbmNhcmUuY29tL3NhbWFyaXRhbi8=&referer=aHR0cDovL3d3dy5kZWJ0Y29uc29saWRhdGlvbmNhcmUuY29tLw==&add_data[]=resolution::800x600x16bit HTTP/1.1" 404 291 "http://www.debtconsolidationcare.com/samaritan/" "Mozilla/4.0 (compatible; MSIE 6.0; Windows 98)"
59.93.255.187 - - [13/Dec/2005:22:19:51 -0800] "GET / HTTP/1.1" 200 546 "-" "Mozilla/5.0 (Windows; U; Windows NT 5.0; en-US; rv:1.7.12) Gecko/20050915 Firefox/1.0.7"
59.93.255.187 - - [13/Dec/2005:22:19:52 -0800] "GET /icons/blank.gif HTTP/1.1" 200 148 "http://debtc.com/" "Mozilla/5.0 (Windows; U; Windows NT 5.0; en-US; rv:1.7.12) Gecko/20050915 Firefox/1.0.7"
59.93.255.187 - - [13/Dec/2005:22:19:52 -0800] "GET /icons/folder.gif HTTP/1.1" 200 225 "http://debtc.com/" "Mozilla/5.0 (Windows; U; Windows NT 5.0; en-US; rv:1.7.12) Gecko/20050915 Firefox/1.0.7"
67.184.202.101 - - [13/Dec/2005:22:19:52 -0800] "GET /t/image.gif?admin_id=14&client_id=104&document_url=aHR0cDovL3d3dy5kZWJ0Y29uc29saWRhdGlvbmNhcmUuY29tL2djc2VydmljZXMuaHRtbA==&referer=aHR0cDovL3d3dy5nb29nbGUuY29tL3NlYXJjaD9obD1lbiZpZT1JU08tODg1OS0xJnE9Z2Mrc2VydmljZXMrbGltaXRlZCtwYXJ0bmVyc2hpcCZidG5HPUdvb2dsZStTZWFyY2g=&add_data[]=resolution::1152x870x16bit HTTP/1.1" 404 291 "http://www.debtconsolidationcare.com/gcservices.html" "Mozilla/4.0 (compatible; MSIE 5.14; Mac_PowerPC)"
59.93.255.187 - - [13/Dec/2005:22:19:53 -0800] "GET /favicon.ico HTTP/1.1" 404 284 "-" "Mozilla/5.0 (Windows; U; Windows NT 5.0; en-US; rv:1.7.12) Gecko/20050915 Firefox/1.0.7"
59.93.255.187 - - [13/Dec/2005:22:19:54 -0800] "GET /dbwa/ HTTP/1.1" 200 768 "http://debtc.com/" "Mozilla/5.0 (Windows; U; Windows NT 5.0; en-US; rv:1.7.12) Gecko/20050915 Firefox/1.0.7"
59.93.255.187 - - [13/Dec/2005:22:19:57 -0800] "GET /icons/back.gif HTTP/1.1" 200 216 "http://debtc.com/dbwa/" "Mozilla/5.0 (Windows; U; Windows NT 5.0; en-US; rv:1.7.12) Gecko/20050915 Firefox/1.0.7"
82.38.159.116 - - [13/Dec/2005:22:20:00 -0800] "GET /t/image.gif?admin_id=14&client_id=180&document_url=aHR0cDovL3d3dy5oZWRpci5jb20vY2FmZS9pbmRleC5odG1s&referer=aHR0cDovL3d3dy5oZWRpci5jb20vZ3JvdXB0aGluay9pbmRleC5odG1s&add_data[]=resolution::1024x768x32bit HTTP/1.1" 404 291 "http://www.hedir.com/cafe/index.html" "Mozilla/5.0 (Windows; U; Windows NT 5.1; en-US; rv:1.8) Gecko/20051111 Firefox/1.5"
59.93.255.187 - - [13/Dec/2005:22:20:02 -0800] "GET /favicon.ico HTTP/1.1" 404 284 "-" "Mozilla/5.0 (Windows; U; Windows NT 5.0; en-US; rv:1.7.12) Gecko/20050915 Firefox/1.0.7"
59.93.255.187 - - [13/Dec/2005:22:20:03 -0800] "GET /dbwa/my/ HTTP/1.1" 200 2004 "http://debtc.com/dbwa/" "Mozilla/5.0 (Windows; U; Windows NT 5.0; en-US; rv:1.7.12) Gecko/20050915 Firefox/1.0.7"
59.93.255.187 - - [13/Dec/2005:22:20:04 -0800] "GET /dbwa/my/css/phpmyadmin.css.php?lang=en-iso-8859-1&server=1&js_frame=right HTTP/1.1" 200 21538 "http://debtc.com/dbwa/my/" "Mozilla/5.0 (Windows; U; Windows NT 5.0; en-US; rv:1.7.12) Gecko/20050915 Firefox/1.0.7"
59.93.255.187 - - [13/Dec/2005:22:20:04 -0800] "GET /dbwa/my/favicon.ico HTTP/1.1" 200 18902 "-" "Mozilla/5.0 (Windows; U; Windows NT 5.0; en-US; rv:1.7.12) Gecko/20050915 Firefox/1.0.7"
59.93.255.187 - - [13/Dec/2005:22:20:08 -0800] "GET /dbwa/my/css/print.css?lang=en-iso-8859-1&server=1 HTTP/1.1" 200 185 "http://debtc.com/dbwa/my/" "Mozilla/5.0 (Windows; U; Windows NT 5.0; en-US; rv:1.7.12) Gecko/20050915 Firefox/1.0.7"
59.93.255.187 - - [13/Dec/2005:22:20:09 -0800] "GET /dbwa/my/themes/original/img/vertical_line.png HTTP/1.1" 200 83 "http://debtc.com/dbwa/my/" "Mozilla/5.0 (Windows; U; Windows NT 5.0; en-US; rv:1.7.12) Gecko/20050915 Firefox/1.0.7"
59.93.255.187 - - [13/Dec/2005:22:20:09 -0800] "GET /dbwa/my/themes/original/img/b_help.png HTTP/1.1" 200 229 "http://debtc.com/dbwa/my/" "Mozilla/5.0 (Windows; U; Windows NT 5.0; en-US; rv:1.7.12) Gecko/20050915 Firefox/1.0.7"
59.93.255.187 - - [13/Dec/2005:22:20:10 -0800] "GET /dbwa/my/themes/original/img/s_error.png HTTP/1.1" 200 272 "http://debtc.com/dbwa/my/" "Mozilla/5.0 (Windows; U; Windows NT 5.0; en-US; rv:1.7.12) Gecko/20050915 Firefox/1.0.7"
82.38.159.116 - - [13/Dec/2005:22:20:12 -0800] "GET /t/image.gif?admin_id=14&client_id=180&document_url=aHR0cDovL3d3dy5oZWRpci5jb20vZ3JvdXB0aGluay9hYm91dDczMy5odG1s&referer=aHR0cDovL3d3dy5oZWRpci5jb20vY2FmZS9pbmRleC5odG1s&add_data[]=resolution::1024x768x32bit HTTP/1.1" 404 291 "http://www.hedir.com/groupthink/about733.html" "Mozilla/5.0 (Windows; U; Windows NT 5.1; en-US; rv:1.8) Gecko/20051111 Firefox/1.5"
216.180.65.216 - - [13/Dec/2005:22:20:18 -0800] "GET /t/image.gif?admin_id=14&client_id=104&document_url=aHR0cDovL3d3dy5kZWJ0Y29uc29saWRhdGlvbmNhcmUuY29tLw==&referer=aHR0cDovL3d3dy5nb29nbGUuY29tL3NlYXJjaD9xPWRlYnQrY29uc29saWRhdGlvbiZobD1lbiZscj0mc3RhcnQ9MCZzYT1O&add_data[]=resolution::800x600x16bit HTTP/1.1" 404 291 "http://www.debtconsolidationcare.com/" "Mozilla/4.0 (compatible; MSIE 6.0; Windows 98)"
205.188.117.66 - - [13/Dec/2005:22:20:25 -0800] "GET /t/image.gif?admin_id=14&client_id=104&document_url=aHR0cDovL3d3dy5kZWJ0Y29uc29saWRhdGlvbmNhcmUuY29tL2NvbGxlY3Rpb24tYWdlbmNpZXMvaW5kZXguaHRtbA==&referer=aHR0cDovL3d3dy5kZWJ0Y29uc29saWRhdGlvbmNhcmUuY29tL2ZvcnVtcy8=&add_data[]=resolution::800x600x16bit HTTP/1.1" 404 291 "http://www.debtconsolidationcare.com/collection-agencies/index.html" "Mozilla/4.0 (compatible; MSIE 6.0; AOL 9.0; Windows 98; PeoplePal 6.1)"
207.46.98.145 - - [13/Dec/2005:22:20:33 -0800] "GET /robots.txt HTTP/1.0" 404 287 "-" "msnbot/1.0 (+http://search.msn.com/msnbot.htm)"
207.46.98.145 - - [13/Dec/2005:22:20:33 -0800] "GET /consolidatedebt.html HTTP/1.0" 404 297 "-" "msnbot/1.0 (+http://search.msn.com/msnbot.htm)"
207.46.98.145 - - [13/Dec/2005:22:20:33 -0800] "GET /debtfree.html HTTP/1.0" 404 290 "-" "msnbot/1.0 (+http://search.msn.com/msnbot.htm)"
207.46.98.145 - - [13/Dec/2005:22:20:33 -0800] "GET /debt.html HTTP/1.0" 404 286 "-" "msnbot/1.0 (+http://search.msn.com/msnbot.htm)"
207.46.98.145 - - [13/Dec/2005:22:20:33 -0800] "GET /creditcard.html HTTP/1.0" 404 292 "-" "msnbot/1.0 (+http://search.msn.com/msnbot.htm)"
207.46.98.145 - - [13/Dec/2005:22:20:33 -0800] "GET /debtconsolidationrates.html HTTP/1.0" 404 304 "-" "msnbot/1.0 (+http://search.msn.com/msnbot.htm)"
205.188.116.133 - - [13/Dec/2005:22:20:33 -0800] "GET /t/image.gif?admin_id=14&client_id=104&document_url=aHR0cDovL3d3dy5kZWJ0Y29uc29saWRhdGlvbmNhcmUuY29tL2ZvcnVtcy9hZm5pLWNvbGxlY3Rpb24uaHRtbA==&referer=aHR0cDovL3d3dy5kZWJ0Y29uc29saWRhdGlvbmNhcmUuY29tL2NvbGxlY3Rpb24tYWdlbmNpZXMvaW5kZXguaHRtbA==&add_data[]=resolution::800x600x16bit HTTP/1.0" 404 291 "http://www.debtconsolidationcare.com/forums/afni-collection.html" "Mozilla/4.0 (compatible; MSIE 6.0; AOL 9.0; Windows 98; PeoplePal 6.1)"
60.230.136.116 - - [13/Dec/2005:22:20:34 -0800] "GET /rss/bbs.xml HTTP/1.1" 404 291 "-" "Mozilla/4.0 (compatible; Google Desktop)"
205.188.117.66 - - [13/Dec/2005:22:20:40 -0800] "GET /t/image.gif?admin_id=14&client_id=104&document_url=aHR0cDovL3d3dy5kZWJ0Y29uc29saWRhdGlvbmNhcmUuY29tL2NvbGxlY3Rpb24tYWdlbmNpZXMvaW5kZXguaHRtbA==&referer=aHR0cDovL3d3dy5kZWJ0Y29uc29saWRhdGlvbmNhcmUuY29tL2ZvcnVtcy8=&add_data[]=resolution::800x600x16bit HTTP/1.1" 404 291 "http://www.debtconsolidationcare.com/collection-agencies/index.html" "Mozilla/4.0 (compatible; MSIE 6.0; AOL 9.0; Windows 98; PeoplePal 6.1)"
207.46.98.145 - - [13/Dec/2005:22:20:40 -0800] "GET /privacypolicy/ HTTP/1.0" 404 291 "-" "msnbot/1.0 (+http://search.msn.com/msnbot.htm)"
59.93.255.187 - - [13/Dec/2005:22:20:42 -0800] "GET /t/image.gif?admin_id=14&client_id=180&document_url=aHR0cDovL3d3dy5oZWRpci5jb20v&referer=&add_data[]=resolution::800x600x32bit HTTP/1.1" 404 291 "-" "Mozilla/5.0 (Windows; U; Windows NT 5.0; en-US; rv:1.7.8) Gecko/20050511 Firefox/1.0.4"
205.188.116.68 - - [13/Dec/2005:22:20:47 -0800] "GET /t/image.gif?admin_id=14&client_id=104&document_url=aHR0cDovL3d3dy5kZWJ0Y29uc29saWRhdGlvbmNhcmUuY29tL2ZvcnVtcy9uY28tZmluYW5jaWFsLmh0bWw=&referer=aHR0cDovL3d3dy5kZWJ0Y29uc29saWRhdGlvbmNhcmUuY29tL2NvbGxlY3Rpb24tYWdlbmNpZXMvaW5kZXguaHRtbA==&add_data[]=resolution::800x600x16bit HTTP/1.0" 404 291 "http://www.debtconsolidationcare.com/forums/nco-financial.html" "Mozilla/4.0 (compatible; MSIE 6.0; AOL 9.0; Windows 98; PeoplePal 6.1)"
59.93.255.187 - - [13/Dec/2005:22:20:51 -0800] "GET /t/image.gif?admin_id=14&client_id=180&document_url=aHR0cDovL3d3dy5oZWRpci5jb20vY29tcHV0ZXJzLmh0bWw=&referer=&add_data[]=resolution::800x600x32bit HTTP/1.1" 404 291 "-" "Mozilla/5.0 (Windows; U; Windows NT 5.0; en-US; rv:1.7.8) Gecko/20050511 Firefox/1.0.4"
65.24.91.150 - - [13/Dec/2005:22:20:55 -0800] "GET /t/image.gif?admin_id=266&client_id=199&document_url=aHR0cDovL3d3dy50eHNoaXJ0cy5jb20vcHJvZHVjdF96b29tLmFzcD9wcm9kdWN0bnVtYmVyPUNDLUJJTkdPJnJlZmVycmVyPXlhaG9vc2hvcHBpbmcmZ3RzZT15YWhv&referer=aHR0cDovL3Nob3BwaW5nLnlhaG9vLmNvbS9zZWFyY2g7X3lsdD1BbHJDT1dWRkNOMVpYdVF5NnI2YzFkSWJGdDBBO195bHU9WDNvRE1UQnROVEE1YTNScUJGOXpBekUwTkRnNU1URTFCSE5sWXdOelpXRnlZMmctP3A9YmluZ28rYmFnJmRpZD0=&add_data[]=resolution::1024x768x32bit HTTP/1.1" 404 291 "http://www.txshirts.com/product_zoom.asp?productnumber=CC-BINGO&referrer=yahooshopping&gtse=yaho" "Mozilla/4.0 (compatible; MSIE 6.0; Windows NT 5.1; .NET CLR 1.1.4322)"
202.108.23.80 - - [13/Dec/2005:22:57:44 -0800] "GET / HTTP/1.1" 200 548 "-" "Baiduspider+(+http://www.baidu.com/search/spider.htm)"
202.108.23.80 - - [13/Dec/2005:22:57:44 -0800] "GET /2005/12/ HTTP/1.1" 404 283 "-" "Baiduspider+(+http://www.baidu.com/search/spider.htm)"
202.108.23.80 - - [13/Dec/2005:22:57:47 -0800] "GET /xmlrpc.php?rsd HTTP/1.1" 404 285 "-" "Baiduspider+(+http://www.baidu.com/search/spider.htm)"
202.108.23.80 - - [13/Dec/2005:23:07:27 -0800] "GET /feed/rss/ HTTP/1.1" 404 284 "-" "Baiduspider+(+http://www.baidu.com/search/spider.htm)"
202.108.23.80 - - [13/Dec/2005:23:07:27 -0800] "GET /feed/atom/ HTTP/1.1" 404 285 "-" "Baiduspider+(+http://www.baidu.com/search/spider.htm)"
202.108.23.80 - - [13/Dec/2005:23:07:27 -0800] "GET /comments/feed/ HTTP/1.1" 404 289 "-" "Baiduspider+(+http://www.baidu.com/search/spider.htm)"
202.108.23.80 - - [13/Dec/2005:23:11:17 -0800] "GET /xmlrpc.php HTTP/1.1" 404 285 "-" "Baiduspider+(+http://www.baidu.com/search/spider.htm)"
202.108.23.80 - - [13/Dec/2005:23:11:17 -0800] "GET /feed/ HTTP/1.1" 404 280 "-" "Baiduspider+(+http://www.baidu.com/search/spider.htm)"
59.93.240.196 - - [14/Dec/2005:01:56:35 -0800] "GET / HTTP/1.0" 200 551 "-" "Mozilla/5.0 (Windows; U; Windows NT 5.0; en-US; rv:1.7.12) Gecko/20050915 Firefox/1.0.7"
59.93.240.196 - - [14/Dec/2005:01:56:36 -0800] "GET /icons/blank.gif HTTP/1.0" 200 148 "-" "Mozilla/5.0 (Windows; U; Windows NT 5.0; en-US; rv:1.7.12) Gecko/20050915 Firefox/1.0.7"
59.93.240.196 - - [14/Dec/2005:01:56:36 -0800] "GET /icons/folder.gif HTTP/1.0" 200 225 "-" "Mozilla/5.0 (Windows; U; Windows NT 5.0; en-US; rv:1.7.12) Gecko/20050915 Firefox/1.0.7"
59.93.240.196 - - [14/Dec/2005:01:56:37 -0800] "GET /favicon.ico HTTP/1.0" 404 289 "-" "Mozilla/5.0 (Windows; U; Windows NT 5.0; en-US; rv:1.7.12) Gecko/20050915 Firefox/1.0.7"
59.93.240.196 - - [14/Dec/2005:01:56:39 -0800] "GET /dbwa/ HTTP/1.0" 200 773 "-" "Mozilla/5.0 (Windows; U; Windows NT 5.0; en-US; rv:1.7.12) Gecko/20050915 Firefox/1.0.7"
59.93.240.196 - - [14/Dec/2005:01:56:40 -0800] "GET /icons/back.gif HTTP/1.0" 200 216 "-" "Mozilla/5.0 (Windows; U; Windows NT 5.0; en-US; rv:1.7.12) Gecko/20050915 Firefox/1.0.7"
59.93.240.196 - - [14/Dec/2005:01:56:42 -0800] "GET /dbwa/my/ HTTP/1.0" 401 970 "-" "Mozilla/5.0 (Windows; U; Windows NT 5.0; en-US; rv:1.7.12) Gecko/20050915 Firefox/1.0.7"
59.93.240.196 - DBUserVisitLab [14/Dec/2005:01:57:06 -0800] "GET /dbwa/my/ HTTP/1.0" 200 1695 "-" "Mozilla/5.0 (Windows; U; Windows NT 5.0; en-US; rv:1.7.12) Gecko/20050915 Firefox/1.0.7"
59.93.240.196 - - [14/Dec/2005:01:57:07 -0800] "GET /dbwa/my/libraries/querywindow.js HTTP/1.0" 200 6341 "-" "Mozilla/5.0 (Windows; U; Windows NT 5.0; en-US; rv:1.7.12) Gecko/20050915 Firefox/1.0.7"
59.93.240.196 - - [14/Dec/2005:01:57:07 -0800] "GET /dbwa/my/favicon.ico HTTP/1.0" 200 18902 "-" "Mozilla/5.0 (Windows; U; Windows NT 5.0; en-US; rv:1.7.12) Gecko/20050915 Firefox/1.0.7"
59.93.240.196 - DBUserVisitLab [14/Dec/2005:01:57:08 -0800] "GET /dbwa/my/left.php?lang=en-utf-8&server=1&collation_connection=utf8_general_ci HTTP/1.0" 200 7619 "-" "Mozilla/5.0 (Windows; U; Windows NT 5.0; en-US; rv:1.7.12) Gecko/20050915 Firefox/1.0.7"
59.93.240.196 - DBUserVisitLab [14/Dec/2005:01:57:09 -0800] "GET /dbwa/my/main.php?lang=en-utf-8&server=1&collation_connection=utf8_general_ci HTTP/1.0" 200 52966 "-" "Mozilla/5.0 (Windows; U; Windows NT 5.0; en-US; rv:1.7.12) Gecko/20050915 Firefox/1.0.7"
59.93.240.196 - DBUserVisitLab [14/Dec/2005:01:57:09 -0800] "GET /dbwa/my/css/phpmyadmin.css.php?lang=en-utf-8&server=1&collation_connection=utf8_general_ci&js_frame=left HTTP/1.0" 200 11829 "-" "Mozilla/5.0 (Windows; U; Windows NT 5.0; en-US; rv:1.7.12) Gecko/20050915 Firefox/1.0.7"
59.93.240.196 - DBUserVisitLab [14/Dec/2005:01:57:10 -0800] "GET /dbwa/my/css/phpmyadmin.css.php?lang=en-utf-8&server=1&collation_connection=utf8_general_ci&js_frame=right HTTP/1.0" 200 21538 "-" "Mozilla/5.0 (Windows; U; Windows NT 5.0; en-US; rv:1.7.12) Gecko/20050915 Firefox/1.0.7"
59.93.240.196 - - [14/Dec/2005:01:57:12 -0800] "GET /dbwa/my/themes/original/img/b_home.png HTTP/1.0" 200 370 "-" "Mozilla/5.0 (Windows; U; Windows NT 5.0; en-US; rv:1.7.12) Gecko/20050915 Firefox/1.0.7"
59.93.240.196 - - [14/Dec/2005:01:57:12 -0800] "GET /dbwa/my/themes/original/img/logo_left.png HTTP/1.0" 200 4424 "-" "Mozilla/5.0 (Windows; U; Windows NT 5.0; en-US; rv:1.7.12) Gecko/20050915 Firefox/1.0.7"
59.93.240.196 - - [14/Dec/2005:01:57:13 -0800] "GET /dbwa/my/themes/original/img/s_loggoff.png HTTP/1.0" 200 262 "-" "Mozilla/5.0 (Windows; U; Windows NT 5.0; en-US; rv:1.7.12) Gecko/20050915 Firefox/1.0.7"
59.93.240.196 - - [14/Dec/2005:01:57:13 -0800] "GET /dbwa/my/themes/original/img/b_selboard.png HTTP/1.0" 200 274 "-" "Mozilla/5.0 (Windows; U; Windows NT 5.0; en-US; rv:1.7.12) Gecko/20050915 Firefox/1.0.7"
59.93.240.196 - - [14/Dec/2005:01:57:13 -0800] "GET /dbwa/my/themes/original/img/b_docs.png HTTP/1.0" 200 292 "-" "Mozilla/5.0 (Windows; U; Windows NT 5.0; en-US; rv:1.7.12) Gecko/20050915 Firefox/1.0.7"
59.93.240.196 - - [14/Dec/2005:01:57:14 -0800] "GET /dbwa/my/themes/original/img/b_sqlhelp.png HTTP/1.0" 200 287 "-" "Mozilla/5.0 (Windows; U; Windows NT 5.0; en-US; rv:1.7.12) Gecko/20050915 Firefox/1.0.7"
59.93.240.196 - - [14/Dec/2005:01:57:14 -0800] "GET /dbwa/my/css/print.css?lang=en-utf-8&server=1&collation_connection=utf8_general_ci HTTP/1.0" 200 185 "-" "Mozilla/5.0 (Windows; U; Windows NT 5.0; en-US; rv:1.7.12) Gecko/20050915 Firefox/1.0.7"
59.93.240.196 - - [14/Dec/2005:01:57:15 -0800] "GET /dbwa/my/libraries/tooltip.js HTTP/1.0" 200 5171 "-" "Mozilla/5.0 (Windows; U; Windows NT 5.0; en-US; rv:1.7.12) Gecko/20050915 Firefox/1.0.7"
59.93.240.196 - - [14/Dec/2005:01:57:16 -0800] "GET /dbwa/my/themes/original/img/vertical_line.png HTTP/1.0" 200 83 "-" "Mozilla/5.0 (Windows; U; Windows NT 5.0; en-US; rv:1.7.12) Gecko/20050915 Firefox/1.0.7"
59.93.240.196 - - [14/Dec/2005:01:57:16 -0800] "GET /dbwa/my/themes/original/img/logo_right.png HTTP/1.0" 200 5658 "-" "Mozilla/5.0 (Windows; U; Windows NT 5.0; en-US; rv:1.7.12) Gecko/20050915 Firefox/1.0.7"
59.93.240.196 - - [14/Dec/2005:01:57:16 -0800] "GET /dbwa/my/themes/original/img/b_newdb.png HTTP/1.0" 200 408 "-" "Mozilla/5.0 (Windows; U; Windows NT 5.0; en-US; rv:1.7.12) Gecko/20050915 Firefox/1.0.7"
59.93.240.196 - - [14/Dec/2005:01:57:17 -0800] "GET /dbwa/my/themes/original/img/b_help.png HTTP/1.0" 200 229 "-" "Mozilla/5.0 (Windows; U; Windows NT 5.0; en-US; rv:1.7.12) Gecko/20050915 Firefox/1.0.7"
59.93.240.196 - - [14/Dec/2005:01:57:17 -0800] "GET /dbwa/my/themes/original/img/s_status.png HTTP/1.0" 200 313 "-" "Mozilla/5.0 (Windows; U; Windows NT 5.0; en-US; rv:1.7.12) Gecko/20050915 Firefox/1.0.7"
59.93.240.196 - - [14/Dec/2005:01:57:17 -0800] "GET /dbwa/my/themes/original/img/s_vars.png HTTP/1.0" 200 306 "-" "Mozilla/5.0 (Windows; U; Windows NT 5.0; en-US; rv:1.7.12) Gecko/20050915 Firefox/1.0.7"
59.93.240.196 - - [14/Dec/2005:01:57:18 -0800] "GET /dbwa/my/themes/original/img/s_process.png HTTP/1.0" 200 362 "-" "Mozilla/5.0 (Windows; U; Windows NT 5.0; en-US; rv:1.7.12) Gecko/20050915 Firefox/1.0.7"
59.93.240.196 - - [14/Dec/2005:01:57:19 -0800] "GET /dbwa/my/themes/original/img/s_asci.png HTTP/1.0" 200 254 "-" "Mozilla/5.0 (Windows; U; Windows NT 5.0; en-US; rv:1.7.12) Gecko/20050915 Firefox/1.0.7"
59.93.240.196 - - [14/Dec/2005:01:57:20 -0800] "GET /dbwa/my/themes/original/img/b_engine.png HTTP/1.0" 200 362 "-" "Mozilla/5.0 (Windows; U; Windows NT 5.0; en-US; rv:1.7.12) Gecko/20050915 Firefox/1.0.7"
59.93.240.196 - - [14/Dec/2005:01:57:23 -0800] "GET /dbwa/my/themes/original/img/s_db.png HTTP/1.0" 200 285 "-" "Mozilla/5.0 (Windows; U; Windows NT 5.0; en-US; rv:1.7.12) Gecko/20050915 Firefox/1.0.7"
59.93.240.196 - - [14/Dec/2005:01:57:31 -0800] "GET /dbwa/my/themes/original/img/b_export.png HTTP/1.0" 200 313 "-" "Mozilla/5.0 (Windows; U; Windows NT 5.0; en-US; rv:1.7.12) Gecko/20050915 Firefox/1.0.7"
59.93.196.190 - - [14/Dec/2005:01:57:32 -0800] "GET /dbwa/my/themes/original/img/b_info.png HTTP/1.0" 200 234 "-" "Mozilla/5.0 (Windows; U; Windows NT 5.0; en-US; rv:1.7.12) Gecko/20050915 Firefox/1.0.7"
59.93.196.190 - - [14/Dec/2005:01:57:34 -0800] "GET /dbwa/my/themes/original/img/s_lang.png HTTP/1.0" 200 422 "-" "Mozilla/5.0 (Windows; U; Windows NT 5.0; en-US; rv:1.7.12) Gecko/20050915 Firefox/1.0.7"
59.93.240.196 - - [14/Dec/2005:01:57:37 -0800] "GET /dbwa/my/themes/original/img/b_import.png HTTP/1.0" 200 310 "-" "Mozilla/5.0 (Windows; U; Windows NT 5.0; en-US; rv:1.7.12) Gecko/20050915 Firefox/1.0.7"
59.93.196.190 - DBUserVisitLab [14/Dec/2005:01:57:53 -0800] "GET /dbwa/my/ HTTP/1.0" 200 1695 "-" "Mozilla/5.0 (Windows; U; Windows NT 5.0; en-US; rv:1.7.12) Gecko/20050915 Firefox/1.0.7"
59.93.196.190 - DBUserVisitLab [14/Dec/2005:01:57:55 -0800] "GET /dbwa/my/main.php?lang=en-utf-8&server=1&collation_connection=utf8_general_ci HTTP/1.0" 200 52966 "-" "Mozilla/5.0 (Windows; U; Windows NT 5.0; en-US; rv:1.7.12) Gecko/20050915 Firefox/1.0.7"
59.93.196.190 - DBUserVisitLab [14/Dec/2005:01:57:57 -0800] "GET /dbwa/my/css/phpmyadmin.css.php?lang=en-utf-8&server=1&collation_connection=utf8_general_ci&js_frame=right HTTP/1.0" 200 21538 "-" "Mozilla/5.0 (Windows; U; Windows NT 5.0; en-US; rv:1.7.12) Gecko/20050915 Firefox/1.0.7"
59.93.196.190 - DBUserVisitLab [14/Dec/2005:01:57:55 -0800] "GET /dbwa/my/left.php?lang=en-utf-8&server=1&collation_connection=utf8_general_ci HTTP/1.0" 200 7619 "-" "Mozilla/5.0 (Windows; U; Windows NT 5.0; en-US; rv:1.7.12) Gecko/20050915 Firefox/1.0.7"
59.93.196.190 - - [14/Dec/2005:01:58:03 -0800] "GET /dbwa/my/themes/original/img/s_lang.png HTTP/1.0" 200 422 "-" "Mozilla/5.0 (Windows; U; Windows NT 5.0; en-US; rv:1.7.12) Gecko/20050915 Firefox/1.0.7"
59.93.196.190 - - [14/Dec/2005:01:58:05 -0800] "GET /dbwa/my/themes/original/img/s_theme.png HTTP/1.0" 200 737 "-" "Mozilla/5.0 (Windows; U; Windows NT 5.0; en-US; rv:1.7.12) Gecko/20050915 Firefox/1.0.7"
59.93.196.190 - - [14/Dec/2005:01:58:06 -0800] "GET /dbwa/my/themes/original/img/b_import.png HTTP/1.0" 200 310 "-" "Mozilla/5.0 (Windows; U; Windows NT 5.0; en-US; rv:1.7.12) Gecko/20050915 Firefox/1.0.7"
59.93.196.190 - DBUserVisitLab [14/Dec/2005:01:58:07 -0800] "GET /dbwa/my/css/phpmyadmin.css.php?lang=en-utf-8&server=1&collation_connection=utf8_general_ci&js_frame=left HTTP/1.0" 200 11829 "-" "Mozilla/5.0 (Windows; U; Windows NT 5.0; en-US; rv:1.7.12) Gecko/20050915 Firefox/1.0.7"
59.93.240.196 - - [14/Dec/2005:02:04:15 -0800] "GET / HTTP/1.0" 200 551 "-" "Mozilla/5.0 (Windows; U; Windows NT 5.0; en-US; rv:1.7.10) Gecko/20050716 Firefox/1.0.6"
59.93.240.196 - - [14/Dec/2005:02:04:16 -0800] "GET /favicon.ico HTTP/1.0" 404 289 "-" "Mozilla/5.0 (Windows; U; Windows NT 5.0; en-US; rv:1.7.10) Gecko/20050716 Firefox/1.0.6"
59.93.240.196 - - [14/Dec/2005:02:04:22 -0800] "GET /dbwa/ HTTP/1.0" 200 773 "http://216.93.180.196/" "Mozilla/5.0 (Windows; U; Windows NT 5.0; en-US; rv:1.7.10) Gecko/20050716 Firefox/1.0.6"
59.93.240.196 - - [14/Dec/2005:02:04:25 -0800] "GET /dbwa/my/ HTTP/1.0" 401 970 "http://216.93.180.196/dbwa/" "Mozilla/5.0 (Windows; U; Windows NT 5.0; en-US; rv:1.7.10) Gecko/20050716 Firefox/1.0.6"
59.93.240.196 - DBUserVisitLab [14/Dec/2005:02:04:48 -0800] "GET /dbwa/my/ HTTP/1.0" 200 1695 "http://216.93.180.196/dbwa/" "Mozilla/5.0 (Windows; U; Windows NT 5.0; en-US; rv:1.7.10) Gecko/20050716 Firefox/1.0.6"
59.93.240.196 - - [14/Dec/2005:02:04:49 -0800] "GET /dbwa/my/favicon.ico HTTP/1.0" 200 18902 "-" "Mozilla/5.0 (Windows; U; Windows NT 5.0; en-US; rv:1.7.10) Gecko/20050716 Firefox/1.0.6"
59.93.240.196 - - [14/Dec/2005:02:04:52 -0800] "GET /dbwa/my/libraries/querywindow.js HTTP/1.0" 200 6341 "http://216.93.180.196/dbwa/my/" "Mozilla/5.0 (Windows; U; Windows NT 5.0; en-US; rv:1.7.10) Gecko/20050716 Firefox/1.0.6"
59.93.240.196 - DBUserVisitLab [14/Dec/2005:02:04:56 -0800] "GET /dbwa/my/main.php?lang=en-utf-8&server=1&collation_connection=utf8_general_ci HTTP/1.0" 200 52966 "http://216.93.180.196/dbwa/my/" "Mozilla/5.0 (Windows; U; Windows NT 5.0; en-US; rv:1.7.10) Gecko/20050716 Firefox/1.0.6"
59.93.240.196 - DBUserVisitLab [14/Dec/2005:02:04:56 -0800] "GET /dbwa/my/left.php?lang=en-utf-8&server=1&collation_connection=utf8_general_ci HTTP/1.0" 200 7619 "http://216.93.180.196/dbwa/my/" "Mozilla/5.0 (Windows; U; Windows NT 5.0; en-US; rv:1.7.10) Gecko/20050716 Firefox/1.0.6"
59.93.240.196 - DBUserVisitLab [14/Dec/2005:02:04:57 -0800] "GET /dbwa/my/css/phpmyadmin.css.php?lang=en-utf-8&server=1&collation_connection=utf8_general_ci&js_frame=right HTTP/1.0" 200 21538 "http://216.93.180.196/dbwa/my/main.php?lang=en-utf-8&server=1&collation_connection=utf8_general_ci" "Mozilla/5.0 (Windows; U; Windows NT 5.0; en-US; rv:1.7.10) Gecko/20050716 Firefox/1.0.6"
59.93.240.196 - DBUserVisitLab [14/Dec/2005:02:04:58 -0800] "GET /dbwa/my/css/phpmyadmin.css.php?lang=en-utf-8&server=1&collation_connection=utf8_general_ci&js_frame=left HTTP/1.0" 200 11829 "http://216.93.180.196/dbwa/my/left.php?lang=en-utf-8&server=1&collation_connection=utf8_general_ci" "Mozilla/5.0 (Windows; U; Windows NT 5.0; en-US; rv:1.7.10) Gecko/20050716 Firefox/1.0.6"
59.93.240.196 - - [14/Dec/2005:02:04:59 -0800] "GET /dbwa/my/css/print.css?lang=en-utf-8&server=1&collation_connection=utf8_general_ci HTTP/1.0" 200 185 "http://216.93.180.196/dbwa/my/main.php?lang=en-utf-8&server=1&collation_connection=utf8_general_ci" "Mozilla/5.0 (Windows; U; Windows NT 5.0; en-US; rv:1.7.10) Gecko/20050716 Firefox/1.0.6"
59.93.240.196 - - [14/Dec/2005:02:05:00 -0800] "GET /dbwa/my/themes/original/img/logo_left.png HTTP/1.0" 200 4424 "http://216.93.180.196/dbwa/my/left.php?lang=en-utf-8&server=1&collation_connection=utf8_general_ci" "Mozilla/5.0 (Windows; U; Windows NT 5.0; en-US; rv:1.7.10) Gecko/20050716 Firefox/1.0.6"
59.93.240.196 - - [14/Dec/2005:02:05:00 -0800] "GET /dbwa/my/themes/original/img/b_home.png HTTP/1.0" 200 370 "http://216.93.180.196/dbwa/my/left.php?lang=en-utf-8&server=1&collation_connection=utf8_general_ci" "Mozilla/5.0 (Windows; U; Windows NT 5.0; en-US; rv:1.7.10) Gecko/20050716 Firefox/1.0.6"
59.93.240.196 - - [14/Dec/2005:02:05:01 -0800] "GET /dbwa/my/themes/original/img/b_selboard.png HTTP/1.0" 200 274 "http://216.93.180.196/dbwa/my/left.php?lang=en-utf-8&server=1&collation_connection=utf8_general_ci" "Mozilla/5.0 (Windows; U; Windows NT 5.0; en-US; rv:1.7.10) Gecko/20050716 Firefox/1.0.6"
59.93.240.196 - - [14/Dec/2005:02:05:01 -0800] "GET /dbwa/my/themes/original/img/s_loggoff.png HTTP/1.0" 200 262 "http://216.93.180.196/dbwa/my/left.php?lang=en-utf-8&server=1&collation_connection=utf8_general_ci" "Mozilla/5.0 (Windows; U; Windows NT 5.0; en-US; rv:1.7.10) Gecko/20050716 Firefox/1.0.6"
59.93.240.196 - - [14/Dec/2005:02:05:02 -0800] "GET /dbwa/my/themes/original/img/b_docs.png HTTP/1.0" 200 292 "http://216.93.180.196/dbwa/my/left.php?lang=en-utf-8&server=1&collation_connection=utf8_general_ci" "Mozilla/5.0 (Windows; U; Windows NT 5.0; en-US; rv:1.7.10) Gecko/20050716 Firefox/1.0.6"
59.93.240.196 - - [14/Dec/2005:02:05:02 -0800] "GET /dbwa/my/themes/original/img/b_sqlhelp.png HTTP/1.0" 200 287 "http://216.93.180.196/dbwa/my/left.php?lang=en-utf-8&server=1&collation_connection=utf8_general_ci" "Mozilla/5.0 (Windows; U; Windows NT 5.0; en-US; rv:1.7.10) Gecko/20050716 Firefox/1.0.6"
59.93.240.196 - - [14/Dec/2005:02:05:03 -0800] "GET /dbwa/my/libraries/tooltip.js HTTP/1.0" 200 5171 "http://216.93.180.196/dbwa/my/main.php?lang=en-utf-8&server=1&collation_connection=utf8_general_ci" "Mozilla/5.0 (Windows; U; Windows NT 5.0; en-US; rv:1.7.10) Gecko/20050716 Firefox/1.0.6"
59.93.240.196 - - [14/Dec/2005:02:05:03 -0800] "GET /dbwa/my/themes/original/img/vertical_line.png HTTP/1.0" 200 83 "http://216.93.180.196/dbwa/my/main.php?lang=en-utf-8&server=1&collation_connection=utf8_general_ci" "Mozilla/5.0 (Windows; U; Windows NT 5.0; en-US; rv:1.7.10) Gecko/20050716 Firefox/1.0.6"
59.93.240.196 - - [14/Dec/2005:02:05:04 -0800] "GET /dbwa/my/themes/original/img/logo_right.png HTTP/1.0" 200 5658 "http://216.93.180.196/dbwa/my/main.php?lang=en-utf-8&server=1&collation_connection=utf8_general_ci" "Mozilla/5.0 (Windows; U; Windows NT 5.0; en-US; rv:1.7.10) Gecko/20050716 Firefox/1.0.6"
59.93.240.196 - - [14/Dec/2005:02:05:04 -0800] "GET /dbwa/my/themes/original/img/b_newdb.png HTTP/1.0" 200 408 "http://216.93.180.196/dbwa/my/main.php?lang=en-utf-8&server=1&collation_connection=utf8_general_ci" "Mozilla/5.0 (Windows; U; Windows NT 5.0; en-US; rv:1.7.10) Gecko/20050716 Firefox/1.0.6"
59.93.240.196 - - [14/Dec/2005:02:05:05 -0800] "GET /dbwa/my/themes/original/img/b_help.png HTTP/1.0" 200 229 "http://216.93.180.196/dbwa/my/main.php?lang=en-utf-8&server=1&collation_connection=utf8_general_ci" "Mozilla/5.0 (Windows; U; Windows NT 5.0; en-US; rv:1.7.10) Gecko/20050716 Firefox/1.0.6"
59.93.240.196 - - [14/Dec/2005:02:05:05 -0800] "GET /dbwa/my/themes/original/img/s_status.png HTTP/1.0" 200 313 "http://216.93.180.196/dbwa/my/main.php?lang=en-utf-8&server=1&collation_connection=utf8_general_ci" "Mozilla/5.0 (Windows; U; Windows NT 5.0; en-US; rv:1.7.10) Gecko/20050716 Firefox/1.0.6"
59.93.240.196 - - [14/Dec/2005:02:05:05 -0800] "GET /dbwa/my/themes/original/img/s_process.png HTTP/1.0" 200 362 "http://216.93.180.196/dbwa/my/main.php?lang=en-utf-8&server=1&collation_connection=utf8_general_ci" "Mozilla/5.0 (Windows; U; Windows NT 5.0; en-US; rv:1.7.10) Gecko/20050716 Firefox/1.0.6"
59.93.240.196 - - [14/Dec/2005:02:05:06 -0800] "GET /dbwa/my/themes/original/img/s_asci.png HTTP/1.0" 200 254 "http://216.93.180.196/dbwa/my/main.php?lang=en-utf-8&server=1&collation_connection=utf8_general_ci" "Mozilla/5.0 (Windows; U; Windows NT 5.0; en-US; rv:1.7.10) Gecko/20050716 Firefox/1.0.6"
59.93.240.196 - - [14/Dec/2005:02:05:07 -0800] "GET /dbwa/my/themes/original/img/b_engine.png HTTP/1.0" 200 362 "http://216.93.180.196/dbwa/my/main.php?lang=en-utf-8&server=1&collation_connection=utf8_general_ci" "Mozilla/5.0 (Windows; U; Windows NT 5.0; en-US; rv:1.7.10) Gecko/20050716 Firefox/1.0.6"
59.93.240.196 - - [14/Dec/2005:02:05:07 -0800] "GET /dbwa/my/themes/original/img/s_db.png HTTP/1.0" 200 285 "http://216.93.180.196/dbwa/my/main.php?lang=en-utf-8&server=1&collation_connection=utf8_general_ci" "Mozilla/5.0 (Windows; U; Windows NT 5.0; en-US; rv:1.7.10) Gecko/20050716 Firefox/1.0.6"
59.93.240.196 - - [14/Dec/2005:02:05:08 -0800] "GET /dbwa/my/themes/original/img/b_export.png HTTP/1.0" 200 313 "http://216.93.180.196/dbwa/my/main.php?lang=en-utf-8&server=1&collation_connection=utf8_general_ci" "Mozilla/5.0 (Windows; U; Windows NT 5.0; en-US; rv:1.7.10) Gecko/20050716 Firefox/1.0.6"
59.93.240.196 - - [14/Dec/2005:02:05:08 -0800] "GET /dbwa/my/themes/original/img/s_vars.png HTTP/1.0" 200 306 "http://216.93.180.196/dbwa/my/main.php?lang=en-utf-8&server=1&collation_connection=utf8_general_ci" "Mozilla/5.0 (Windows; U; Windows NT 5.0; en-US; rv:1.7.10) Gecko/20050716 Firefox/1.0.6"
59.93.240.196 - - [14/Dec/2005:02:05:09 -0800] "GET /dbwa/my/themes/original/img/b_import.png HTTP/1.0" 200 310 "http://216.93.180.196/dbwa/my/main.php?lang=en-utf-8&server=1&collation_connection=utf8_general_ci" "Mozilla/5.0 (Windows; U; Windows NT 5.0; en-US; rv:1.7.10) Gecko/20050716 Firefox/1.0.6"
59.93.240.196 - - [14/Dec/2005:02:05:09 -0800] "GET /dbwa/my/themes/original/img/b_info.png HTTP/1.0" 200 234 "http://216.93.180.196/dbwa/my/main.php?lang=en-utf-8&server=1&collation_connection=utf8_general_ci" "Mozilla/5.0 (Windows; U; Windows NT 5.0; en-US; rv:1.7.10) Gecko/20050716 Firefox/1.0.6"
59.93.240.196 - - [14/Dec/2005:02:05:09 -0800] "GET /dbwa/my/themes/original/img/s_lang.png HTTP/1.0" 200 422 "http://216.93.180.196/dbwa/my/main.php?lang=en-utf-8&server=1&collation_connection=utf8_general_ci" "Mozilla/5.0 (Windows; U; Windows NT 5.0; en-US; rv:1.7.10) Gecko/20050716 Firefox/1.0.6"
59.93.240.196 - - [14/Dec/2005:02:05:10 -0800] "GET /dbwa/my/themes/original/img/s_theme.png HTTP/1.0" 200 737 "http://216.93.180.196/dbwa/my/main.php?lang=en-utf-8&server=1&collation_connection=utf8_general_ci" "Mozilla/5.0 (Windows; U; Windows NT 5.0; en-US; rv:1.7.10) Gecko/20050716 Firefox/1.0.6"
